--------------------------------------------------------------------------------------------------------------------------------------------------------------
      name:  <unnamed>
       log:  /srv/sandbox/zavecz/dropbox_encrypted/darthmouth/expat-analysis//output/est_attgt_IK.log
  log type:  text
 opened on:  24 Jun 2021, 18:22:41

. 
. use "`here'/temp/analysis_sample.dta"

. 
. *attgt exporter lnQL if inrange(year, 1992, 2004) & ever_foreign, treatment(has_expat_ceo ) aggregate(e) pre(2) post(3) reps(20)
. *matrix list e(b)
. *esttab
. 
. *foreach var in exporter lnQL {
. *       attgt `var' if inrange(year, 1992, 2004) & ever_foreign, treatment(has_expat_ceo ) aggregate(e) pre(2) post(3) reps(20)
. *       matrix list e(b)
. *       esttab
. *}
. 
. rename ever_foreign ef

. rename ever_foreign_hire efh

. rename has_expat_ceo has_expat

. 
. gen lnIK = ln(immat_18)
(139,036 missing values generated)

. 
. foreach sample in ef efh {
  2.         foreach var in foreign foreign_hire has_expat {
  3.                 *eststo: attgt exporter lnQL if inrange(year, 1992, 2004) & ever_foreign, treatment(`var') aggregate(e) pre(2) post(3) reps(20)
.                 *attgt exporter lnQL if inrange(year, 1992, 2004) & ever_foreign, treatment(`var') aggregate(e) pre(2) post(3) reps(20)
.                 attgt lnIK if `sample', treatment(`var') aggregate(e) pre(4) post(4) reps(20) notyet
  4.                 count if e(sample) == 1
  5.                 eststo model_`sample'`var', title("`sample' `var'")
  6.                 *matrix list e(b)
.         }
  7. 
.         *esttab model_`sample'* using "`here'/output/table_`sample'_attgt.tex", mtitle title("`sample'") b(3) se(3) replace
.         *esttab model_`sample'* using "`here'/output/table_`sample'_attgt.txt", mtitle title("`sample'") b(3) se(3) replace
. }
       panel variable:  frame_id_numeric (unbalanced)
        time variable:  year, 1985 to 2018, but with gaps
                delta:  1 unit
Generating weights...
Estimating lnIK: event_m4
Estimating lnIK: event_m3
Estimating lnIK: event_m2
Estimating lnIK: event_m1
Estimating lnIK: event_1
Estimating lnIK: event_2
Estimating lnIK: event_3
Estimating lnIK: event_4
Callaway Sant'Anna (2021)
------------------------------------------------------------------------------
             |      Coef.   Std. Err.      z    P>|z|     [95% Conf. Interval]
-------------+----------------------------------------------------------------
lnIK         |
    event_m4 |  -.8331621   .2305996    -3.61   0.000    -1.285129   -.3811952
    event_m3 |  -.6335269   .1899306    -3.34   0.001    -1.005784   -.2612697
    event_m2 |  -.5586051   .2087044    -2.68   0.007    -.9676582    -.149552
    event_m1 |  -.2447268   .1334981    -1.83   0.067    -.5063784    .0169247
     event_1 |   1.533606   .1254428    12.23   0.000     1.287743     1.77947
     event_2 |    1.74707   .3334605     5.24   0.000     1.093499     2.40064
     event_3 |   1.411728   .4019259     3.51   0.000     .6239673    2.199488
     event_4 |    1.36739   .2784041     4.91   0.000     .8217283    1.913052
------------------------------------------------------------------------------
  0
       panel variable:  frame_id_numeric (unbalanced)
        time variable:  year, 1985 to 2018, but with gaps
                delta:  1 unit
Generating weights...
Estimating lnIK: event_m4
Estimating lnIK: event_m3
Estimating lnIK: event_m2
Estimating lnIK: event_m1
Estimating lnIK: event_1
Estimating lnIK: event_2
Estimating lnIK: event_3
Estimating lnIK: event_4
Callaway Sant'Anna (2021)
------------------------------------------------------------------------------
             |      Coef.   Std. Err.      z    P>|z|     [95% Conf. Interval]
-------------+----------------------------------------------------------------
lnIK         |
    event_m4 |  -.2461346   .1779454    -1.38   0.167    -.5949012     .102632
    event_m3 |  -.2802569   .1413525    -1.98   0.047    -.5573028   -.0032111
    event_m2 |  -.3406814   .1554214    -2.19   0.028    -.6453018    -.036061
    event_m1 |  -.1067275   .1275228    -0.84   0.403    -.3566676    .1432127
     event_1 |   1.143349   .0865739    13.21   0.000     .9736669     1.31303
     event_2 |   1.017804   .1431687     7.11   0.000     .7371987     1.29841
     event_3 |   .6900062   .1822956     3.79   0.000     .3327133    1.047299
     event_4 |   .6909191   .2723529     2.54   0.011     .1571173    1.224721
------------------------------------------------------------------------------
  0
       panel variable:  frame_id_numeric (unbalanced)
        time variable:  year, 1985 to 2018, but with gaps
                delta:  1 unit
Generating weights...
Estimating lnIK: event_m4
Estimating lnIK: event_m3
Estimating lnIK: event_m2
Estimating lnIK: event_m1
Estimating lnIK: event_1
Estimating lnIK: event_2
Estimating lnIK: event_3
Estimating lnIK: event_4
Callaway Sant'Anna (2021)
------------------------------------------------------------------------------
             |      Coef.   Std. Err.      z    P>|z|     [95% Conf. Interval]
-------------+----------------------------------------------------------------
lnIK         |
    event_m4 |   .1071908   .3330033     0.32   0.748    -.5454837    .7598652
    event_m3 |  -.1315393   .2864879    -0.46   0.646    -.6930452    .4299666
    event_m2 |  -.1570877   .2822231    -0.56   0.578    -.7102348    .3960593
    event_m1 |   .0034385   .1976963     0.02   0.986    -.3840392    .3909162
     event_1 |   1.731301   .1366441    12.67   0.000     1.463483    1.999118
     event_2 |   1.734106   .1845394     9.40   0.000     1.372416    2.095797
     event_3 |   1.208486   .1834859     6.59   0.000     .8488603    1.568112
     event_4 |   .9833733   .3208084     3.07   0.002     .3546004    1.612146
------------------------------------------------------------------------------
  0
       panel variable:  frame_id_numeric (unbalanced)
        time variable:  year, 1985 to 2018, but with gaps
                delta:  1 unit
Generating weights...
Estimating lnIK: event_m4
Estimating lnIK: event_m3
Estimating lnIK: event_m2
Estimating lnIK: event_m1
Estimating lnIK: event_1
Estimating lnIK: event_2
Estimating lnIK: event_3
Estimating lnIK: event_4
Callaway Sant'Anna (2021)
------------------------------------------------------------------------------
             |      Coef.   Std. Err.      z    P>|z|     [95% Conf. Interval]
-------------+----------------------------------------------------------------
lnIK         |
    event_m4 |  -.5245975   .3302426    -1.59   0.112    -1.171861    .1226662
    event_m3 |  -.5523546   .3056866    -1.81   0.071    -1.151489    .0467802
    event_m2 |  -.5936083   .2097124    -2.83   0.005    -1.004637   -.1825795
    event_m1 |  -.1872865   .1567741    -1.19   0.232     -.494558     .119985
     event_1 |   1.738548   .1607655    10.81   0.000     1.423454    2.053643
     event_2 |   1.943166   .3630591     5.35   0.000     1.231583    2.654748
     event_3 |   1.649901   .3717298     4.44   0.000     .9213243    2.378478
     event_4 |   1.593162   .3207573     4.97   0.000     .9644896    2.221835
------------------------------------------------------------------------------
  0
       panel variable:  frame_id_numeric (unbalanced)
        time variable:  year, 1985 to 2018, but with gaps
                delta:  1 unit
Generating weights...
Estimating lnIK: event_m4
Estimating lnIK: event_m3
Estimating lnIK: event_m2
Estimating lnIK: event_m1
Estimating lnIK: event_1
Estimating lnIK: event_2
Estimating lnIK: event_3
Estimating lnIK: event_4
Callaway Sant'Anna (2021)
------------------------------------------------------------------------------
             |      Coef.   Std. Err.      z    P>|z|     [95% Conf. Interval]
-------------+----------------------------------------------------------------
lnIK         |
    event_m4 |  -.5786737   .3535904    -1.64   0.102    -1.271698    .1143507
    event_m3 |  -.5303718    .191828    -2.76   0.006    -.9063478   -.1543957
    event_m2 |  -.6042596   .1988948    -3.04   0.002    -.9940862    -.214433
    event_m1 |  -.2928245   .1642428    -1.78   0.075    -.6147345    .0290854
     event_1 |   1.599265   .2973573     5.38   0.000     1.016456    2.182075
     event_2 |   1.584078   .3763294     4.21   0.000     .8464862     2.32167
     event_3 |   1.160625   .2758641     4.21   0.000     .6199418    1.701309
     event_4 |   1.198471    .313726     3.82   0.000      .583579    1.813362
------------------------------------------------------------------------------
  0
       panel variable:  frame_id_numeric (unbalanced)
        time variable:  year, 1985 to 2018, but with gaps
                delta:  1 unit
Generating weights...
Estimating lnIK: event_m4
Estimating lnIK: event_m3
Estimating lnIK: event_m2
Estimating lnIK: event_m1
Estimating lnIK: event_1
Estimating lnIK: event_2
Estimating lnIK: event_3
Estimating lnIK: event_4
Callaway Sant'Anna (2021)
------------------------------------------------------------------------------
             |      Coef.   Std. Err.      z    P>|z|     [95% Conf. Interval]
-------------+----------------------------------------------------------------
lnIK         |
    event_m4 |   .0269174    .341577     0.08   0.937    -.6425612    .6963961
    event_m3 |  -.2016188   .2817627    -0.72   0.474    -.7538636     .350626
    event_m2 |  -.2074314   .2848295    -0.73   0.466     -.765687    .3508242
    event_m1 |  -.0160322   .1970764    -0.08   0.935    -.4022948    .3702305
     event_1 |   1.766062   .1394818    12.66   0.000     1.492683    2.039441
     event_2 |   1.784963   .1818213     9.82   0.000       1.4286    2.141326
     event_3 |   1.274604   .1752915     7.27   0.000     .9310391    1.618169
     event_4 |    1.04818   .3076966     3.41   0.001     .4451055    1.651254
------------------------------------------------------------------------------
  0

. 
. esttab model* using "`here'/output/table_attgt_IK.tex", mtitle b(3) se(3) replace
(note: file /srv/sandbox/zavecz/dropbox_encrypted/darthmouth/expat-analysis//output/table_attgt_IK.tex not found)
(output written to /srv/sandbox/zavecz/dropbox_encrypted/darthmouth/expat-analysis//output/table_attgt_IK.tex)

. esttab model* using "`here'/output/table_attgt_IK.txt", mtitle b(3) se(3) replace
(note: file /srv/sandbox/zavecz/dropbox_encrypted/darthmouth/expat-analysis//output/table_attgt_IK.txt not found)
(output written to /srv/sandbox/zavecz/dropbox_encrypted/darthmouth/expat-analysis//output/table_attgt_IK.txt)

. 
. log close
      name:  <unnamed>
       log:  /srv/sandbox/zavecz/dropbox_encrypted/darthmouth/expat-analysis//output/est_attgt_IK.log
  log type:  text
 closed on:  24 Jun 2021, 19:17:45
--------------------------------------------------------------------------------------------------------------------------------------------------------------
