--------------------------------------------------------------------------------------------------------------------------------------------------------------
      name:  <unnamed>
       log:  /srv/sandbox/zavecz/dropbox_encrypted/darthmouth/expat-analysis//output/est_attgt_exporter.log
  log type:  text
 opened on:  24 Jun 2021, 20:57:34

. 
. use "`here'/temp/analysis_sample.dta"

. 
. *attgt exporter lnQL if inrange(year, 1992, 2004) & ever_foreign, treatment(has_expat_ceo ) aggregate(e) pre(2) post(3) reps(20)
. *matrix list e(b)
. *esttab
. 
. *foreach var in exporter lnQL {
. *       attgt `var' if inrange(year, 1992, 2004) & ever_foreign, treatment(has_expat_ceo ) aggregate(e) pre(2) post(3) reps(20)
. *       matrix list e(b)
. *       esttab
. *}
. 
. rename ever_foreign ef

. rename ever_foreign_hire efh

. rename has_expat_ceo has_expat

. 
. foreach sample in ef efh {
  2.         foreach var in foreign foreign_hire has_expat {
  3.                 *eststo: attgt exporter lnQL if inrange(year, 1992, 2004) & ever_foreign, treatment(`var') aggregate(e) pre(2) post(3) reps(20)
.                 *attgt exporter lnQL if inrange(year, 1992, 2004) & ever_foreign, treatment(`var') aggregate(e) pre(2) post(3) reps(20)
.                 attgt exporter if `sample', treatment(`var') aggregate(e) pre(4) post(4) reps(20) notyet
  4.                 count if e(sample) == 1
  5.                 eststo model_`sample'`var', title("`sample' `var'")
  6.                 *matrix list e(b)
.         }
  7. 
.         *esttab model_`sample'* using "`here'/output/table_`sample'_attgt.tex", mtitle title("`sample'") b(3) se(3) replace
.         *esttab model_`sample'* using "`here'/output/table_`sample'_attgt.txt", mtitle title("`sample'") b(3) se(3) replace
. }
       panel variable:  frame_id_numeric (unbalanced)
        time variable:  year, 1985 to 2018, but with gaps
                delta:  1 unit
Generating weights...
Estimating exporter: event_m4
Estimating exporter: event_m3
Estimating exporter: event_m2
Estimating exporter: event_m1
Estimating exporter: event_1
Estimating exporter: event_2
Estimating exporter: event_3
Estimating exporter: event_4
Callaway Sant'Anna (2021)
------------------------------------------------------------------------------
             |      Coef.   Std. Err.      z    P>|z|     [95% Conf. Interval]
-------------+----------------------------------------------------------------
exporter     |
    event_m4 |  -.0212942   .0167848    -1.27   0.205    -.0541918    .0116033
    event_m3 |   .0082952   .0167244     0.50   0.620    -.0244841    .0410745
    event_m2 |   .0034432   .0149232     0.23   0.818    -.0258058    .0326922
    event_m1 |  -.0166141   .0085524    -1.94   0.052    -.0333765    .0001484
     event_1 |   .0231704   .0086021     2.69   0.007     .0063105    .0400303
     event_2 |   .0190279   .0110384     1.72   0.085     -.002607    .0406628
     event_3 |   .0282746   .0171104     1.65   0.098    -.0052612    .0618104
     event_4 |   .0277561    .014207     1.95   0.051     -.000089    .0556012
------------------------------------------------------------------------------
  0
       panel variable:  frame_id_numeric (unbalanced)
        time variable:  year, 1985 to 2018, but with gaps
                delta:  1 unit
Generating weights...
Estimating exporter: event_m4
Estimating exporter: event_m3
Estimating exporter: event_m2
Estimating exporter: event_m1
Estimating exporter: event_1
Estimating exporter: event_2
Estimating exporter: event_3
Estimating exporter: event_4
Callaway Sant'Anna (2021)
------------------------------------------------------------------------------
             |      Coef.   Std. Err.      z    P>|z|     [95% Conf. Interval]
-------------+----------------------------------------------------------------
exporter     |
    event_m4 |  -.0329972   .0221714    -1.49   0.137    -.0764523     .010458
    event_m3 |  -.0157268   .0157237    -1.00   0.317    -.0465446     .015091
    event_m2 |  -.0275687   .0127287    -2.17   0.030    -.0525165   -.0026208
    event_m1 |  -.0033451   .0091448    -0.37   0.715    -.0212686    .0145784
     event_1 |   .0118804   .0093553     1.27   0.204    -.0064557    .0302164
     event_2 |   .0098452   .0137508     0.72   0.474    -.0171059    .0367962
     event_3 |     .02571   .0134592     1.91   0.056    -.0006696    .0520896
     event_4 |   .0328118    .014227     2.31   0.021     .0049274    .0606961
------------------------------------------------------------------------------
  0
       panel variable:  frame_id_numeric (unbalanced)
        time variable:  year, 1985 to 2018, but with gaps
                delta:  1 unit
Generating weights...
Estimating exporter: event_m4
Estimating exporter: event_m3
Estimating exporter: event_m2
Estimating exporter: event_m1
Estimating exporter: event_1
Estimating exporter: event_2
Estimating exporter: event_3
Estimating exporter: event_4
Callaway Sant'Anna (2021)
------------------------------------------------------------------------------
             |      Coef.   Std. Err.      z    P>|z|     [95% Conf. Interval]
-------------+----------------------------------------------------------------
exporter     |
    event_m4 |  -.0249176   .0319637    -0.78   0.436    -.0875653    .0377302
    event_m3 |   .0083368   .0258185     0.32   0.747    -.0422666    .0589402
    event_m2 |  -.0179719   .0227528    -0.79   0.430    -.0625665    .0266227
    event_m1 |   .0046972    .016919     0.28   0.781    -.0284635    .0378578
     event_1 |   .0398314   .0135298     2.94   0.003     .0133135    .0663493
     event_2 |   .0358941   .0165926     2.16   0.031     .0033732    .0684149
     event_3 |   .0361188   .0214868     1.68   0.093    -.0059946    .0782323
     event_4 |   .0522581   .0202775     2.58   0.010     .0125149    .0920013
------------------------------------------------------------------------------
  0
       panel variable:  frame_id_numeric (unbalanced)
        time variable:  year, 1985 to 2018, but with gaps
                delta:  1 unit
Generating weights...
Estimating exporter: event_m4
Estimating exporter: event_m3
Estimating exporter: event_m2
Estimating exporter: event_m1
Estimating exporter: event_1
Estimating exporter: event_2
Estimating exporter: event_3
Estimating exporter: event_4
Callaway Sant'Anna (2021)
------------------------------------------------------------------------------
             |      Coef.   Std. Err.      z    P>|z|     [95% Conf. Interval]
-------------+----------------------------------------------------------------
exporter     |
    event_m4 |  -.0455831   .0265475    -1.72   0.086    -.0976153     .006449
    event_m3 |   .0003149   .0207221     0.02   0.988    -.0402998    .0409296
    event_m2 |  -.0107455   .0172233    -0.62   0.533    -.0445026    .0230116
    event_m1 |  -.0225515   .0109509    -2.06   0.039    -.0440149   -.0010881
     event_1 |   .0349021   .0107993     3.23   0.001     .0137358    .0560684
     event_2 |   .0238456   .0116526     2.05   0.041     .0010069    .0466842
     event_3 |   .0379092   .0180438     2.10   0.036     .0025441    .0732744
     event_4 |   .0475325   .0140159     3.39   0.001      .020062    .0750031
------------------------------------------------------------------------------
  0
       panel variable:  frame_id_numeric (unbalanced)
        time variable:  year, 1985 to 2018, but with gaps
                delta:  1 unit
Generating weights...
Estimating exporter: event_m4
Estimating exporter: event_m3
Estimating exporter: event_m2
Estimating exporter: event_m1
Estimating exporter: event_1
Estimating exporter: event_2
Estimating exporter: event_3
Estimating exporter: event_4
Callaway Sant'Anna (2021)
------------------------------------------------------------------------------
             |      Coef.   Std. Err.      z    P>|z|     [95% Conf. Interval]
-------------+----------------------------------------------------------------
exporter     |
    event_m4 |  -.0368402   .0177321    -2.08   0.038    -.0715944    -.002086
    event_m3 |  -.0114129   .0139283    -0.82   0.413    -.0387119    .0158861
    event_m2 |  -.0289086   .0118388    -2.44   0.015    -.0521122    -.005705
    event_m1 |   -.003582   .0098997    -0.36   0.717    -.0229851    .0158211
     event_1 |   .0125523   .0100216     1.25   0.210    -.0070897    .0321943
     event_2 |   .0132103   .0136838     0.97   0.334    -.0136095    .0400301
     event_3 |   .0263533   .0184656     1.43   0.154    -.0098386    .0625452
     event_4 |   .0357297    .019786     1.81   0.071    -.0030502    .0745096
------------------------------------------------------------------------------
  0
       panel variable:  frame_id_numeric (unbalanced)
        time variable:  year, 1985 to 2018, but with gaps
                delta:  1 unit
Generating weights...
Estimating exporter: event_m4
Estimating exporter: event_m3
Estimating exporter: event_m2
Estimating exporter: event_m1
Estimating exporter: event_1
Estimating exporter: event_2
Estimating exporter: event_3
Estimating exporter: event_4
Callaway Sant'Anna (2021)
------------------------------------------------------------------------------
             |      Coef.   Std. Err.      z    P>|z|     [95% Conf. Interval]
-------------+----------------------------------------------------------------
exporter     |
    event_m4 |  -.0287295   .0232572    -1.24   0.217    -.0743127    .0168537
    event_m3 |   .0070895   .0264975     0.27   0.789    -.0448446    .0590236
    event_m2 |  -.0193557   .0233668    -0.83   0.407    -.0651538    .0264424
    event_m1 |   .0030125   .0172558     0.17   0.861    -.0308083    .0368332
     event_1 |   .0407946   .0137699     2.96   0.003      .013806    .0677831
     event_2 |   .0369102   .0173474     2.13   0.033     .0029099    .0709105
     event_3 |   .0376156   .0228504     1.65   0.100    -.0071704    .0824016
     event_4 |    .055635   .0208389     2.67   0.008     .0147915    .0964785
------------------------------------------------------------------------------
  0

. 
. esttab model* using "`here'/output/table_attgt_exporter.tex", mtitle b(3) se(3) replace
(note: file /srv/sandbox/zavecz/dropbox_encrypted/darthmouth/expat-analysis//output/table_attgt_exporter.tex not found)
(output written to /srv/sandbox/zavecz/dropbox_encrypted/darthmouth/expat-analysis//output/table_attgt_exporter.tex)

. esttab model* using "`here'/output/table_attgt_exporter.txt", mtitle b(3) se(3) replace
(note: file /srv/sandbox/zavecz/dropbox_encrypted/darthmouth/expat-analysis//output/table_attgt_exporter.txt not found)
(output written to /srv/sandbox/zavecz/dropbox_encrypted/darthmouth/expat-analysis//output/table_attgt_exporter.txt)

. 
. log close
      name:  <unnamed>
       log:  /srv/sandbox/zavecz/dropbox_encrypted/darthmouth/expat-analysis//output/est_attgt_exporter.log
  log type:  text
 closed on:  24 Jun 2021, 22:30:38
--------------------------------------------------------------------------------------------------------------------------------------------------------------
