-------------------------------------------------------------------------------
      name:  <unnamed>
       log:  /Users/koren/Tresorit/projects/expat/output/estimate_descriptive.l
> og
  log type:  text
 opened on:   8 Dec 2020, 09:33:14

. 
. 
. use temp/analysis_sample

. 
. *Dinamika
. scalar Tbefore = 4

. scalar Tduring = 6

. scalar Tafter = 4

. 
. gen byte analysis_window = (tenure>=-Tbefore-1)&(year-first_exit_year<=Tafter
> )
tenure not found
r(111);

end of do-file
r(111);
