--------------------------------------------------------------------------------------------------------------------------------
      name:  <unnamed>
       log:  /Users/koren/Google Drive/Research/expat/research_design/talk/output/estimate_manager_level.log
  log type:  text
 opened on:   4 Dec 2018, 16:54:31

. 
. 
. use temp/analysis_sample

. 
. *Dinamika
. scalar Tbefore = 4

. scalar Tduring = 6

. scalar Tafter = 4

. 
. gen byte analysis_window = (tenure>=-Tbefore-1)&(year-first_exit_year<=Tafter)

. 
. global sample_baseline (analysis_window==1)

. global sample_manufacturing $sample_baseline & (manufacturing==1)

. global sample_acquisitions $sample_baseline & (greenfield==0)

. 
. global samples baseline acquisitions

. 
. global outcomes lnL lnKL lnQL exporter

. label var lnL "Employment (log)"

. label var lnKL "Capital per worker (log)"

. label var lnQL "Revenue per worker (log)"

. label var exporter "Firm is an exporter (dummy)"

. 
. egen person_tag = tag(frame_id manager_id)

. egen N = sum(person_tag), by(frame_id)

. gen inverse_weight = 1/N

. 
. * verify founders are not in analysis sample
. foreach X of var during* after* {
  2.         replace `X'=0 if founder==1
  3. }
(0 real changes made)
(132,464 real changes made)
(55,048 real changes made)
(73,335 real changes made)
(81,604 real changes made)
(46,715 real changes made)
(88,449 real changes made)
(96,285 real changes made)
(94,584 real changes made)
(20,057 real changes made)
(10,166 real changes made)
(13,405 real changes made)
(13,063 real changes made)
(15,361 real changes made)
(11,994 real changes made)
(13,939 real changes made)
(17,025 real changes made)
(0 real changes made)
(0 real changes made)
(0 real changes made)
(0 real changes made)
(0 real changes made)
(0 real changes made)
(0 real changes made)
(0 real changes made)
(0 real changes made)
(0 real changes made)
(0 real changes made)
(0 real changes made)
(0 real changes made)
(0 real changes made)
(0 real changes made)
(0 real changes made)
(0 real changes made)
(0 real changes made)
(0 real changes made)
(0 real changes made)
(0 real changes made)
(0 real changes made)
(0 real changes made)
(0 real changes made)
(0 real changes made)
(0 real changes made)
(0 real changes made)
(0 real changes made)
(0 real changes made)
(0 real changes made)
(0 real changes made)
(0 real changes made)
(0 real changes made)
(70,373 real changes made)
(35,951 real changes made)
(37,925 real changes made)
(38,899 real changes made)
(31,710 real changes made)
(44,472 real changes made)
(52,990 real changes made)
(32,396 real changes made)
(32,892 real changes made)
(19,164 real changes made)
(22,477 real changes made)
(19,915 real changes made)
(25,211 real changes made)
(20,097 real changes made)
(27,732 real changes made)
(15,077 real changes made)
(0 real changes made)
(0 real changes made)
(0 real changes made)
(0 real changes made)
(0 real changes made)
(0 real changes made)
(0 real changes made)
(0 real changes made)
(0 real changes made)
(0 real changes made)
(0 real changes made)
(0 real changes made)
(0 real changes made)
(0 real changes made)
(0 real changes made)
(0 real changes made)
(0 real changes made)
(0 real changes made)
(0 real changes made)
(0 real changes made)
(0 real changes made)
(0 real changes made)
(0 real changes made)
(0 real changes made)
(0 real changes made)
(0 real changes made)
(0 real changes made)
(0 real changes made)
(0 real changes made)
(0 real changes made)
(0 real changes made)
(0 real changes made)

. 
. xtset firm_person year
       panel variable:  firm_person (unbalanced)
        time variable:  year, 1992 to 2016, but with gaps
                delta:  1 unit

. 
. do est_`1'

. local i = 1

. foreach X of var $outcomes {
  2.         foreach sample in $samples {
  3.                 di "`X': `sample'"
  4.                 xtreg `X' foreign during after during_expat after_expat i.ind_year i.age_cat if ${sample_`sample'} [aw=inve
> rse_weight], i(firm_person ) fe vce(cluster id)
  5.                 local r2_w = `e(r2_w)'
  6.                 do regram output/regression/`sample' `i' `X' R2_within "`r2_w'"
  7. 
.                 local fname = e(depvar)
  8.                 local title : variable label `fname'
  9. 
.                 slopegraph, ///
>                         from(0 0 1 _b[during] 0 0 1 _b[during]+_b[during_expat]) ///
>                         to(1 _b[during] 2 _b[after] 1 _b[during]+_b[during_expat] 2 _b[after]+_b[after_expat]) ///
>                         style(p1 p1 p2 p2) ///
>                         label("Local-during" "Local-after" "Expat-during" "Expat-after" ) ///
>                         width_test(during after==during during_expat after_expat==during_expat) ///
>                         star_test(1==1 1==1 during_expat after_expat) ///
>                         connect(stepstair) ///
>                         format(scheme(538w) xlabel(none) xtitle("") ytitle("") title(`title') legend(off) aspect(.5) plotregio
> n(style(none)) xsize(16) ysize(10))
 10. 
.                 graph export output/figure/`sample'_`fname'_slope.png, width(1600) replace
 11.         }
 12.         local i = `i' + 1
 13. }
lnL: baseline

Fixed-effects (within) regression               Number of obs      =    515675
Group variable: firm_person                     Number of groups   =     58027

R-sq:  within  = 0.1106                         Obs per group: min =         1
       between = 0.0261                                        avg =       8.9
       overall = 0.0393                                        max =        25

                                                F(78,18507)        =     58.56
corr(u_i, Xb)  = -0.2623                        Prob > F           =    0.0000

                                (Std. Err. adjusted for 18,508 clusters in id)
------------------------------------------------------------------------------
             |               Robust
         lnL |      Coef.   Std. Err.      t    P>|t|     [95% Conf. Interval]
-------------+----------------------------------------------------------------
     foreign |   .0121245   .0293772     0.41   0.680    -.0454575    .0697064
      during |  -.0414144   .0095956    -4.32   0.000    -.0602226   -.0226063
       after |   -.179554   .0174193   -10.31   0.000    -.2136974   -.1454106
during_expat |   .0864451   .0182006     4.75   0.000     .0507702    .1221199
 after_expat |   .1951707   .0270695     7.21   0.000     .1421121    .2482294
             |
    ind_year |
          2  |  -.1037087   .0230208    -4.51   0.000    -.1488315   -.0585859
          3  |  -.2200094   .0294909    -7.46   0.000    -.2778142   -.1622046
          4  |  -.3437585   .0337605   -10.18   0.000    -.4099322   -.2775849
          5  |  -.4263451   .0382731   -11.14   0.000    -.5013639   -.3513262
          6  |  -.5093288   .0421741   -12.08   0.000    -.5919939   -.4266636
          7  |  -.5621132   .0460725   -12.20   0.000    -.6524196   -.4718068
          8  |  -.5852646   .0497547   -11.76   0.000    -.6827883   -.4877408
          9  |  -.6300633   .0536442   -11.75   0.000    -.7352108   -.5249158
         10  |  -.6900202    .057502   -12.00   0.000    -.8027295   -.5773109
         11  |  -.7543117   .0611661   -12.33   0.000    -.8742029   -.6344206
         12  |   -.801511   .0650012   -12.33   0.000    -.9289193   -.6741027
         13  |  -.8364857   .0689242   -12.14   0.000    -.9715834   -.7013879
         14  |  -.8804813    .072797   -12.10   0.000     -1.02317   -.7377926
         15  |  -.9065554   .0765996   -11.83   0.000    -1.056698   -.7564132
         16  |  -.9550974   .0803441   -11.89   0.000    -1.112579   -.7976156
         17  |  -.9979963    .084276   -11.84   0.000    -1.163185   -.8328076
         18  |  -1.091728   .0880586   -12.40   0.000    -1.264331   -.9191253
         19  |  -1.160563   .0917223   -12.65   0.000    -1.340347   -.9807787
         20  |  -1.211723   .0951397   -12.74   0.000    -1.398206   -1.025241
         21  |  -1.278033   .0984819   -12.98   0.000    -1.471066   -1.084999
         22  |  -1.329911   .1016783   -13.08   0.000    -1.529209   -1.130612
         23  |  -1.369421    .104905   -13.05   0.000    -1.575044   -1.163797
         24  |  -1.413525   .1085272   -13.02   0.000    -1.626249   -1.200802
         25  |  -1.442281   .1122042   -12.85   0.000    -1.662211    -1.22235
         26  |   .5729155   .0619527     9.25   0.000     .4514826    .6943485
         27  |   .4125704   .0590429     6.99   0.000     .2968409    .5282999
         28  |   .3002326   .0573277     5.24   0.000      .187865    .4126001
         29  |   .1779815   .0568211     3.13   0.002     .0666069    .2893561
         30  |   .0946618   .0564696     1.68   0.094    -.0160238    .2053474
         31  |   .0381059   .0577637     0.66   0.509    -.0751163    .1513281
         32  |  -.0328199   .0588013    -0.56   0.577    -.1480759    .0824361
         33  |  -.1054539   .0608044    -1.73   0.083    -.2246362    .0137284
         34  |  -.1602541   .0630633    -2.54   0.011     -.283864   -.0366442
         35  |  -.2244214   .0656577    -3.42   0.001    -.3531164   -.0957263
         36  |  -.3191779   .0683024    -4.67   0.000    -.4530568    -.185299
         37  |  -.3917394    .071136    -5.51   0.000    -.5311725   -.2523063
         38  |  -.4775988   .0743438    -6.42   0.000    -.6233195   -.3318781
         39  |  -.5382309   .0778731    -6.91   0.000    -.6908694   -.3855925
         40  |   -.573555   .0815606    -7.03   0.000    -.7334214   -.4136887
         41  |  -.5993969   .0848351    -7.07   0.000    -.7656815   -.4331123
         42  |  -.6571803   .0883736    -7.44   0.000    -.8304007   -.4839599
         43  |  -.7959929   .0920858    -8.64   0.000    -.9764895   -.6154963
         44  |   -.850614   .0960991    -8.85   0.000    -1.038977   -.6622508
         45  |  -.8639485   .0995986    -8.67   0.000    -1.059171    -.668726
         46  |  -.8952336    .103123    -8.68   0.000    -1.097364   -.6931029
         47  |  -.9269222    .106347    -8.72   0.000    -1.135372   -.7184723
         48  |  -.9443281   .1096865    -8.61   0.000    -1.159324   -.7293325
         49  |  -.9660459   .1130783    -8.54   0.000     -1.18769    -.744402
         50  |  -.9944991   .1160261    -8.57   0.000    -1.221921   -.7670772
             |
     age_cat |
          1  |   .4184133   .0169989    24.61   0.000     .3850939    .4517327
          2  |   .7318726   .0198751    36.82   0.000     .6929156    .7708296
          3  |   .9517565   .0232193    40.99   0.000     .9062445    .9972685
          4  |   1.129369   .0267954    42.15   0.000     1.076848    1.181891
          5  |   1.279232   .0306618    41.72   0.000     1.219132    1.339332
          6  |   1.403349   .0346005    40.56   0.000     1.335529    1.471169
          7  |   1.501863   .0386834    38.82   0.000      1.42604    1.577686
          8  |   1.598684   .0428574    37.30   0.000     1.514679    1.682689
          9  |    1.67585   .0469565    35.69   0.000     1.583811    1.767889
         10  |   1.743443   .0510791    34.13   0.000     1.643324    1.843563
         11  |   1.810851   .0552619    32.77   0.000     1.702532    1.919169
         12  |   1.876081   .0594034    31.58   0.000     1.759645    1.992517
         13  |   1.940836   .0635465    30.54   0.000     1.816279    2.065393
         14  |   1.983798   .0677808    29.27   0.000     1.850942    2.116655
         15  |   2.029142   .0720637    28.16   0.000     1.887891    2.170394
         16  |   2.065089   .0763049    27.06   0.000     1.915524    2.214653
         17  |   2.099937   .0806526    26.04   0.000      1.94185    2.258023
         18  |   2.148378    .084738    25.35   0.000     1.982284    2.314473
         19  |   2.187321   .0891145    24.55   0.000     2.012648    2.361993
         20  |    2.26009    .097078    23.28   0.000     2.069808    2.450372
         25  |   2.371875   .1096172    21.64   0.000     2.157015    2.586735
         30  |   2.127165   .1441102    14.76   0.000     1.844696    2.409634
         40  |   2.042164   .1617719    12.62   0.000     1.725077    2.359252
         50  |   1.990551   .1623572    12.26   0.000     1.672315    2.308786
             |
       _cons |   2.954173   .0430533    68.62   0.000     2.869784    3.038561
-------------+----------------------------------------------------------------
     sigma_u |  1.1628448
     sigma_e |  .64006334
         rho |  .76747625   (fraction of variance due to u_i)
------------------------------------------------------------------------------

. args tablefile specname speclabel

. 
. local fmt "%10.5f"

. 
. * create directory if needed
. * FIXME: this only works with relative paths
. local list_of_dirs = subinstr("`tablefile'/columns","/"," ",.)

. local sofar "."

. foreach word in `list_of_dirs' {
  2.         local sofar "`sofar'/`word'"
  3.         capture mkdir "`sofar'"
  4. }

. 
. macro shift

. macro shift

. macro shift

. 
. local _others ""

. local _state "key"

. while "`1'"!="" {
  2.         if ("`_state'"=="key") {
  3.                 di "key: `1'"
  4.                 local _key `1'
  5.                 local _state "value"
  6.                 local _others "`_others' `1'"
  7.         }
  8.         else {
  9.                 di "value: `1'"
 10.                 local `_key' "`1'"
 11.                 local _state "key"
 12.         }
 13.         macro shift
 14. }
key: R2_within
value: .1105892273667028

. 
. estimates

--------------------------------------------------------------------------------------------------------------------------------
active results
--------------------------------------------------------------------------------------------------------------------------------

Fixed-effects (within) regression               Number of obs     =    515,675
Group variable: firm_person                     Number of groups  =     58,027

R-sq:                                           Obs per group:
     within  = 0.1106                                         min =          1
     between = 0.0261                                         avg =        8.9
     overall = 0.0393                                         max =         25

                                                F(78,18507)       =      58.56
corr(u_i, Xb)  = -0.2623                        Prob > F          =     0.0000

                                (Std. Err. adjusted for 18,508 clusters in id)
------------------------------------------------------------------------------
             |               Robust
         lnL |      Coef.   Std. Err.      t    P>|t|     [95% Conf. Interval]
-------------+----------------------------------------------------------------
     foreign |   .0121245   .0293772     0.41   0.680    -.0454575    .0697064
      during |  -.0414144   .0095956    -4.32   0.000    -.0602226   -.0226063
       after |   -.179554   .0174193   -10.31   0.000    -.2136974   -.1454106
during_expat |   .0864451   .0182006     4.75   0.000     .0507702    .1221199
 after_expat |   .1951707   .0270695     7.21   0.000     .1421121    .2482294
             |
    ind_year |
          2  |  -.1037087   .0230208    -4.51   0.000    -.1488315   -.0585859
          3  |  -.2200094   .0294909    -7.46   0.000    -.2778142   -.1622046
          4  |  -.3437585   .0337605   -10.18   0.000    -.4099322   -.2775849
          5  |  -.4263451   .0382731   -11.14   0.000    -.5013639   -.3513262
          6  |  -.5093288   .0421741   -12.08   0.000    -.5919939   -.4266636
          7  |  -.5621132   .0460725   -12.20   0.000    -.6524196   -.4718068
          8  |  -.5852646   .0497547   -11.76   0.000    -.6827883   -.4877408
          9  |  -.6300633   .0536442   -11.75   0.000    -.7352108   -.5249158
         10  |  -.6900202    .057502   -12.00   0.000    -.8027295   -.5773109
         11  |  -.7543117   .0611661   -12.33   0.000    -.8742029   -.6344206
         12  |   -.801511   .0650012   -12.33   0.000    -.9289193   -.6741027
         13  |  -.8364857   .0689242   -12.14   0.000    -.9715834   -.7013879
         14  |  -.8804813    .072797   -12.10   0.000     -1.02317   -.7377926
         15  |  -.9065554   .0765996   -11.83   0.000    -1.056698   -.7564132
         16  |  -.9550974   .0803441   -11.89   0.000    -1.112579   -.7976156
         17  |  -.9979963    .084276   -11.84   0.000    -1.163185   -.8328076
         18  |  -1.091728   .0880586   -12.40   0.000    -1.264331   -.9191253
         19  |  -1.160563   .0917223   -12.65   0.000    -1.340347   -.9807787
         20  |  -1.211723   .0951397   -12.74   0.000    -1.398206   -1.025241
         21  |  -1.278033   .0984819   -12.98   0.000    -1.471066   -1.084999
         22  |  -1.329911   .1016783   -13.08   0.000    -1.529209   -1.130612
         23  |  -1.369421    .104905   -13.05   0.000    -1.575044   -1.163797
         24  |  -1.413525   .1085272   -13.02   0.000    -1.626249   -1.200802
         25  |  -1.442281   .1122042   -12.85   0.000    -1.662211    -1.22235
         26  |   .5729155   .0619527     9.25   0.000     .4514826    .6943485
         27  |   .4125704   .0590429     6.99   0.000     .2968409    .5282999
         28  |   .3002326   .0573277     5.24   0.000      .187865    .4126001
         29  |   .1779815   .0568211     3.13   0.002     .0666069    .2893561
         30  |   .0946618   .0564696     1.68   0.094    -.0160238    .2053474
         31  |   .0381059   .0577637     0.66   0.509    -.0751163    .1513281
         32  |  -.0328199   .0588013    -0.56   0.577    -.1480759    .0824361
         33  |  -.1054539   .0608044    -1.73   0.083    -.2246362    .0137284
         34  |  -.1602541   .0630633    -2.54   0.011     -.283864   -.0366442
         35  |  -.2244214   .0656577    -3.42   0.001    -.3531164   -.0957263
         36  |  -.3191779   .0683024    -4.67   0.000    -.4530568    -.185299
         37  |  -.3917394    .071136    -5.51   0.000    -.5311725   -.2523063
         38  |  -.4775988   .0743438    -6.42   0.000    -.6233195   -.3318781
         39  |  -.5382309   .0778731    -6.91   0.000    -.6908694   -.3855925
         40  |   -.573555   .0815606    -7.03   0.000    -.7334214   -.4136887
         41  |  -.5993969   .0848351    -7.07   0.000    -.7656815   -.4331123
         42  |  -.6571803   .0883736    -7.44   0.000    -.8304007   -.4839599
         43  |  -.7959929   .0920858    -8.64   0.000    -.9764895   -.6154963
         44  |   -.850614   .0960991    -8.85   0.000    -1.038977   -.6622508
         45  |  -.8639485   .0995986    -8.67   0.000    -1.059171    -.668726
         46  |  -.8952336    .103123    -8.68   0.000    -1.097364   -.6931029
         47  |  -.9269222    .106347    -8.72   0.000    -1.135372   -.7184723
         48  |  -.9443281   .1096865    -8.61   0.000    -1.159324   -.7293325
         49  |  -.9660459   .1130783    -8.54   0.000     -1.18769    -.744402
         50  |  -.9944991   .1160261    -8.57   0.000    -1.221921   -.7670772
             |
     age_cat |
          1  |   .4184133   .0169989    24.61   0.000     .3850939    .4517327
          2  |   .7318726   .0198751    36.82   0.000     .6929156    .7708296
          3  |   .9517565   .0232193    40.99   0.000     .9062445    .9972685
          4  |   1.129369   .0267954    42.15   0.000     1.076848    1.181891
          5  |   1.279232   .0306618    41.72   0.000     1.219132    1.339332
          6  |   1.403349   .0346005    40.56   0.000     1.335529    1.471169
          7  |   1.501863   .0386834    38.82   0.000      1.42604    1.577686
          8  |   1.598684   .0428574    37.30   0.000     1.514679    1.682689
          9  |    1.67585   .0469565    35.69   0.000     1.583811    1.767889
         10  |   1.743443   .0510791    34.13   0.000     1.643324    1.843563
         11  |   1.810851   .0552619    32.77   0.000     1.702532    1.919169
         12  |   1.876081   .0594034    31.58   0.000     1.759645    1.992517
         13  |   1.940836   .0635465    30.54   0.000     1.816279    2.065393
         14  |   1.983798   .0677808    29.27   0.000     1.850942    2.116655
         15  |   2.029142   .0720637    28.16   0.000     1.887891    2.170394
         16  |   2.065089   .0763049    27.06   0.000     1.915524    2.214653
         17  |   2.099937   .0806526    26.04   0.000      1.94185    2.258023
         18  |   2.148378    .084738    25.35   0.000     1.982284    2.314473
         19  |   2.187321   .0891145    24.55   0.000     2.012648    2.361993
         20  |    2.26009    .097078    23.28   0.000     2.069808    2.450372
         25  |   2.371875   .1096172    21.64   0.000     2.157015    2.586735
         30  |   2.127165   .1441102    14.76   0.000     1.844696    2.409634
         40  |   2.042164   .1617719    12.62   0.000     1.725077    2.359252
         50  |   1.990551   .1623572    12.26   0.000     1.672315    2.308786
             |
       _cons |   2.954173   .0430533    68.62   0.000     2.869784    3.038561
-------------+----------------------------------------------------------------
     sigma_u |  1.1628448
     sigma_e |  .64006334
         rho |  .76747625   (fraction of variance due to u_i)
------------------------------------------------------------------------------

. tempname output coefs stats variables b se

. matrix `coefs' = r(table)

. local observations `e(N)'

. local R2 `e(r2)'

. 
. local `stats' : rownames(`coefs')

. local `variables' : colnames(`coefs')

. 
. 
. file open `output' using "`tablefile'/columns/`specname'.yaml", write text replace

. 
. file write `output' "id: " "`specname'" _newline

. file write `output' "label: " "`speclabel'" _newline

. 
. file write `output' "coefficients:" _newline

. foreach X in ``variables'' {
  2.         scalar `b' = `coefs'[rownumb(`coefs',"b"),colnumb(`coefs',"`X'")]
  3.         scalar `se' = `coefs'[rownumb(`coefs',"se"),colnumb(`coefs',"`X'")]
  4.         file write `output' (" - id: `X'") _newline
  5.         file write `output' ("   estimate: " + string(`b', "`fmt'")) _newline
  6.         file write `output' ("   standard_error: " + string(`se', "`fmt'")) _newline
  7.         file write `output' ("   t_statistic: " + string(`b'/`se', "`fmt'")) _newline
  8.         file write `output' ("   p_value: " + string(`coefs'[rownumb(`coefs',"pvalue"),colnumb(`coefs',"`X'")]), "`fmt'") _
> newline
  9. }

. file write `output' "extra_rows:" _newline

. foreach X in R2 observations `_others'{
  2.         if ("``X''"!="") {
  3.                 file write `output' (" - id: `X'") _newline
  4.                 file write `output' ("   value: ``X''") _newline
  5.         }
  6. }

. 
. file close `output'

. 
end of do-file
number of observations (_N) was 0, now 8
(8 missing values generated)
(8 missing values generated)
(8 missing values generated)
(1 real change made)
(1 real change made)
(1 real change made)
(1 real change made)
variable label was str1 now str12
(1 real change made)

 ( 1)  during = 0

       F(  1, 18507) =   18.63
            Prob > F =    0.0000

 ( 1) = 0
       Constraint 1 dropped

       F(  0, 18507) =       .
            Prob > F =         .
(1 real change made)
(1 real change made)
(1 real change made)
(1 real change made)
(1 real change made)

 ( 1)  - during + after = 0

       F(  1, 18507) =  132.11
            Prob > F =    0.0000

 ( 1) = 0
       Constraint 1 dropped

       F(  0, 18507) =       .
            Prob > F =         .
(1 real change made)
(1 real change made)
(1 real change made)
(1 real change made)
(1 real change made)

 ( 1)  during_expat = 0

       F(  1, 18507) =   22.56
            Prob > F =    0.0000

 ( 1)  during_expat = 0

       F(  1, 18507) =   22.56
            Prob > F =    0.0000
variable label was str12 now str14
(1 real change made)
(1 real change made)
(1 real change made)
(1 real change made)
(1 real change made)
(1 real change made)

 ( 1)  - during_expat + after_expat = 0

       F(  1, 18507) =   33.73
            Prob > F =    0.0000

 ( 1)  after_expat = 0

       F(  1, 18507) =   51.98
            Prob > F =    0.0000
(1 real change made)
(file output/figure/baseline_lnL_slope.png written in PNG format)
lnL: acquisitions

Fixed-effects (within) regression               Number of obs      =    354772
Group variable: firm_person                     Number of groups   =     39630

R-sq:  within  = 0.1024                         Obs per group: min =         1
       between = 0.0175                                        avg =       9.0
       overall = 0.0293                                        max =        25

                                                F(78,14528)        =     41.26
corr(u_i, Xb)  = -0.3088                        Prob > F           =    0.0000

                                (Std. Err. adjusted for 14,529 clusters in id)
------------------------------------------------------------------------------
             |               Robust
         lnL |      Coef.   Std. Err.      t    P>|t|     [95% Conf. Interval]
-------------+----------------------------------------------------------------
     foreign |   .0384744   .0379633     1.01   0.311    -.0359385    .1128874
      during |  -.0480083   .0108266    -4.43   0.000    -.0692298   -.0267869
       after |  -.2090165   .0199727   -10.47   0.000    -.2481655   -.1698675
during_expat |  -.0062317   .0426742    -0.15   0.884    -.0898785    .0774151
 after_expat |   .0791814   .0554332     1.43   0.153    -.0294747    .1878375
             |
    ind_year |
          2  |  -.1174708   .0249674    -4.70   0.000    -.1664101   -.0685316
          3  |   -.262865   .0324378    -8.10   0.000    -.3264471   -.1992828
          4  |  -.3982699   .0369184   -10.79   0.000    -.4706347   -.3259051
          5  |  -.4963968   .0417118   -11.90   0.000    -.5781573   -.4146364
          6  |  -.5974657   .0462958   -12.91   0.000    -.6882114     -.50672
          7  |  -.6562332   .0507043   -12.94   0.000    -.7556201   -.5568463
          8  |  -.6863779    .054622   -12.57   0.000     -.793444   -.5793117
          9  |  -.7360427   .0588707   -12.50   0.000    -.8514367   -.6206487
         10  |  -.7981818   .0629853   -12.67   0.000     -.921641   -.6747227
         11  |   -.858793   .0668552   -12.85   0.000    -.9898378   -.7277482
         12  |  -.9031775   .0709612   -12.73   0.000     -1.04227   -.7640845
         13  |   -.937743   .0751616   -12.48   0.000    -1.085069   -.7904167
         14  |   -.990047   .0793382   -12.48   0.000     -1.14556    -.834534
         15  |  -1.020096   .0833836   -12.23   0.000    -1.183539    -.856654
         16  |  -1.081098   .0873827   -12.37   0.000     -1.25238   -.9098173
         17  |  -1.128991   .0915805   -12.33   0.000    -1.308501   -.9494818
         18  |  -1.214851   .0955997   -12.71   0.000    -1.402239   -1.027464
         19  |  -1.277704   .0994629   -12.85   0.000    -1.472664   -1.082744
         20  |  -1.326424    .103068   -12.87   0.000    -1.528451   -1.124398
         21  |   -1.38602   .1066325   -13.00   0.000    -1.595033   -1.177006
         22  |  -1.436181    .110053   -13.05   0.000    -1.651899   -1.220463
         23  |  -1.477936   .1134917   -13.02   0.000    -1.700394   -1.255478
         24  |   -1.52817   .1173549   -13.02   0.000      -1.7582   -1.298139
         25  |   -1.55464   .1213003   -12.82   0.000    -1.792404   -1.316876
         26  |    .507234   .0718655     7.06   0.000     .3663684    .6480996
         27  |   .3459675   .0675879     5.12   0.000     .2134866    .4784484
         28  |   .2245012   .0654329     3.43   0.001     .0962443     .352758
         29  |   .0895968   .0647603     1.38   0.167    -.0373416    .2165353
         30  |  -.0191351   .0642012    -0.30   0.766    -.1449776    .1067074
         31  |  -.0855614   .0652912    -1.31   0.190    -.2135405    .0424177
         32  |  -.1646084   .0660673    -2.49   0.013    -.2941087    -.035108
         33  |   -.247643   .0682183    -3.63   0.000    -.3813597   -.1139264
         34  |  -.3180821   .0704769    -4.51   0.000    -.4562259   -.1799383
         35  |  -.3825364   .0731344    -5.23   0.000    -.5258892   -.2391837
         36  |  -.4591676   .0756296    -6.07   0.000    -.6074112    -.310924
         37  |  -.5347452   .0785396    -6.81   0.000    -.6886928   -.3807976
         38  |  -.6155724   .0818344    -7.52   0.000    -.7759784   -.4551665
         39  |  -.6802177   .0855872    -7.95   0.000    -.8479796   -.5124558
         40  |  -.7130052   .0895134    -7.97   0.000    -.8884629   -.5375476
         41  |  -.7486152   .0929152    -8.06   0.000    -.9307408   -.5664895
         42  |  -.8084508   .0964434    -8.38   0.000    -.9974921   -.6194095
         43  |  -.9341585    .100329    -9.31   0.000    -1.130816   -.7375009
         44  |  -.9815881   .1045417    -9.39   0.000    -1.186503   -.7766731
         45  |  -1.004533   .1083462    -9.27   0.000    -1.216905   -.7921606
         46  |  -1.029975   .1121202    -9.19   0.000    -1.249745    -.810205
         47  |  -1.063185   .1154366    -9.21   0.000    -1.289455   -.8369141
         48  |  -1.081573   .1190312    -9.09   0.000     -1.31489    -.848257
         49  |  -1.129595   .1226801    -9.21   0.000    -1.370063    -.889126
         50  |  -1.162652   .1257459    -9.25   0.000     -1.40913   -.9161739
             |
     age_cat |
          1  |   .4111884   .0189014    21.75   0.000     .3741393    .4482375
          2  |   .7058342   .0220675    31.99   0.000      .662579    .7490894
          3  |   .9222826   .0257921    35.76   0.000     .8717267    .9728384
          4  |   1.102241   .0296327    37.20   0.000     1.044157    1.160325
          5  |   1.257142   .0338014    37.19   0.000     1.190887    1.323397
          6  |    1.38253   .0380398    36.34   0.000     1.307967    1.457093
          7  |   1.484556   .0424369    34.98   0.000     1.401375    1.567738
          8  |   1.580198   .0469338    33.67   0.000     1.488202    1.672194
          9  |   1.652984   .0513267    32.21   0.000     1.552377    1.753591
         10  |   1.721174   .0556912    30.91   0.000     1.612012    1.830336
         11  |   1.790717   .0601183    29.79   0.000     1.672877    1.908556
         12  |   1.858102    .064543    28.79   0.000     1.731589    1.984614
         13  |   1.919693   .0689559    27.84   0.000     1.784531    2.054855
         14  |    1.96249   .0735316    26.69   0.000     1.818359    2.106621
         15  |   2.007442    .078082    25.71   0.000     1.854392    2.160493
         16  |   2.041105   .0826283    24.70   0.000     1.879143    2.203067
         17  |   2.075024   .0872714    23.78   0.000     1.903961    2.246087
         18  |   2.125177   .0916173    23.20   0.000     1.945595    2.304758
         19  |   2.160873   .0964254    22.41   0.000     1.971867     2.34988
         20  |   2.233702   .1049622    21.28   0.000     2.027963    2.439441
         25  |   2.346714    .118641    19.78   0.000     2.114162    2.579265
         30  |   2.113469   .1537504    13.75   0.000     1.812098    2.414839
         40  |   2.039686   .1721355    11.85   0.000     1.702278    2.377093
         50  |   1.999398   .1729068    11.56   0.000     1.660478    2.338317
             |
       _cons |   3.011881    .046055    65.40   0.000     2.921607    3.102155
-------------+----------------------------------------------------------------
     sigma_u |  1.1340148
     sigma_e |  .64543335
         rho |   .7553209   (fraction of variance due to u_i)
------------------------------------------------------------------------------

. args tablefile specname speclabel

. 
. local fmt "%10.5f"

. 
. * create directory if needed
. * FIXME: this only works with relative paths
. local list_of_dirs = subinstr("`tablefile'/columns","/"," ",.)

. local sofar "."

. foreach word in `list_of_dirs' {
  2.         local sofar "`sofar'/`word'"
  3.         capture mkdir "`sofar'"
  4. }

. 
. macro shift

. macro shift

. macro shift

. 
. local _others ""

. local _state "key"

. while "`1'"!="" {
  2.         if ("`_state'"=="key") {
  3.                 di "key: `1'"
  4.                 local _key `1'
  5.                 local _state "value"
  6.                 local _others "`_others' `1'"
  7.         }
  8.         else {
  9.                 di "value: `1'"
 10.                 local `_key' "`1'"
 11.                 local _state "key"
 12.         }
 13.         macro shift
 14. }
key: R2_within
value: .1023867883829735

. 
. estimates

--------------------------------------------------------------------------------------------------------------------------------
active results
--------------------------------------------------------------------------------------------------------------------------------

Fixed-effects (within) regression               Number of obs     =    354,772
Group variable: firm_person                     Number of groups  =     39,630

R-sq:                                           Obs per group:
     within  = 0.1024                                         min =          1
     between = 0.0175                                         avg =        9.0
     overall = 0.0293                                         max =         25

                                                F(78,14528)       =      41.26
corr(u_i, Xb)  = -0.3088                        Prob > F          =     0.0000

                                (Std. Err. adjusted for 14,529 clusters in id)
------------------------------------------------------------------------------
             |               Robust
         lnL |      Coef.   Std. Err.      t    P>|t|     [95% Conf. Interval]
-------------+----------------------------------------------------------------
     foreign |   .0384744   .0379633     1.01   0.311    -.0359385    .1128874
      during |  -.0480083   .0108266    -4.43   0.000    -.0692298   -.0267869
       after |  -.2090165   .0199727   -10.47   0.000    -.2481655   -.1698675
during_expat |  -.0062317   .0426742    -0.15   0.884    -.0898785    .0774151
 after_expat |   .0791814   .0554332     1.43   0.153    -.0294747    .1878375
             |
    ind_year |
          2  |  -.1174708   .0249674    -4.70   0.000    -.1664101   -.0685316
          3  |   -.262865   .0324378    -8.10   0.000    -.3264471   -.1992828
          4  |  -.3982699   .0369184   -10.79   0.000    -.4706347   -.3259051
          5  |  -.4963968   .0417118   -11.90   0.000    -.5781573   -.4146364
          6  |  -.5974657   .0462958   -12.91   0.000    -.6882114     -.50672
          7  |  -.6562332   .0507043   -12.94   0.000    -.7556201   -.5568463
          8  |  -.6863779    .054622   -12.57   0.000     -.793444   -.5793117
          9  |  -.7360427   .0588707   -12.50   0.000    -.8514367   -.6206487
         10  |  -.7981818   .0629853   -12.67   0.000     -.921641   -.6747227
         11  |   -.858793   .0668552   -12.85   0.000    -.9898378   -.7277482
         12  |  -.9031775   .0709612   -12.73   0.000     -1.04227   -.7640845
         13  |   -.937743   .0751616   -12.48   0.000    -1.085069   -.7904167
         14  |   -.990047   .0793382   -12.48   0.000     -1.14556    -.834534
         15  |  -1.020096   .0833836   -12.23   0.000    -1.183539    -.856654
         16  |  -1.081098   .0873827   -12.37   0.000     -1.25238   -.9098173
         17  |  -1.128991   .0915805   -12.33   0.000    -1.308501   -.9494818
         18  |  -1.214851   .0955997   -12.71   0.000    -1.402239   -1.027464
         19  |  -1.277704   .0994629   -12.85   0.000    -1.472664   -1.082744
         20  |  -1.326424    .103068   -12.87   0.000    -1.528451   -1.124398
         21  |   -1.38602   .1066325   -13.00   0.000    -1.595033   -1.177006
         22  |  -1.436181    .110053   -13.05   0.000    -1.651899   -1.220463
         23  |  -1.477936   .1134917   -13.02   0.000    -1.700394   -1.255478
         24  |   -1.52817   .1173549   -13.02   0.000      -1.7582   -1.298139
         25  |   -1.55464   .1213003   -12.82   0.000    -1.792404   -1.316876
         26  |    .507234   .0718655     7.06   0.000     .3663684    .6480996
         27  |   .3459675   .0675879     5.12   0.000     .2134866    .4784484
         28  |   .2245012   .0654329     3.43   0.001     .0962443     .352758
         29  |   .0895968   .0647603     1.38   0.167    -.0373416    .2165353
         30  |  -.0191351   .0642012    -0.30   0.766    -.1449776    .1067074
         31  |  -.0855614   .0652912    -1.31   0.190    -.2135405    .0424177
         32  |  -.1646084   .0660673    -2.49   0.013    -.2941087    -.035108
         33  |   -.247643   .0682183    -3.63   0.000    -.3813597   -.1139264
         34  |  -.3180821   .0704769    -4.51   0.000    -.4562259   -.1799383
         35  |  -.3825364   .0731344    -5.23   0.000    -.5258892   -.2391837
         36  |  -.4591676   .0756296    -6.07   0.000    -.6074112    -.310924
         37  |  -.5347452   .0785396    -6.81   0.000    -.6886928   -.3807976
         38  |  -.6155724   .0818344    -7.52   0.000    -.7759784   -.4551665
         39  |  -.6802177   .0855872    -7.95   0.000    -.8479796   -.5124558
         40  |  -.7130052   .0895134    -7.97   0.000    -.8884629   -.5375476
         41  |  -.7486152   .0929152    -8.06   0.000    -.9307408   -.5664895
         42  |  -.8084508   .0964434    -8.38   0.000    -.9974921   -.6194095
         43  |  -.9341585    .100329    -9.31   0.000    -1.130816   -.7375009
         44  |  -.9815881   .1045417    -9.39   0.000    -1.186503   -.7766731
         45  |  -1.004533   .1083462    -9.27   0.000    -1.216905   -.7921606
         46  |  -1.029975   .1121202    -9.19   0.000    -1.249745    -.810205
         47  |  -1.063185   .1154366    -9.21   0.000    -1.289455   -.8369141
         48  |  -1.081573   .1190312    -9.09   0.000     -1.31489    -.848257
         49  |  -1.129595   .1226801    -9.21   0.000    -1.370063    -.889126
         50  |  -1.162652   .1257459    -9.25   0.000     -1.40913   -.9161739
             |
     age_cat |
          1  |   .4111884   .0189014    21.75   0.000     .3741393    .4482375
          2  |   .7058342   .0220675    31.99   0.000      .662579    .7490894
          3  |   .9222826   .0257921    35.76   0.000     .8717267    .9728384
          4  |   1.102241   .0296327    37.20   0.000     1.044157    1.160325
          5  |   1.257142   .0338014    37.19   0.000     1.190887    1.323397
          6  |    1.38253   .0380398    36.34   0.000     1.307967    1.457093
          7  |   1.484556   .0424369    34.98   0.000     1.401375    1.567738
          8  |   1.580198   .0469338    33.67   0.000     1.488202    1.672194
          9  |   1.652984   .0513267    32.21   0.000     1.552377    1.753591
         10  |   1.721174   .0556912    30.91   0.000     1.612012    1.830336
         11  |   1.790717   .0601183    29.79   0.000     1.672877    1.908556
         12  |   1.858102    .064543    28.79   0.000     1.731589    1.984614
         13  |   1.919693   .0689559    27.84   0.000     1.784531    2.054855
         14  |    1.96249   .0735316    26.69   0.000     1.818359    2.106621
         15  |   2.007442    .078082    25.71   0.000     1.854392    2.160493
         16  |   2.041105   .0826283    24.70   0.000     1.879143    2.203067
         17  |   2.075024   .0872714    23.78   0.000     1.903961    2.246087
         18  |   2.125177   .0916173    23.20   0.000     1.945595    2.304758
         19  |   2.160873   .0964254    22.41   0.000     1.971867     2.34988
         20  |   2.233702   .1049622    21.28   0.000     2.027963    2.439441
         25  |   2.346714    .118641    19.78   0.000     2.114162    2.579265
         30  |   2.113469   .1537504    13.75   0.000     1.812098    2.414839
         40  |   2.039686   .1721355    11.85   0.000     1.702278    2.377093
         50  |   1.999398   .1729068    11.56   0.000     1.660478    2.338317
             |
       _cons |   3.011881    .046055    65.40   0.000     2.921607    3.102155
-------------+----------------------------------------------------------------
     sigma_u |  1.1340148
     sigma_e |  .64543335
         rho |   .7553209   (fraction of variance due to u_i)
------------------------------------------------------------------------------

. tempname output coefs stats variables b se

. matrix `coefs' = r(table)

. local observations `e(N)'

. local R2 `e(r2)'

. 
. local `stats' : rownames(`coefs')

. local `variables' : colnames(`coefs')

. 
. 
. file open `output' using "`tablefile'/columns/`specname'.yaml", write text replace

. 
. file write `output' "id: " "`specname'" _newline

. file write `output' "label: " "`speclabel'" _newline

. 
. file write `output' "coefficients:" _newline

. foreach X in ``variables'' {
  2.         scalar `b' = `coefs'[rownumb(`coefs',"b"),colnumb(`coefs',"`X'")]
  3.         scalar `se' = `coefs'[rownumb(`coefs',"se"),colnumb(`coefs',"`X'")]
  4.         file write `output' (" - id: `X'") _newline
  5.         file write `output' ("   estimate: " + string(`b', "`fmt'")) _newline
  6.         file write `output' ("   standard_error: " + string(`se', "`fmt'")) _newline
  7.         file write `output' ("   t_statistic: " + string(`b'/`se', "`fmt'")) _newline
  8.         file write `output' ("   p_value: " + string(`coefs'[rownumb(`coefs',"pvalue"),colnumb(`coefs',"`X'")]), "`fmt'") _
> newline
  9. }

. file write `output' "extra_rows:" _newline

. foreach X in R2 observations `_others'{
  2.         if ("``X''"!="") {
  3.                 file write `output' (" - id: `X'") _newline
  4.                 file write `output' ("   value: ``X''") _newline
  5.         }
  6. }

. 
. file close `output'

. 
end of do-file
number of observations (_N) was 0, now 8
(8 missing values generated)
(8 missing values generated)
(8 missing values generated)
(1 real change made)
(1 real change made)
(1 real change made)
(1 real change made)
variable label was str1 now str12
(1 real change made)

 ( 1)  during = 0

       F(  1, 14528) =   19.66
            Prob > F =    0.0000

 ( 1) = 0
       Constraint 1 dropped

       F(  0, 14528) =       .
            Prob > F =         .
(1 real change made)
(1 real change made)
(1 real change made)
(1 real change made)
(1 real change made)

 ( 1)  - during + after = 0

       F(  1, 14528) =  132.65
            Prob > F =    0.0000

 ( 1) = 0
       Constraint 1 dropped

       F(  0, 14528) =       .
            Prob > F =         .
(1 real change made)
(1 real change made)
(1 real change made)
(1 real change made)
(1 real change made)

 ( 1)  during_expat = 0

       F(  1, 14528) =    0.02
            Prob > F =    0.8839

 ( 1)  during_expat = 0

       F(  1, 14528) =    0.02
            Prob > F =    0.8839
(1 real change made)
(1 real change made)
(1 real change made)
(1 real change made)
(1 real change made)

 ( 1)  - during_expat + after_expat = 0

       F(  1, 14528) =    5.39
            Prob > F =    0.0203

 ( 1)  after_expat = 0

       F(  1, 14528) =    2.04
            Prob > F =    0.1532
(file output/figure/acquisitions_lnL_slope.png written in PNG format)
lnKL: baseline

Fixed-effects (within) regression               Number of obs      =    515675
Group variable: firm_person                     Number of groups   =     58027

R-sq:  within  = 0.1467                         Obs per group: min =         1
       between = 0.0405                                        avg =       8.9
       overall = 0.0517                                        max =        25

                                                F(78,18507)        =     85.25
corr(u_i, Xb)  = -0.0714                        Prob > F           =    0.0000

                                (Std. Err. adjusted for 18,508 clusters in id)
------------------------------------------------------------------------------
             |               Robust
        lnKL |      Coef.   Std. Err.      t    P>|t|     [95% Conf. Interval]
-------------+----------------------------------------------------------------
     foreign |   .1101104   .0397047     2.77   0.006     .0322855    .1879353
      during |  -.0120138    .011188    -1.07   0.283    -.0339433    .0099157
       after |  -.0572629   .0203738    -2.81   0.005    -.0971974   -.0173284
during_expat |  -.2303039   .0216133   -10.66   0.000     -.272668   -.1879399
 after_expat |  -.3930766   .0313557   -12.54   0.000    -.4545366   -.3316166
             |
    ind_year |
          2  |   .1673856   .0316069     5.30   0.000     .1054332    .2293381
          3  |   .8037873   .0392752    20.47   0.000     .7268043    .8807703
          4  |   .9743296   .0448035    21.75   0.000     .8865107    1.062149
          5  |   1.160013   .0495227    23.42   0.000     1.062944    1.257082
          6  |   1.409617   .0544726    25.88   0.000     1.302846    1.516388
          7  |   1.689065   .0595461    28.37   0.000     1.572349    1.805781
          8  |   1.894117   .0647216    29.27   0.000     1.767257    2.020977
          9  |   2.041738   .0699153    29.20   0.000     1.904698    2.178779
         10  |    2.18876   .0757828    28.88   0.000     2.040219    2.337301
         11  |   2.344823    .081295    28.84   0.000     2.185478    2.504169
         12  |   2.405314   .0871751    27.59   0.000     2.234443    2.576185
         13  |   2.468425   .0931567    26.50   0.000     2.285829     2.65102
         14  |   2.495258   .0991452    25.17   0.000     2.300924    2.689592
         15  |   2.470357   .1052906    23.46   0.000     2.263978    2.676736
         16  |   2.519162   .1111613    22.66   0.000     2.301276    2.737049
         17  |   2.549861   .1173664    21.73   0.000     2.319812     2.77991
         18  |   2.565199   .1235063    20.77   0.000     2.323115    2.807283
         19  |   2.533077     .12969    19.53   0.000     2.278873    2.787282
         20  |   2.543146   .1355519    18.76   0.000     2.277452    2.808841
         21  |   2.575135   .1407414    18.30   0.000     2.299269    2.851001
         22  |   2.607654   .1457997    17.89   0.000     2.321873    2.893435
         23  |   2.712974   .1508634    17.98   0.000     2.417268     3.00868
         24  |   2.481063    .156792    15.82   0.000     2.173736    2.788389
         25  |   2.484823   .1625856    15.28   0.000      2.16614    2.803506
         26  |   .4742935   .0730025     6.50   0.000     .3312019     .617385
         27  |   .6270165   .0661805     9.47   0.000     .4972966    .7567365
         28  |   .9494134   .0625135    15.19   0.000     .8268811    1.071946
         29  |   1.102971   .0622756    17.71   0.000     .9809048    1.225037
         30  |   1.229625   .0637469    19.29   0.000     1.104675    1.354575
         31  |   1.392214   .0660706    21.07   0.000      1.26271    1.521718
         32  |    1.61063   .0689824    23.35   0.000     1.475418    1.745841
         33  |   1.792483   .0725859    24.69   0.000     1.650208    1.934758
         34  |   1.917198   .0770674    24.88   0.000     1.766139    2.068257
         35  |   2.025997   .0817804    24.77   0.000       1.8657    2.186294
         36  |   2.134105   .0869772    24.54   0.000     1.963621    2.304588
         37  |   2.239063   .0921323    24.30   0.000     2.058475    2.419651
         38  |   2.329934   .0974605    23.91   0.000     2.138903    2.520966
         39  |   2.359636   .1031401    22.88   0.000     2.157472      2.5618
         40  |   2.381098   .1087645    21.89   0.000      2.16791    2.594287
         41  |   2.408131   .1145121    21.03   0.000     2.183676    2.632585
         42  |   2.490459   .1206744    20.64   0.000     2.253926    2.726992
         43  |   2.558322    .126975    20.15   0.000     2.309439    2.807205
         44  |   2.547087   .1333647    19.10   0.000      2.28568    2.808494
         45  |   2.584508   .1390259    18.59   0.000     2.312005    2.857012
         46  |   2.600209   .1449125    17.94   0.000     2.316167    2.884251
         47  |   2.651085   .1501419    17.66   0.000     2.356793    2.945377
         48  |   2.733736   .1550162    17.64   0.000      2.42989    3.037582
         49  |   2.625836   .1606424    16.35   0.000     2.310962     2.94071
         50  |   2.647611   .1656578    15.98   0.000     2.322906    2.972315
             |
     age_cat |
          1  |   .0802094   .0265819     3.02   0.003     .0281065    .1323123
          2  |   .0993806   .0304453     3.26   0.001      .039705    .1590563
          3  |   .0929472   .0346697     2.68   0.007     .0249913     .160903
          4  |   .1068095   .0395278     2.70   0.007     .0293314    .1842877
          5  |   .0854616   .0448196     1.91   0.057    -.0023889    .1733122
          6  |   .0586789   .0504338     1.16   0.245    -.0401759    .1575338
          7  |   .0407514   .0562382     0.72   0.469    -.0694806    .1509834
          8  |   .0297735   .0622689     0.48   0.633    -.0922792    .1518262
          9  |   .0197501    .068348     0.29   0.773    -.1142183    .1537184
         10  |   .0052962   .0744969     0.07   0.943    -.1407246     .151317
         11  |  -.0039817   .0807211    -0.05   0.961    -.1622025    .1542391
         12  |  -.0112221   .0868299    -0.13   0.897    -.1814167    .1589726
         13  |  -.0266192   .0930716    -0.29   0.775    -.2090481    .1558096
         14  |  -.0272123   .0993991    -0.27   0.784    -.2220438    .1676191
         15  |  -.0255834   .1057375    -0.24   0.809    -.2328385    .1816718
         16  |  -.0366486   .1123285    -0.33   0.744    -.2568229    .1835257
         17  |   -.048267   .1189143    -0.41   0.685    -.2813499    .1848159
         18  |  -.0463919   .1253416    -0.37   0.711     -.292073    .1992892
         19  |  -.0672812   .1321252    -0.51   0.611    -.3262587    .1916962
         20  |  -.1051328   .1450419    -0.72   0.469    -.3894282    .1791626
         25  |  -.1837436   .1662639    -1.11   0.269    -.5096362    .1421491
         30  |  -.1311411   .2051479    -0.64   0.523      -.53325    .2709678
         40  |   .0459761   .2377544     0.19   0.847    -.4200445    .5119966
         50  |   .1246088   .2607484     0.48   0.633    -.3864821    .6356998
             |
       _cons |   4.039094   .0540221    74.77   0.000     3.933205    4.144982
-------------+----------------------------------------------------------------
     sigma_u |  1.7501026
     sigma_e |  .88259837
         rho |  .79723776   (fraction of variance due to u_i)
------------------------------------------------------------------------------

. args tablefile specname speclabel

. 
. local fmt "%10.5f"

. 
. * create directory if needed
. * FIXME: this only works with relative paths
. local list_of_dirs = subinstr("`tablefile'/columns","/"," ",.)

. local sofar "."

. foreach word in `list_of_dirs' {
  2.         local sofar "`sofar'/`word'"
  3.         capture mkdir "`sofar'"
  4. }

. 
. macro shift

. macro shift

. macro shift

. 
. local _others ""

. local _state "key"

. while "`1'"!="" {
  2.         if ("`_state'"=="key") {
  3.                 di "key: `1'"
  4.                 local _key `1'
  5.                 local _state "value"
  6.                 local _others "`_others' `1'"
  7.         }
  8.         else {
  9.                 di "value: `1'"
 10.                 local `_key' "`1'"
 11.                 local _state "key"
 12.         }
 13.         macro shift
 14. }
key: R2_within
value: .1467366968228778

. 
. estimates

--------------------------------------------------------------------------------------------------------------------------------
active results
--------------------------------------------------------------------------------------------------------------------------------

Fixed-effects (within) regression               Number of obs     =    515,675
Group variable: firm_person                     Number of groups  =     58,027

R-sq:                                           Obs per group:
     within  = 0.1467                                         min =          1
     between = 0.0405                                         avg =        8.9
     overall = 0.0517                                         max =         25

                                                F(78,18507)       =      85.25
corr(u_i, Xb)  = -0.0714                        Prob > F          =     0.0000

                                (Std. Err. adjusted for 18,508 clusters in id)
------------------------------------------------------------------------------
             |               Robust
        lnKL |      Coef.   Std. Err.      t    P>|t|     [95% Conf. Interval]
-------------+----------------------------------------------------------------
     foreign |   .1101104   .0397047     2.77   0.006     .0322855    .1879353
      during |  -.0120138    .011188    -1.07   0.283    -.0339433    .0099157
       after |  -.0572629   .0203738    -2.81   0.005    -.0971974   -.0173284
during_expat |  -.2303039   .0216133   -10.66   0.000     -.272668   -.1879399
 after_expat |  -.3930766   .0313557   -12.54   0.000    -.4545366   -.3316166
             |
    ind_year |
          2  |   .1673856   .0316069     5.30   0.000     .1054332    .2293381
          3  |   .8037873   .0392752    20.47   0.000     .7268043    .8807703
          4  |   .9743296   .0448035    21.75   0.000     .8865107    1.062149
          5  |   1.160013   .0495227    23.42   0.000     1.062944    1.257082
          6  |   1.409617   .0544726    25.88   0.000     1.302846    1.516388
          7  |   1.689065   .0595461    28.37   0.000     1.572349    1.805781
          8  |   1.894117   .0647216    29.27   0.000     1.767257    2.020977
          9  |   2.041738   .0699153    29.20   0.000     1.904698    2.178779
         10  |    2.18876   .0757828    28.88   0.000     2.040219    2.337301
         11  |   2.344823    .081295    28.84   0.000     2.185478    2.504169
         12  |   2.405314   .0871751    27.59   0.000     2.234443    2.576185
         13  |   2.468425   .0931567    26.50   0.000     2.285829     2.65102
         14  |   2.495258   .0991452    25.17   0.000     2.300924    2.689592
         15  |   2.470357   .1052906    23.46   0.000     2.263978    2.676736
         16  |   2.519162   .1111613    22.66   0.000     2.301276    2.737049
         17  |   2.549861   .1173664    21.73   0.000     2.319812     2.77991
         18  |   2.565199   .1235063    20.77   0.000     2.323115    2.807283
         19  |   2.533077     .12969    19.53   0.000     2.278873    2.787282
         20  |   2.543146   .1355519    18.76   0.000     2.277452    2.808841
         21  |   2.575135   .1407414    18.30   0.000     2.299269    2.851001
         22  |   2.607654   .1457997    17.89   0.000     2.321873    2.893435
         23  |   2.712974   .1508634    17.98   0.000     2.417268     3.00868
         24  |   2.481063    .156792    15.82   0.000     2.173736    2.788389
         25  |   2.484823   .1625856    15.28   0.000      2.16614    2.803506
         26  |   .4742935   .0730025     6.50   0.000     .3312019     .617385
         27  |   .6270165   .0661805     9.47   0.000     .4972966    .7567365
         28  |   .9494134   .0625135    15.19   0.000     .8268811    1.071946
         29  |   1.102971   .0622756    17.71   0.000     .9809048    1.225037
         30  |   1.229625   .0637469    19.29   0.000     1.104675    1.354575
         31  |   1.392214   .0660706    21.07   0.000      1.26271    1.521718
         32  |    1.61063   .0689824    23.35   0.000     1.475418    1.745841
         33  |   1.792483   .0725859    24.69   0.000     1.650208    1.934758
         34  |   1.917198   .0770674    24.88   0.000     1.766139    2.068257
         35  |   2.025997   .0817804    24.77   0.000       1.8657    2.186294
         36  |   2.134105   .0869772    24.54   0.000     1.963621    2.304588
         37  |   2.239063   .0921323    24.30   0.000     2.058475    2.419651
         38  |   2.329934   .0974605    23.91   0.000     2.138903    2.520966
         39  |   2.359636   .1031401    22.88   0.000     2.157472      2.5618
         40  |   2.381098   .1087645    21.89   0.000      2.16791    2.594287
         41  |   2.408131   .1145121    21.03   0.000     2.183676    2.632585
         42  |   2.490459   .1206744    20.64   0.000     2.253926    2.726992
         43  |   2.558322    .126975    20.15   0.000     2.309439    2.807205
         44  |   2.547087   .1333647    19.10   0.000      2.28568    2.808494
         45  |   2.584508   .1390259    18.59   0.000     2.312005    2.857012
         46  |   2.600209   .1449125    17.94   0.000     2.316167    2.884251
         47  |   2.651085   .1501419    17.66   0.000     2.356793    2.945377
         48  |   2.733736   .1550162    17.64   0.000      2.42989    3.037582
         49  |   2.625836   .1606424    16.35   0.000     2.310962     2.94071
         50  |   2.647611   .1656578    15.98   0.000     2.322906    2.972315
             |
     age_cat |
          1  |   .0802094   .0265819     3.02   0.003     .0281065    .1323123
          2  |   .0993806   .0304453     3.26   0.001      .039705    .1590563
          3  |   .0929472   .0346697     2.68   0.007     .0249913     .160903
          4  |   .1068095   .0395278     2.70   0.007     .0293314    .1842877
          5  |   .0854616   .0448196     1.91   0.057    -.0023889    .1733122
          6  |   .0586789   .0504338     1.16   0.245    -.0401759    .1575338
          7  |   .0407514   .0562382     0.72   0.469    -.0694806    .1509834
          8  |   .0297735   .0622689     0.48   0.633    -.0922792    .1518262
          9  |   .0197501    .068348     0.29   0.773    -.1142183    .1537184
         10  |   .0052962   .0744969     0.07   0.943    -.1407246     .151317
         11  |  -.0039817   .0807211    -0.05   0.961    -.1622025    .1542391
         12  |  -.0112221   .0868299    -0.13   0.897    -.1814167    .1589726
         13  |  -.0266192   .0930716    -0.29   0.775    -.2090481    .1558096
         14  |  -.0272123   .0993991    -0.27   0.784    -.2220438    .1676191
         15  |  -.0255834   .1057375    -0.24   0.809    -.2328385    .1816718
         16  |  -.0366486   .1123285    -0.33   0.744    -.2568229    .1835257
         17  |   -.048267   .1189143    -0.41   0.685    -.2813499    .1848159
         18  |  -.0463919   .1253416    -0.37   0.711     -.292073    .1992892
         19  |  -.0672812   .1321252    -0.51   0.611    -.3262587    .1916962
         20  |  -.1051328   .1450419    -0.72   0.469    -.3894282    .1791626
         25  |  -.1837436   .1662639    -1.11   0.269    -.5096362    .1421491
         30  |  -.1311411   .2051479    -0.64   0.523      -.53325    .2709678
         40  |   .0459761   .2377544     0.19   0.847    -.4200445    .5119966
         50  |   .1246088   .2607484     0.48   0.633    -.3864821    .6356998
             |
       _cons |   4.039094   .0540221    74.77   0.000     3.933205    4.144982
-------------+----------------------------------------------------------------
     sigma_u |  1.7501026
     sigma_e |  .88259837
         rho |  .79723776   (fraction of variance due to u_i)
------------------------------------------------------------------------------

. tempname output coefs stats variables b se

. matrix `coefs' = r(table)

. local observations `e(N)'

. local R2 `e(r2)'

. 
. local `stats' : rownames(`coefs')

. local `variables' : colnames(`coefs')

. 
. 
. file open `output' using "`tablefile'/columns/`specname'.yaml", write text replace

. 
. file write `output' "id: " "`specname'" _newline

. file write `output' "label: " "`speclabel'" _newline

. 
. file write `output' "coefficients:" _newline

. foreach X in ``variables'' {
  2.         scalar `b' = `coefs'[rownumb(`coefs',"b"),colnumb(`coefs',"`X'")]
  3.         scalar `se' = `coefs'[rownumb(`coefs',"se"),colnumb(`coefs',"`X'")]
  4.         file write `output' (" - id: `X'") _newline
  5.         file write `output' ("   estimate: " + string(`b', "`fmt'")) _newline
  6.         file write `output' ("   standard_error: " + string(`se', "`fmt'")) _newline
  7.         file write `output' ("   t_statistic: " + string(`b'/`se', "`fmt'")) _newline
  8.         file write `output' ("   p_value: " + string(`coefs'[rownumb(`coefs',"pvalue"),colnumb(`coefs',"`X'")]), "`fmt'") _
> newline
  9. }

. file write `output' "extra_rows:" _newline

. foreach X in R2 observations `_others'{
  2.         if ("``X''"!="") {
  3.                 file write `output' (" - id: `X'") _newline
  4.                 file write `output' ("   value: ``X''") _newline
  5.         }
  6. }

. 
. file close `output'

. 
end of do-file
number of observations (_N) was 0, now 8
(8 missing values generated)
(8 missing values generated)
(8 missing values generated)
(1 real change made)
(1 real change made)
(1 real change made)
(1 real change made)
variable label was str1 now str12
(1 real change made)

 ( 1)  during = 0

       F(  1, 18507) =    1.15
            Prob > F =    0.2829

 ( 1) = 0
       Constraint 1 dropped

       F(  0, 18507) =       .
            Prob > F =         .
(1 real change made)
(1 real change made)
(1 real change made)
(1 real change made)
(1 real change made)

 ( 1)  - during + after = 0

       F(  1, 18507) =    9.72
            Prob > F =    0.0018

 ( 1) = 0
       Constraint 1 dropped

       F(  0, 18507) =       .
            Prob > F =         .
(1 real change made)
(1 real change made)
(1 real change made)
(1 real change made)
(1 real change made)

 ( 1)  during_expat = 0

       F(  1, 18507) =  113.54
            Prob > F =    0.0000

 ( 1)  during_expat = 0

       F(  1, 18507) =  113.54
            Prob > F =    0.0000
variable label was str12 now str14
(1 real change made)
(1 real change made)
(1 real change made)
(1 real change made)
(1 real change made)
(1 real change made)

 ( 1)  - during_expat + after_expat = 0

       F(  1, 18507) =   53.53
            Prob > F =    0.0000

 ( 1)  after_expat = 0

       F(  1, 18507) =  157.15
            Prob > F =    0.0000
(1 real change made)
(file output/figure/baseline_lnKL_slope.png written in PNG format)
lnKL: acquisitions

Fixed-effects (within) regression               Number of obs      =    354772
Group variable: firm_person                     Number of groups   =     39630

R-sq:  within  = 0.1726                         Obs per group: min =         1
       between = 0.0597                                        avg =       9.0
       overall = 0.0750                                        max =        25

                                                F(78,14528)        =     79.13
corr(u_i, Xb)  = -0.0391                        Prob > F           =    0.0000

                                (Std. Err. adjusted for 14,529 clusters in id)
------------------------------------------------------------------------------
             |               Robust
        lnKL |      Coef.   Std. Err.      t    P>|t|     [95% Conf. Interval]
-------------+----------------------------------------------------------------
     foreign |   .0177664   .0490544     0.36   0.717    -.0783865    .1139193
      during |  -.0011257   .0125555    -0.09   0.929    -.0257361    .0234848
       after |     -.0181   .0232805    -0.78   0.437    -.0637327    .0275327
during_expat |  -.0832183   .0524477    -1.59   0.113    -.1860226    .0195859
 after_expat |   -.189299   .0679342    -2.79   0.005    -.3224586   -.0561394
             |
    ind_year |
          2  |   .1588217   .0352366     4.51   0.000     .0897534      .22789
          3  |   .8149163   .0434773    18.74   0.000     .7296952    .9001374
          4  |   .9924554   .0494712    20.06   0.000     .8954855    1.089425
          5  |   1.164496   .0546702    21.30   0.000     1.057335    1.271656
          6  |   1.410582   .0598753    23.56   0.000     1.293218    1.527945
          7  |   1.700246    .065252    26.06   0.000     1.572344    1.828149
          8  |   1.912783   .0706744    27.06   0.000     1.774252    2.051314
          9  |   2.057671   .0761228    27.03   0.000      1.90846    2.206881
         10  |   2.203101   .0824474    26.72   0.000     2.041493    2.364708
         11  |    2.36169   .0883933    26.72   0.000     2.188428    2.534952
         12  |   2.424418   .0947238    25.59   0.000     2.238747    2.610089
         13  |   2.487629   .1011696    24.59   0.000     2.289323    2.685934
         14  |   2.508173   .1076455    23.30   0.000     2.297174    2.719171
         15  |    2.48393   .1142294    21.75   0.000     2.260025    2.707834
         16  |   2.542234   .1205041    21.10   0.000      2.30603    2.778437
         17  |   2.574912   .1271889    20.24   0.000     2.325606    2.824218
         18  |   2.585373   .1337197    19.33   0.000     2.323265    2.847481
         19  |   2.548726   .1402273    18.18   0.000     2.273862    2.823589
         20  |   2.551973   .1465559    17.41   0.000     2.264704    2.839241
         21  |   2.583054    .152077    16.99   0.000     2.284963    2.881144
         22  |   2.623051   .1575432    16.65   0.000     2.314246    2.931855
         23  |   2.737277   .1629831    16.79   0.000      2.41781    3.056745
         24  |   2.537359   .1693348    14.98   0.000     2.205441    2.869277
         25  |   2.531478    .175559    14.42   0.000      2.18736    2.875596
         26  |   .4666094   .0842593     5.54   0.000     .3014503    .6317684
         27  |   .5904801   .0750798     7.86   0.000      .443314    .7376461
         28  |   .9112884   .0703428    12.95   0.000     .7734074    1.049169
         29  |   1.073959   .0696118    15.43   0.000     .9375112    1.210407
         30  |   1.199055   .0710109    16.89   0.000     1.059865    1.338245
         31  |   1.361794   .0735116    18.52   0.000     1.217702    1.505887
         32  |   1.589641   .0761524    20.87   0.000     1.440373    1.738909
         33  |   1.751208    .080321    21.80   0.000     1.593768    1.908647
         34  |   1.881878   .0849391    22.16   0.000     1.715386    2.048369
         35  |   2.000203   .0900702    22.21   0.000     1.823654    2.176752
         36  |   2.135558   .0954695    22.37   0.000     1.948426     2.32269
         37  |   2.265881   .1009461    22.45   0.000     2.068013    2.463748
         38  |   2.339217   .1066018    21.94   0.000     2.130264     2.54817
         39  |   2.370003   .1124806    21.07   0.000     2.149527    2.590479
         40  |   2.384532   .1184101    20.14   0.000     2.152433    2.616631
         41  |   2.416871   .1246208    19.39   0.000     2.172599    2.661144
         42  |   2.500994   .1312694    19.05   0.000     2.243689    2.758298
         43  |   2.550753   .1380385    18.48   0.000      2.28018    2.821326
         44  |   2.541448   .1448527    17.55   0.000     2.257518    2.825378
         45  |   2.574703   .1510935    17.04   0.000     2.278541    2.870866
         46  |   2.576066   .1574999    16.36   0.000     2.267346    2.884786
         47  |   2.614681   .1630233    16.04   0.000     2.295134    2.934227
         48  |   2.696487    .168086    16.04   0.000     2.367017    3.025957
         49  |   2.625029   .1741274    15.08   0.000     2.283717    2.966341
         50  |   2.646096   .1794778    14.74   0.000     2.294296    2.997895
             |
     age_cat |
          1  |    .092609   .0297486     3.11   0.002     .0342981      .15092
          2  |   .1385929   .0341255     4.06   0.000     .0717027    .2054832
          3  |   .1498381   .0386634     3.88   0.000     .0740529    .2256233
          4  |   .1727343   .0438402     3.94   0.000     .0868019    .2586666
          5  |   .1636409   .0494692     3.31   0.001     .0666749    .2606068
          6  |   .1378809   .0554368     2.49   0.013     .0292178    .2465439
          7  |   .1385352   .0616457     2.25   0.025     .0177019    .2593686
          8  |   .1346332   .0680983     1.98   0.048     .0011519    .2681145
          9  |   .1393685    .074528     1.87   0.062    -.0067159    .2854528
         10  |   .1349106   .0811306     1.66   0.096    -.0241157     .293937
         11  |   .1278185   .0878466     1.46   0.146    -.0443721    .3000091
         12  |    .122252   .0943352     1.30   0.195    -.0626571    .3071611
         13  |   .1051531   .1010466     1.04   0.298    -.0929111    .3032173
         14  |   .1107607   .1078447     1.03   0.304    -.1006287    .3221501
         15  |   .1149324   .1146875     1.00   0.316    -.1098696    .3397345
         16  |   .0973372    .121793     0.80   0.424    -.1413926    .3360669
         17  |   .0840071   .1288238     0.65   0.514    -.1685039    .3365182
         18  |   .0936148   .1357369     0.69   0.490    -.1724469    .3596764
         19  |   .0734821   .1429527     0.51   0.607    -.2067233    .3536875
         20  |   .0357554   .1568948     0.23   0.820    -.2717783    .3432892
         25  |  -.0261433   .1799437    -0.15   0.884    -.3788558    .3265693
         30  |   .0403835   .2209175     0.18   0.855    -.3926429      .47341
         40  |   .2067705   .2545843     0.81   0.417    -.2922472    .7057882
         50  |   .2652682   .2788103     0.95   0.341    -.2812355    .8117718
             |
       _cons |   3.806993   .0577521    65.92   0.000     3.693792    3.920195
-------------+----------------------------------------------------------------
     sigma_u |  1.7085473
     sigma_e |  .88293345
         rho |  .78923125   (fraction of variance due to u_i)
------------------------------------------------------------------------------

. args tablefile specname speclabel

. 
. local fmt "%10.5f"

. 
. * create directory if needed
. * FIXME: this only works with relative paths
. local list_of_dirs = subinstr("`tablefile'/columns","/"," ",.)

. local sofar "."

. foreach word in `list_of_dirs' {
  2.         local sofar "`sofar'/`word'"
  3.         capture mkdir "`sofar'"
  4. }

. 
. macro shift

. macro shift

. macro shift

. 
. local _others ""

. local _state "key"

. while "`1'"!="" {
  2.         if ("`_state'"=="key") {
  3.                 di "key: `1'"
  4.                 local _key `1'
  5.                 local _state "value"
  6.                 local _others "`_others' `1'"
  7.         }
  8.         else {
  9.                 di "value: `1'"
 10.                 local `_key' "`1'"
 11.                 local _state "key"
 12.         }
 13.         macro shift
 14. }
key: R2_within
value: .172594346640377

. 
. estimates

--------------------------------------------------------------------------------------------------------------------------------
active results
--------------------------------------------------------------------------------------------------------------------------------

Fixed-effects (within) regression               Number of obs     =    354,772
Group variable: firm_person                     Number of groups  =     39,630

R-sq:                                           Obs per group:
     within  = 0.1726                                         min =          1
     between = 0.0597                                         avg =        9.0
     overall = 0.0750                                         max =         25

                                                F(78,14528)       =      79.13
corr(u_i, Xb)  = -0.0391                        Prob > F          =     0.0000

                                (Std. Err. adjusted for 14,529 clusters in id)
------------------------------------------------------------------------------
             |               Robust
        lnKL |      Coef.   Std. Err.      t    P>|t|     [95% Conf. Interval]
-------------+----------------------------------------------------------------
     foreign |   .0177664   .0490544     0.36   0.717    -.0783865    .1139193
      during |  -.0011257   .0125555    -0.09   0.929    -.0257361    .0234848
       after |     -.0181   .0232805    -0.78   0.437    -.0637327    .0275327
during_expat |  -.0832183   .0524477    -1.59   0.113    -.1860226    .0195859
 after_expat |   -.189299   .0679342    -2.79   0.005    -.3224586   -.0561394
             |
    ind_year |
          2  |   .1588217   .0352366     4.51   0.000     .0897534      .22789
          3  |   .8149163   .0434773    18.74   0.000     .7296952    .9001374
          4  |   .9924554   .0494712    20.06   0.000     .8954855    1.089425
          5  |   1.164496   .0546702    21.30   0.000     1.057335    1.271656
          6  |   1.410582   .0598753    23.56   0.000     1.293218    1.527945
          7  |   1.700246    .065252    26.06   0.000     1.572344    1.828149
          8  |   1.912783   .0706744    27.06   0.000     1.774252    2.051314
          9  |   2.057671   .0761228    27.03   0.000      1.90846    2.206881
         10  |   2.203101   .0824474    26.72   0.000     2.041493    2.364708
         11  |    2.36169   .0883933    26.72   0.000     2.188428    2.534952
         12  |   2.424418   .0947238    25.59   0.000     2.238747    2.610089
         13  |   2.487629   .1011696    24.59   0.000     2.289323    2.685934
         14  |   2.508173   .1076455    23.30   0.000     2.297174    2.719171
         15  |    2.48393   .1142294    21.75   0.000     2.260025    2.707834
         16  |   2.542234   .1205041    21.10   0.000      2.30603    2.778437
         17  |   2.574912   .1271889    20.24   0.000     2.325606    2.824218
         18  |   2.585373   .1337197    19.33   0.000     2.323265    2.847481
         19  |   2.548726   .1402273    18.18   0.000     2.273862    2.823589
         20  |   2.551973   .1465559    17.41   0.000     2.264704    2.839241
         21  |   2.583054    .152077    16.99   0.000     2.284963    2.881144
         22  |   2.623051   .1575432    16.65   0.000     2.314246    2.931855
         23  |   2.737277   .1629831    16.79   0.000      2.41781    3.056745
         24  |   2.537359   .1693348    14.98   0.000     2.205441    2.869277
         25  |   2.531478    .175559    14.42   0.000      2.18736    2.875596
         26  |   .4666094   .0842593     5.54   0.000     .3014503    .6317684
         27  |   .5904801   .0750798     7.86   0.000      .443314    .7376461
         28  |   .9112884   .0703428    12.95   0.000     .7734074    1.049169
         29  |   1.073959   .0696118    15.43   0.000     .9375112    1.210407
         30  |   1.199055   .0710109    16.89   0.000     1.059865    1.338245
         31  |   1.361794   .0735116    18.52   0.000     1.217702    1.505887
         32  |   1.589641   .0761524    20.87   0.000     1.440373    1.738909
         33  |   1.751208    .080321    21.80   0.000     1.593768    1.908647
         34  |   1.881878   .0849391    22.16   0.000     1.715386    2.048369
         35  |   2.000203   .0900702    22.21   0.000     1.823654    2.176752
         36  |   2.135558   .0954695    22.37   0.000     1.948426     2.32269
         37  |   2.265881   .1009461    22.45   0.000     2.068013    2.463748
         38  |   2.339217   .1066018    21.94   0.000     2.130264     2.54817
         39  |   2.370003   .1124806    21.07   0.000     2.149527    2.590479
         40  |   2.384532   .1184101    20.14   0.000     2.152433    2.616631
         41  |   2.416871   .1246208    19.39   0.000     2.172599    2.661144
         42  |   2.500994   .1312694    19.05   0.000     2.243689    2.758298
         43  |   2.550753   .1380385    18.48   0.000      2.28018    2.821326
         44  |   2.541448   .1448527    17.55   0.000     2.257518    2.825378
         45  |   2.574703   .1510935    17.04   0.000     2.278541    2.870866
         46  |   2.576066   .1574999    16.36   0.000     2.267346    2.884786
         47  |   2.614681   .1630233    16.04   0.000     2.295134    2.934227
         48  |   2.696487    .168086    16.04   0.000     2.367017    3.025957
         49  |   2.625029   .1741274    15.08   0.000     2.283717    2.966341
         50  |   2.646096   .1794778    14.74   0.000     2.294296    2.997895
             |
     age_cat |
          1  |    .092609   .0297486     3.11   0.002     .0342981      .15092
          2  |   .1385929   .0341255     4.06   0.000     .0717027    .2054832
          3  |   .1498381   .0386634     3.88   0.000     .0740529    .2256233
          4  |   .1727343   .0438402     3.94   0.000     .0868019    .2586666
          5  |   .1636409   .0494692     3.31   0.001     .0666749    .2606068
          6  |   .1378809   .0554368     2.49   0.013     .0292178    .2465439
          7  |   .1385352   .0616457     2.25   0.025     .0177019    .2593686
          8  |   .1346332   .0680983     1.98   0.048     .0011519    .2681145
          9  |   .1393685    .074528     1.87   0.062    -.0067159    .2854528
         10  |   .1349106   .0811306     1.66   0.096    -.0241157     .293937
         11  |   .1278185   .0878466     1.46   0.146    -.0443721    .3000091
         12  |    .122252   .0943352     1.30   0.195    -.0626571    .3071611
         13  |   .1051531   .1010466     1.04   0.298    -.0929111    .3032173
         14  |   .1107607   .1078447     1.03   0.304    -.1006287    .3221501
         15  |   .1149324   .1146875     1.00   0.316    -.1098696    .3397345
         16  |   .0973372    .121793     0.80   0.424    -.1413926    .3360669
         17  |   .0840071   .1288238     0.65   0.514    -.1685039    .3365182
         18  |   .0936148   .1357369     0.69   0.490    -.1724469    .3596764
         19  |   .0734821   .1429527     0.51   0.607    -.2067233    .3536875
         20  |   .0357554   .1568948     0.23   0.820    -.2717783    .3432892
         25  |  -.0261433   .1799437    -0.15   0.884    -.3788558    .3265693
         30  |   .0403835   .2209175     0.18   0.855    -.3926429      .47341
         40  |   .2067705   .2545843     0.81   0.417    -.2922472    .7057882
         50  |   .2652682   .2788103     0.95   0.341    -.2812355    .8117718
             |
       _cons |   3.806993   .0577521    65.92   0.000     3.693792    3.920195
-------------+----------------------------------------------------------------
     sigma_u |  1.7085473
     sigma_e |  .88293345
         rho |  .78923125   (fraction of variance due to u_i)
------------------------------------------------------------------------------

. tempname output coefs stats variables b se

. matrix `coefs' = r(table)

. local observations `e(N)'

. local R2 `e(r2)'

. 
. local `stats' : rownames(`coefs')

. local `variables' : colnames(`coefs')

. 
. 
. file open `output' using "`tablefile'/columns/`specname'.yaml", write text replace

. 
. file write `output' "id: " "`specname'" _newline

. file write `output' "label: " "`speclabel'" _newline

. 
. file write `output' "coefficients:" _newline

. foreach X in ``variables'' {
  2.         scalar `b' = `coefs'[rownumb(`coefs',"b"),colnumb(`coefs',"`X'")]
  3.         scalar `se' = `coefs'[rownumb(`coefs',"se"),colnumb(`coefs',"`X'")]
  4.         file write `output' (" - id: `X'") _newline
  5.         file write `output' ("   estimate: " + string(`b', "`fmt'")) _newline
  6.         file write `output' ("   standard_error: " + string(`se', "`fmt'")) _newline
  7.         file write `output' ("   t_statistic: " + string(`b'/`se', "`fmt'")) _newline
  8.         file write `output' ("   p_value: " + string(`coefs'[rownumb(`coefs',"pvalue"),colnumb(`coefs',"`X'")]), "`fmt'") _
> newline
  9. }

. file write `output' "extra_rows:" _newline

. foreach X in R2 observations `_others'{
  2.         if ("``X''"!="") {
  3.                 file write `output' (" - id: `X'") _newline
  4.                 file write `output' ("   value: ``X''") _newline
  5.         }
  6. }

. 
. file close `output'

. 
end of do-file
number of observations (_N) was 0, now 8
(8 missing values generated)
(8 missing values generated)
(8 missing values generated)
(1 real change made)
(1 real change made)
(1 real change made)
(1 real change made)
variable label was str1 now str12
(1 real change made)

 ( 1)  during = 0

       F(  1, 14528) =    0.01
            Prob > F =    0.9286

 ( 1) = 0
       Constraint 1 dropped

       F(  0, 14528) =       .
            Prob > F =         .
(1 real change made)
(1 real change made)
(1 real change made)
(1 real change made)
(1 real change made)

 ( 1)  - during + after = 0

       F(  1, 14528) =    1.02
            Prob > F =    0.3122

 ( 1) = 0
       Constraint 1 dropped

       F(  0, 14528) =       .
            Prob > F =         .
(1 real change made)
(1 real change made)
(1 real change made)
(1 real change made)
(1 real change made)

 ( 1)  during_expat = 0

       F(  1, 14528) =    2.52
            Prob > F =    0.1126

 ( 1)  during_expat = 0

       F(  1, 14528) =    2.52
            Prob > F =    0.1126
(1 real change made)
(1 real change made)
(1 real change made)
(1 real change made)
(1 real change made)

 ( 1)  - during_expat + after_expat = 0

       F(  1, 14528) =    5.07
            Prob > F =    0.0243

 ( 1)  after_expat = 0

       F(  1, 14528) =    7.76
            Prob > F =    0.0053
variable label was str12 now str13
(1 real change made)
(file output/figure/acquisitions_lnKL_slope.png written in PNG format)
lnQL: baseline

Fixed-effects (within) regression               Number of obs      =    515675
Group variable: firm_person                     Number of groups   =     58027

R-sq:  within  = 0.2324                         Obs per group: min =         1
       between = 0.1640                                        avg =       8.9
       overall = 0.1445                                        max =        25

                                                F(78,18507)        =    152.19
corr(u_i, Xb)  = 0.0593                         Prob > F           =    0.0000

                                (Std. Err. adjusted for 18,508 clusters in id)
------------------------------------------------------------------------------
             |               Robust
        lnQL |      Coef.   Std. Err.      t    P>|t|     [95% Conf. Interval]
-------------+----------------------------------------------------------------
     foreign |    .075566   .0210476     3.59   0.000     .0343108    .1168211
      during |   .0331039   .0066946     4.94   0.000      .019982    .0462259
       after |   .0593909   .0120413     4.93   0.000     .0357889    .0829929
during_expat |   .0561689   .0133654     4.20   0.000     .0299715    .0823663
 after_expat |   .0746045   .0192701     3.87   0.000     .0368334    .1123756
             |
    ind_year |
          2  |   .1072762   .0197598     5.43   0.000     .0685452    .1460072
          3  |   .2848148   .0240374    11.85   0.000     .2376992    .3319303
          4  |   .4668817   .0258758    18.04   0.000     .4161627    .5176007
          5  |   .6421352   .0282336    22.74   0.000     .5867948    .6974757
          6  |   .8288781   .0310555    26.69   0.000     .7680065    .8897497
          7  |   .9599219   .0334132    28.73   0.000      .894429    1.025415
          8  |   1.027969   .0359555    28.59   0.000     .9574933    1.098445
          9  |   1.141299   .0385758    29.59   0.000     1.065687    1.216911
         10  |   1.251702   .0415928    30.09   0.000     1.170176    1.333228
         11  |   1.318783   .0444323    29.68   0.000     1.231691    1.405874
         12  |   1.347622   .0474446    28.40   0.000     1.254626    1.440618
         13  |   1.400592   .0503095    27.84   0.000     1.301981    1.499204
         14  |   1.442105   .0531352    27.14   0.000     1.337955    1.546255
         15  |   1.506339   .0563568    26.73   0.000     1.395874    1.616803
         16  |   1.540671   .0588874    26.16   0.000     1.425247    1.656096
         17  |    1.58876   .0620612    25.60   0.000     1.467115    1.710406
         18  |   1.522742   .0650442    23.41   0.000     1.395249    1.650234
         19  |   1.553042   .0680209    22.83   0.000     1.419715    1.686369
         20  |   1.600042   .0709169    22.56   0.000     1.461038    1.739046
         21  |   1.617636   .0735568    21.99   0.000     1.473458    1.761815
         22  |   1.668764   .0760756    21.94   0.000     1.519648    1.817879
         23  |   1.721543   .0786071    21.90   0.000     1.567466    1.875621
         24  |    1.74641   .0814268    21.45   0.000     1.586806    1.906014
         25  |   1.745118   .0839412    20.79   0.000     1.580586    1.909651
         26  |  -.3192457   .0431214    -7.40   0.000    -.4037676   -.2347239
         27  |  -.1801322   .0400762    -4.49   0.000    -.2586852   -.1015792
         28  |      .0206   .0383302     0.54   0.591    -.0545308    .0957308
         29  |   .2662157   .0385109     6.91   0.000     .1907308    .3417006
         30  |   .4308547   .0385271    11.18   0.000     .3553381    .5063714
         31  |   .5951084   .0395362    15.05   0.000     .5176138     .672603
         32  |   .7414607   .0410419    18.07   0.000     .6610149    .8219065
         33  |   .8187336    .042431    19.30   0.000      .735565    .9019022
         34  |   .9681867   .0445199    21.75   0.000     .8809236     1.05545
         35  |    1.05336   .0463521    22.73   0.000     .9625057    1.144215
         36  |   1.099403   .0488366    22.51   0.000     1.003679    1.195127
         37  |   1.174373   .0512435    22.92   0.000     1.073931    1.274815
         38  |   1.248641   .0538361    23.19   0.000     1.143117    1.354164
         39  |   1.302655   .0565377    23.04   0.000     1.191836    1.413474
         40  |   1.406459   .0598825    23.49   0.000     1.289083    1.523834
         41  |   1.463764   .0622083    23.53   0.000      1.34183    1.585698
         42  |   1.540824   .0647164    23.81   0.000     1.413974    1.667674
         43  |   1.517412   .0677469    22.40   0.000     1.384622    1.650202
         44  |   1.575031   .0707065    22.28   0.000     1.436439    1.713622
         45  |   1.641476   .0734783    22.34   0.000     1.497452    1.785501
         46  |   1.649247    .076136    21.66   0.000     1.500014    1.798481
         47  |   1.683695   .0784684    21.46   0.000     1.529889      1.8375
         48  |   1.743614   .0807707    21.59   0.000     1.585296    1.901932
         49  |   1.748644   .0837244    20.89   0.000     1.584537    1.912752
         50  |    1.78513   .0862152    20.71   0.000      1.61614     1.95412
             |
     age_cat |
          1  |   .2804608   .0164111    17.09   0.000     .2482935    .3126281
          2  |   .3109887   .0181341    17.15   0.000     .2754442    .3465331
          3  |   .3038665   .0201354    15.09   0.000     .2643993    .3433336
          4  |   .2982699   .0222829    13.39   0.000     .2545934    .3419463
          5  |   .2869907   .0247622    11.59   0.000     .2384545     .335527
          6  |   .2777201   .0274574    10.11   0.000     .2239011    .3315391
          7  |   .2829201   .0303073     9.34   0.000      .223515    .3423253
          8  |    .266783   .0332154     8.03   0.000     .2016777    .3318883
          9  |   .2616188   .0361563     7.24   0.000     .1907491    .3324885
         10  |   .2496791   .0392177     6.37   0.000     .1728087    .3265495
         11  |   .2494522   .0423399     5.89   0.000     .1664621    .3324424
         12  |   .2351936   .0454906     5.17   0.000     .1460278    .3243594
         13  |   .2298727   .0485754     4.73   0.000     .1346604     .325085
         14  |   .2311038    .051725     4.47   0.000      .129718    .3324895
         15  |   .2290321   .0549366     4.17   0.000     .1213512    .3367129
         16  |   .2242011   .0580785     3.86   0.000     .1103619    .3380404
         17  |   .2123147   .0614121     3.46   0.001     .0919413    .3326881
         18  |   .2104907   .0646399     3.26   0.001     .0837906    .3371908
         19  |   .1877637   .0681271     2.76   0.006     .0542282    .3212992
         20  |    .159445   .0744578     2.14   0.032     .0135008    .3053892
         25  |   .1209493   .0848313     1.43   0.154    -.0453279    .2872265
         30  |   .1101321   .1133185     0.97   0.331    -.1119826    .3322469
         40  |   .1375772   .1278435     1.08   0.282    -.1130078    .3881623
         50  |   .1316773   .1399194     0.94   0.347    -.1425777    .4059323
             |
       _cons |   7.573173   .0319979   236.68   0.000     7.510455    7.635892
-------------+----------------------------------------------------------------
     sigma_u |  1.2110304
     sigma_e |  .53704731
         rho |  .83565957   (fraction of variance due to u_i)
------------------------------------------------------------------------------

. args tablefile specname speclabel

. 
. local fmt "%10.5f"

. 
. * create directory if needed
. * FIXME: this only works with relative paths
. local list_of_dirs = subinstr("`tablefile'/columns","/"," ",.)

. local sofar "."

. foreach word in `list_of_dirs' {
  2.         local sofar "`sofar'/`word'"
  3.         capture mkdir "`sofar'"
  4. }

. 
. macro shift

. macro shift

. macro shift

. 
. local _others ""

. local _state "key"

. while "`1'"!="" {
  2.         if ("`_state'"=="key") {
  3.                 di "key: `1'"
  4.                 local _key `1'
  5.                 local _state "value"
  6.                 local _others "`_others' `1'"
  7.         }
  8.         else {
  9.                 di "value: `1'"
 10.                 local `_key' "`1'"
 11.                 local _state "key"
 12.         }
 13.         macro shift
 14. }
key: R2_within
value: .2323791509438444

. 
. estimates

--------------------------------------------------------------------------------------------------------------------------------
active results
--------------------------------------------------------------------------------------------------------------------------------

Fixed-effects (within) regression               Number of obs     =    515,675
Group variable: firm_person                     Number of groups  =     58,027

R-sq:                                           Obs per group:
     within  = 0.2324                                         min =          1
     between = 0.1640                                         avg =        8.9
     overall = 0.1445                                         max =         25

                                                F(78,18507)       =     152.19
corr(u_i, Xb)  = 0.0593                         Prob > F          =     0.0000

                                (Std. Err. adjusted for 18,508 clusters in id)
------------------------------------------------------------------------------
             |               Robust
        lnQL |      Coef.   Std. Err.      t    P>|t|     [95% Conf. Interval]
-------------+----------------------------------------------------------------
     foreign |    .075566   .0210476     3.59   0.000     .0343108    .1168211
      during |   .0331039   .0066946     4.94   0.000      .019982    .0462259
       after |   .0593909   .0120413     4.93   0.000     .0357889    .0829929
during_expat |   .0561689   .0133654     4.20   0.000     .0299715    .0823663
 after_expat |   .0746045   .0192701     3.87   0.000     .0368334    .1123756
             |
    ind_year |
          2  |   .1072762   .0197598     5.43   0.000     .0685452    .1460072
          3  |   .2848148   .0240374    11.85   0.000     .2376992    .3319303
          4  |   .4668817   .0258758    18.04   0.000     .4161627    .5176007
          5  |   .6421352   .0282336    22.74   0.000     .5867948    .6974757
          6  |   .8288781   .0310555    26.69   0.000     .7680065    .8897497
          7  |   .9599219   .0334132    28.73   0.000      .894429    1.025415
          8  |   1.027969   .0359555    28.59   0.000     .9574933    1.098445
          9  |   1.141299   .0385758    29.59   0.000     1.065687    1.216911
         10  |   1.251702   .0415928    30.09   0.000     1.170176    1.333228
         11  |   1.318783   .0444323    29.68   0.000     1.231691    1.405874
         12  |   1.347622   .0474446    28.40   0.000     1.254626    1.440618
         13  |   1.400592   .0503095    27.84   0.000     1.301981    1.499204
         14  |   1.442105   .0531352    27.14   0.000     1.337955    1.546255
         15  |   1.506339   .0563568    26.73   0.000     1.395874    1.616803
         16  |   1.540671   .0588874    26.16   0.000     1.425247    1.656096
         17  |    1.58876   .0620612    25.60   0.000     1.467115    1.710406
         18  |   1.522742   .0650442    23.41   0.000     1.395249    1.650234
         19  |   1.553042   .0680209    22.83   0.000     1.419715    1.686369
         20  |   1.600042   .0709169    22.56   0.000     1.461038    1.739046
         21  |   1.617636   .0735568    21.99   0.000     1.473458    1.761815
         22  |   1.668764   .0760756    21.94   0.000     1.519648    1.817879
         23  |   1.721543   .0786071    21.90   0.000     1.567466    1.875621
         24  |    1.74641   .0814268    21.45   0.000     1.586806    1.906014
         25  |   1.745118   .0839412    20.79   0.000     1.580586    1.909651
         26  |  -.3192457   .0431214    -7.40   0.000    -.4037676   -.2347239
         27  |  -.1801322   .0400762    -4.49   0.000    -.2586852   -.1015792
         28  |      .0206   .0383302     0.54   0.591    -.0545308    .0957308
         29  |   .2662157   .0385109     6.91   0.000     .1907308    .3417006
         30  |   .4308547   .0385271    11.18   0.000     .3553381    .5063714
         31  |   .5951084   .0395362    15.05   0.000     .5176138     .672603
         32  |   .7414607   .0410419    18.07   0.000     .6610149    .8219065
         33  |   .8187336    .042431    19.30   0.000      .735565    .9019022
         34  |   .9681867   .0445199    21.75   0.000     .8809236     1.05545
         35  |    1.05336   .0463521    22.73   0.000     .9625057    1.144215
         36  |   1.099403   .0488366    22.51   0.000     1.003679    1.195127
         37  |   1.174373   .0512435    22.92   0.000     1.073931    1.274815
         38  |   1.248641   .0538361    23.19   0.000     1.143117    1.354164
         39  |   1.302655   .0565377    23.04   0.000     1.191836    1.413474
         40  |   1.406459   .0598825    23.49   0.000     1.289083    1.523834
         41  |   1.463764   .0622083    23.53   0.000      1.34183    1.585698
         42  |   1.540824   .0647164    23.81   0.000     1.413974    1.667674
         43  |   1.517412   .0677469    22.40   0.000     1.384622    1.650202
         44  |   1.575031   .0707065    22.28   0.000     1.436439    1.713622
         45  |   1.641476   .0734783    22.34   0.000     1.497452    1.785501
         46  |   1.649247    .076136    21.66   0.000     1.500014    1.798481
         47  |   1.683695   .0784684    21.46   0.000     1.529889      1.8375
         48  |   1.743614   .0807707    21.59   0.000     1.585296    1.901932
         49  |   1.748644   .0837244    20.89   0.000     1.584537    1.912752
         50  |    1.78513   .0862152    20.71   0.000      1.61614     1.95412
             |
     age_cat |
          1  |   .2804608   .0164111    17.09   0.000     .2482935    .3126281
          2  |   .3109887   .0181341    17.15   0.000     .2754442    .3465331
          3  |   .3038665   .0201354    15.09   0.000     .2643993    .3433336
          4  |   .2982699   .0222829    13.39   0.000     .2545934    .3419463
          5  |   .2869907   .0247622    11.59   0.000     .2384545     .335527
          6  |   .2777201   .0274574    10.11   0.000     .2239011    .3315391
          7  |   .2829201   .0303073     9.34   0.000      .223515    .3423253
          8  |    .266783   .0332154     8.03   0.000     .2016777    .3318883
          9  |   .2616188   .0361563     7.24   0.000     .1907491    .3324885
         10  |   .2496791   .0392177     6.37   0.000     .1728087    .3265495
         11  |   .2494522   .0423399     5.89   0.000     .1664621    .3324424
         12  |   .2351936   .0454906     5.17   0.000     .1460278    .3243594
         13  |   .2298727   .0485754     4.73   0.000     .1346604     .325085
         14  |   .2311038    .051725     4.47   0.000      .129718    .3324895
         15  |   .2290321   .0549366     4.17   0.000     .1213512    .3367129
         16  |   .2242011   .0580785     3.86   0.000     .1103619    .3380404
         17  |   .2123147   .0614121     3.46   0.001     .0919413    .3326881
         18  |   .2104907   .0646399     3.26   0.001     .0837906    .3371908
         19  |   .1877637   .0681271     2.76   0.006     .0542282    .3212992
         20  |    .159445   .0744578     2.14   0.032     .0135008    .3053892
         25  |   .1209493   .0848313     1.43   0.154    -.0453279    .2872265
         30  |   .1101321   .1133185     0.97   0.331    -.1119826    .3322469
         40  |   .1375772   .1278435     1.08   0.282    -.1130078    .3881623
         50  |   .1316773   .1399194     0.94   0.347    -.1425777    .4059323
             |
       _cons |   7.573173   .0319979   236.68   0.000     7.510455    7.635892
-------------+----------------------------------------------------------------
     sigma_u |  1.2110304
     sigma_e |  .53704731
         rho |  .83565957   (fraction of variance due to u_i)
------------------------------------------------------------------------------

. tempname output coefs stats variables b se

. matrix `coefs' = r(table)

. local observations `e(N)'

. local R2 `e(r2)'

. 
. local `stats' : rownames(`coefs')

. local `variables' : colnames(`coefs')

. 
. 
. file open `output' using "`tablefile'/columns/`specname'.yaml", write text replace

. 
. file write `output' "id: " "`specname'" _newline

. file write `output' "label: " "`speclabel'" _newline

. 
. file write `output' "coefficients:" _newline

. foreach X in ``variables'' {
  2.         scalar `b' = `coefs'[rownumb(`coefs',"b"),colnumb(`coefs',"`X'")]
  3.         scalar `se' = `coefs'[rownumb(`coefs',"se"),colnumb(`coefs',"`X'")]
  4.         file write `output' (" - id: `X'") _newline
  5.         file write `output' ("   estimate: " + string(`b', "`fmt'")) _newline
  6.         file write `output' ("   standard_error: " + string(`se', "`fmt'")) _newline
  7.         file write `output' ("   t_statistic: " + string(`b'/`se', "`fmt'")) _newline
  8.         file write `output' ("   p_value: " + string(`coefs'[rownumb(`coefs',"pvalue"),colnumb(`coefs',"`X'")]), "`fmt'") _
> newline
  9. }

. file write `output' "extra_rows:" _newline

. foreach X in R2 observations `_others'{
  2.         if ("``X''"!="") {
  3.                 file write `output' (" - id: `X'") _newline
  4.                 file write `output' ("   value: ``X''") _newline
  5.         }
  6. }

. 
. file close `output'

. 
end of do-file
number of observations (_N) was 0, now 8
(8 missing values generated)
(8 missing values generated)
(8 missing values generated)
(1 real change made)
(1 real change made)
(1 real change made)
(1 real change made)
variable label was str1 now str12
(1 real change made)

 ( 1)  during = 0

       F(  1, 18507) =   24.45
            Prob > F =    0.0000

 ( 1) = 0
       Constraint 1 dropped

       F(  0, 18507) =       .
            Prob > F =         .
(1 real change made)
(1 real change made)
(1 real change made)
(1 real change made)
(1 real change made)

 ( 1)  - during + after = 0

       F(  1, 18507) =    9.54
            Prob > F =    0.0020

 ( 1) = 0
       Constraint 1 dropped

       F(  0, 18507) =       .
            Prob > F =         .
(1 real change made)
(1 real change made)
(1 real change made)
(1 real change made)
(1 real change made)

 ( 1)  during_expat = 0

       F(  1, 18507) =   17.66
            Prob > F =    0.0000

 ( 1)  during_expat = 0

       F(  1, 18507) =   17.66
            Prob > F =    0.0000
variable label was str12 now str14
(1 real change made)
(1 real change made)
(1 real change made)
(1 real change made)
(1 real change made)
(1 real change made)

 ( 1)  - during_expat + after_expat = 0

       F(  1, 18507) =    2.04
            Prob > F =    0.1537

 ( 1)  after_expat = 0

       F(  1, 18507) =   14.99
            Prob > F =    0.0001
(1 real change made)
(file output/figure/baseline_lnQL_slope.png written in PNG format)
lnQL: acquisitions

Fixed-effects (within) regression               Number of obs      =    354772
Group variable: firm_person                     Number of groups   =     39630

R-sq:  within  = 0.2316                         Obs per group: min =         1
       between = 0.1437                                        avg =       9.0
       overall = 0.1262                                        max =        25

                                                F(78,14528)        =    115.20
corr(u_i, Xb)  = 0.0196                         Prob > F           =    0.0000

                                (Std. Err. adjusted for 14,529 clusters in id)
------------------------------------------------------------------------------
             |               Robust
        lnQL |      Coef.   Std. Err.      t    P>|t|     [95% Conf. Interval]
-------------+----------------------------------------------------------------
     foreign |   .0721483   .0270956     2.66   0.008     .0190374    .1252592
      during |     .03553   .0075357     4.71   0.000      .020759     .050301
       after |   .0648302   .0139573     4.64   0.000     .0374722    .0921882
during_expat |   .1450413   .0287526     5.04   0.000     .0886826       .2014
 after_expat |   .2104218   .0377974     5.57   0.000     .1363341    .2845095
             |
    ind_year |
          2  |   .0996007   .0212985     4.68   0.000     .0578529    .1413484
          3  |   .2915487   .0259119    11.25   0.000     .2407581    .3423393
          4  |   .4902163   .0275017    17.82   0.000     .4363093    .5441232
          5  |   .6558076    .030267    21.67   0.000     .5964804    .7151348
          6  |   .8436977   .0335504    25.15   0.000     .7779347    .9094606
          7  |   .9732412   .0361614    26.91   0.000     .9023603    1.044122
          8  |   1.043861   .0388822    26.85   0.000     .9676468    1.120075
          9  |   1.167852   .0416737    28.02   0.000     1.086166    1.249538
         10  |   1.283436    .044953    28.55   0.000     1.195323     1.37155
         11  |   1.350794   .0480177    28.13   0.000     1.256673    1.444914
         12  |    1.37998   .0512203    26.94   0.000     1.279582    1.480379
         13  |   1.426667   .0542834    26.28   0.000     1.320265     1.53307
         14  |   1.467895   .0573392    25.60   0.000     1.355502    1.580287
         15  |   1.540715   .0608495    25.32   0.000     1.421442    1.659988
         16  |   1.578914   .0634878    24.87   0.000     1.454469    1.703358
         17  |   1.635527    .066885    24.45   0.000     1.504423     1.76663
         18  |   1.566215   .0700679    22.35   0.000     1.428873    1.703557
         19  |   1.593397    .073195    21.77   0.000     1.449925    1.736868
         20  |   1.640547   .0762367    21.52   0.000     1.491113     1.78998
         21  |   1.661685   .0791001    21.01   0.000     1.506639    1.816731
         22  |    1.71671   .0817821    20.99   0.000     1.556406    1.877013
         23  |    1.76863   .0844414    20.95   0.000     1.603114    1.934145
         24  |   1.801387   .0874683    20.59   0.000     1.629937    1.972836
         25  |   1.795048   .0900854    19.93   0.000     1.618469    1.971627
         26  |  -.2559264   .0476273    -5.37   0.000    -.3492819   -.1625708
         27  |  -.1155157   .0450532    -2.56   0.010    -.2038257   -.0272057
         28  |   .0559914   .0433074     1.29   0.196    -.0288966    .1408793
         29  |   .2911532   .0431621     6.75   0.000       .20655    .3757563
         30  |   .4713731   .0431981    10.91   0.000     .3866993     .556047
         31  |   .6266608   .0443355    14.13   0.000     .5397575    .7135642
         32  |   .7785917   .0456559    17.05   0.000     .6891004     .868083
         33  |   .8412818   .0472392    17.81   0.000      .748687    .9338767
         34  |   .9942719   .0493829    20.13   0.000     .8974751    1.091069
         35  |   1.084722   .0511802    21.19   0.000     .9844025    1.185042
         36  |   1.136561   .0537591    21.14   0.000     1.031186    1.241936
         37  |   1.201757   .0563402    21.33   0.000     1.091323     1.31219
         38  |    1.28357   .0589533    21.77   0.000     1.168014    1.399126
         39  |   1.324032   .0617517    21.44   0.000     1.202991    1.445073
         40  |   1.420568   .0653429    21.74   0.000     1.292488    1.548648
         41  |   1.496272   .0675901    22.14   0.000     1.363787    1.628758
         42  |    1.57492   .0703305    22.39   0.000     1.437064    1.712777
         43  |   1.550659   .0735051    21.10   0.000      1.40658    1.694739
         44  |   1.590101   .0766606    20.74   0.000     1.439837    1.740366
         45  |   1.661824   .0795929    20.88   0.000     1.505812    1.817837
         46  |   1.663433   .0825256    20.16   0.000     1.501672    1.825193
         47  |     1.6912   .0848007    19.94   0.000      1.52498     1.85742
         48  |   1.750993   .0872384    20.07   0.000     1.579995    1.921992
         49  |   1.760684   .0904924    19.46   0.000     1.583307     1.93806
         50  |   1.799082   .0930449    19.34   0.000     1.616702    1.981462
             |
     age_cat |
          1  |    .254924   .0174051    14.65   0.000     .2208078    .2890402
          2  |   .2558264   .0193472    13.22   0.000     .2179034    .2937494
          3  |   .2327606   .0216265    10.76   0.000     .1903699    .2751513
          4  |   .2213957   .0239765     9.23   0.000     .1743988    .2683927
          5  |   .2119275   .0266281     7.96   0.000      .159733    .2641219
          6  |    .196338   .0296001     6.63   0.000      .138318    .2543579
          7  |   .2035346   .0326861     6.23   0.000     .1394656    .2676036
          8  |   .1901932   .0358434     5.31   0.000     .1199357    .2604508
          9  |   .1833841   .0390203     4.70   0.000     .1068993    .2598689
         10  |    .170322   .0422679     4.03   0.000     .0874715    .2531725
         11  |   .1720083    .045622     3.77   0.000     .0825833    .2614333
         12  |   .1634919   .0489689     3.34   0.001     .0675066    .2594772
         13  |   .1528077   .0522597     2.92   0.003      .050372    .2552433
         14  |   .1556564   .0556351     2.80   0.005     .0466044    .2647083
         15  |   .1506466   .0590527     2.55   0.011     .0348957    .2663975
         16  |   .1488553   .0624116     2.39   0.017     .0265206      .27119
         17  |   .1345422   .0660014     2.04   0.042     .0051711    .2639133
         18  |   .1324622   .0694689     1.91   0.057    -.0037057      .26863
         19  |   .1114764   .0732442     1.52   0.128    -.0320915    .2550443
         20  |   .0795546   .0800804     0.99   0.321    -.0774131    .2365223
         25  |   .0409172   .0913498     0.45   0.654    -.1381399    .2199744
         30  |   .0365378   .1209324     0.30   0.763    -.2005051    .2735808
         40  |   .0672282   .1348345     0.50   0.618    -.1970646    .3315209
         50  |    .050769   .1474968     0.34   0.731    -.2383435    .3398815
             |
       _cons |   7.506583   .0336145   223.31   0.000     7.440694    7.572472
-------------+----------------------------------------------------------------
     sigma_u |   1.159173
     sigma_e |  .53385584
         rho |  .82501084   (fraction of variance due to u_i)
------------------------------------------------------------------------------

. args tablefile specname speclabel

. 
. local fmt "%10.5f"

. 
. * create directory if needed
. * FIXME: this only works with relative paths
. local list_of_dirs = subinstr("`tablefile'/columns","/"," ",.)

. local sofar "."

. foreach word in `list_of_dirs' {
  2.         local sofar "`sofar'/`word'"
  3.         capture mkdir "`sofar'"
  4. }

. 
. macro shift

. macro shift

. macro shift

. 
. local _others ""

. local _state "key"

. while "`1'"!="" {
  2.         if ("`_state'"=="key") {
  3.                 di "key: `1'"
  4.                 local _key `1'
  5.                 local _state "value"
  6.                 local _others "`_others' `1'"
  7.         }
  8.         else {
  9.                 di "value: `1'"
 10.                 local `_key' "`1'"
 11.                 local _state "key"
 12.         }
 13.         macro shift
 14. }
key: R2_within
value: .2315760243123356

. 
. estimates

--------------------------------------------------------------------------------------------------------------------------------
active results
--------------------------------------------------------------------------------------------------------------------------------

Fixed-effects (within) regression               Number of obs     =    354,772
Group variable: firm_person                     Number of groups  =     39,630

R-sq:                                           Obs per group:
     within  = 0.2316                                         min =          1
     between = 0.1437                                         avg =        9.0
     overall = 0.1262                                         max =         25

                                                F(78,14528)       =     115.20
corr(u_i, Xb)  = 0.0196                         Prob > F          =     0.0000

                                (Std. Err. adjusted for 14,529 clusters in id)
------------------------------------------------------------------------------
             |               Robust
        lnQL |      Coef.   Std. Err.      t    P>|t|     [95% Conf. Interval]
-------------+----------------------------------------------------------------
     foreign |   .0721483   .0270956     2.66   0.008     .0190374    .1252592
      during |     .03553   .0075357     4.71   0.000      .020759     .050301
       after |   .0648302   .0139573     4.64   0.000     .0374722    .0921882
during_expat |   .1450413   .0287526     5.04   0.000     .0886826       .2014
 after_expat |   .2104218   .0377974     5.57   0.000     .1363341    .2845095
             |
    ind_year |
          2  |   .0996007   .0212985     4.68   0.000     .0578529    .1413484
          3  |   .2915487   .0259119    11.25   0.000     .2407581    .3423393
          4  |   .4902163   .0275017    17.82   0.000     .4363093    .5441232
          5  |   .6558076    .030267    21.67   0.000     .5964804    .7151348
          6  |   .8436977   .0335504    25.15   0.000     .7779347    .9094606
          7  |   .9732412   .0361614    26.91   0.000     .9023603    1.044122
          8  |   1.043861   .0388822    26.85   0.000     .9676468    1.120075
          9  |   1.167852   .0416737    28.02   0.000     1.086166    1.249538
         10  |   1.283436    .044953    28.55   0.000     1.195323     1.37155
         11  |   1.350794   .0480177    28.13   0.000     1.256673    1.444914
         12  |    1.37998   .0512203    26.94   0.000     1.279582    1.480379
         13  |   1.426667   .0542834    26.28   0.000     1.320265     1.53307
         14  |   1.467895   .0573392    25.60   0.000     1.355502    1.580287
         15  |   1.540715   .0608495    25.32   0.000     1.421442    1.659988
         16  |   1.578914   .0634878    24.87   0.000     1.454469    1.703358
         17  |   1.635527    .066885    24.45   0.000     1.504423     1.76663
         18  |   1.566215   .0700679    22.35   0.000     1.428873    1.703557
         19  |   1.593397    .073195    21.77   0.000     1.449925    1.736868
         20  |   1.640547   .0762367    21.52   0.000     1.491113     1.78998
         21  |   1.661685   .0791001    21.01   0.000     1.506639    1.816731
         22  |    1.71671   .0817821    20.99   0.000     1.556406    1.877013
         23  |    1.76863   .0844414    20.95   0.000     1.603114    1.934145
         24  |   1.801387   .0874683    20.59   0.000     1.629937    1.972836
         25  |   1.795048   .0900854    19.93   0.000     1.618469    1.971627
         26  |  -.2559264   .0476273    -5.37   0.000    -.3492819   -.1625708
         27  |  -.1155157   .0450532    -2.56   0.010    -.2038257   -.0272057
         28  |   .0559914   .0433074     1.29   0.196    -.0288966    .1408793
         29  |   .2911532   .0431621     6.75   0.000       .20655    .3757563
         30  |   .4713731   .0431981    10.91   0.000     .3866993     .556047
         31  |   .6266608   .0443355    14.13   0.000     .5397575    .7135642
         32  |   .7785917   .0456559    17.05   0.000     .6891004     .868083
         33  |   .8412818   .0472392    17.81   0.000      .748687    .9338767
         34  |   .9942719   .0493829    20.13   0.000     .8974751    1.091069
         35  |   1.084722   .0511802    21.19   0.000     .9844025    1.185042
         36  |   1.136561   .0537591    21.14   0.000     1.031186    1.241936
         37  |   1.201757   .0563402    21.33   0.000     1.091323     1.31219
         38  |    1.28357   .0589533    21.77   0.000     1.168014    1.399126
         39  |   1.324032   .0617517    21.44   0.000     1.202991    1.445073
         40  |   1.420568   .0653429    21.74   0.000     1.292488    1.548648
         41  |   1.496272   .0675901    22.14   0.000     1.363787    1.628758
         42  |    1.57492   .0703305    22.39   0.000     1.437064    1.712777
         43  |   1.550659   .0735051    21.10   0.000      1.40658    1.694739
         44  |   1.590101   .0766606    20.74   0.000     1.439837    1.740366
         45  |   1.661824   .0795929    20.88   0.000     1.505812    1.817837
         46  |   1.663433   .0825256    20.16   0.000     1.501672    1.825193
         47  |     1.6912   .0848007    19.94   0.000      1.52498     1.85742
         48  |   1.750993   .0872384    20.07   0.000     1.579995    1.921992
         49  |   1.760684   .0904924    19.46   0.000     1.583307     1.93806
         50  |   1.799082   .0930449    19.34   0.000     1.616702    1.981462
             |
     age_cat |
          1  |    .254924   .0174051    14.65   0.000     .2208078    .2890402
          2  |   .2558264   .0193472    13.22   0.000     .2179034    .2937494
          3  |   .2327606   .0216265    10.76   0.000     .1903699    .2751513
          4  |   .2213957   .0239765     9.23   0.000     .1743988    .2683927
          5  |   .2119275   .0266281     7.96   0.000      .159733    .2641219
          6  |    .196338   .0296001     6.63   0.000      .138318    .2543579
          7  |   .2035346   .0326861     6.23   0.000     .1394656    .2676036
          8  |   .1901932   .0358434     5.31   0.000     .1199357    .2604508
          9  |   .1833841   .0390203     4.70   0.000     .1068993    .2598689
         10  |    .170322   .0422679     4.03   0.000     .0874715    .2531725
         11  |   .1720083    .045622     3.77   0.000     .0825833    .2614333
         12  |   .1634919   .0489689     3.34   0.001     .0675066    .2594772
         13  |   .1528077   .0522597     2.92   0.003      .050372    .2552433
         14  |   .1556564   .0556351     2.80   0.005     .0466044    .2647083
         15  |   .1506466   .0590527     2.55   0.011     .0348957    .2663975
         16  |   .1488553   .0624116     2.39   0.017     .0265206      .27119
         17  |   .1345422   .0660014     2.04   0.042     .0051711    .2639133
         18  |   .1324622   .0694689     1.91   0.057    -.0037057      .26863
         19  |   .1114764   .0732442     1.52   0.128    -.0320915    .2550443
         20  |   .0795546   .0800804     0.99   0.321    -.0774131    .2365223
         25  |   .0409172   .0913498     0.45   0.654    -.1381399    .2199744
         30  |   .0365378   .1209324     0.30   0.763    -.2005051    .2735808
         40  |   .0672282   .1348345     0.50   0.618    -.1970646    .3315209
         50  |    .050769   .1474968     0.34   0.731    -.2383435    .3398815
             |
       _cons |   7.506583   .0336145   223.31   0.000     7.440694    7.572472
-------------+----------------------------------------------------------------
     sigma_u |   1.159173
     sigma_e |  .53385584
         rho |  .82501084   (fraction of variance due to u_i)
------------------------------------------------------------------------------

. tempname output coefs stats variables b se

. matrix `coefs' = r(table)

. local observations `e(N)'

. local R2 `e(r2)'

. 
. local `stats' : rownames(`coefs')

. local `variables' : colnames(`coefs')

. 
. 
. file open `output' using "`tablefile'/columns/`specname'.yaml", write text replace

. 
. file write `output' "id: " "`specname'" _newline

. file write `output' "label: " "`speclabel'" _newline

. 
. file write `output' "coefficients:" _newline

. foreach X in ``variables'' {
  2.         scalar `b' = `coefs'[rownumb(`coefs',"b"),colnumb(`coefs',"`X'")]
  3.         scalar `se' = `coefs'[rownumb(`coefs',"se"),colnumb(`coefs',"`X'")]
  4.         file write `output' (" - id: `X'") _newline
  5.         file write `output' ("   estimate: " + string(`b', "`fmt'")) _newline
  6.         file write `output' ("   standard_error: " + string(`se', "`fmt'")) _newline
  7.         file write `output' ("   t_statistic: " + string(`b'/`se', "`fmt'")) _newline
  8.         file write `output' ("   p_value: " + string(`coefs'[rownumb(`coefs',"pvalue"),colnumb(`coefs',"`X'")]), "`fmt'") _
> newline
  9. }

. file write `output' "extra_rows:" _newline

. foreach X in R2 observations `_others'{
  2.         if ("``X''"!="") {
  3.                 file write `output' (" - id: `X'") _newline
  4.                 file write `output' ("   value: ``X''") _newline
  5.         }
  6. }

. 
. file close `output'

. 
end of do-file
number of observations (_N) was 0, now 8
(8 missing values generated)
(8 missing values generated)
(8 missing values generated)
(1 real change made)
(1 real change made)
(1 real change made)
(1 real change made)
variable label was str1 now str12
(1 real change made)

 ( 1)  during = 0

       F(  1, 14528) =   22.23
            Prob > F =    0.0000

 ( 1) = 0
       Constraint 1 dropped

       F(  0, 14528) =       .
            Prob > F =         .
(1 real change made)
(1 real change made)
(1 real change made)
(1 real change made)
(1 real change made)

 ( 1)  - during + after = 0

       F(  1, 14528) =    8.55
            Prob > F =    0.0035

 ( 1) = 0
       Constraint 1 dropped

       F(  0, 14528) =       .
            Prob > F =         .
(1 real change made)
(1 real change made)
(1 real change made)
(1 real change made)
(1 real change made)

 ( 1)  during_expat = 0

       F(  1, 14528) =   25.45
            Prob > F =    0.0000

 ( 1)  during_expat = 0

       F(  1, 14528) =   25.45
            Prob > F =    0.0000
variable label was str12 now str14
(1 real change made)
(1 real change made)
(1 real change made)
(1 real change made)
(1 real change made)
(1 real change made)

 ( 1)  - during_expat + after_expat = 0

       F(  1, 14528) =    6.93
            Prob > F =    0.0085

 ( 1)  after_expat = 0

       F(  1, 14528) =   30.99
            Prob > F =    0.0000
(1 real change made)
(file output/figure/acquisitions_lnQL_slope.png written in PNG format)
exporter: baseline

Fixed-effects (within) regression               Number of obs      =    515675
Group variable: firm_person                     Number of groups   =     58027

R-sq:  within  = 0.0426                         Obs per group: min =         1
       between = 0.1423                                        avg =       8.9
       overall = 0.0887                                        max =        25

                                                F(78,18507)        =     32.86
corr(u_i, Xb)  = 0.1947                         Prob > F           =    0.0000

                                (Std. Err. adjusted for 18,508 clusters in id)
------------------------------------------------------------------------------
             |               Robust
    exporter |      Coef.   Std. Err.      t    P>|t|     [95% Conf. Interval]
-------------+----------------------------------------------------------------
     foreign |   .0271688   .0111864     2.43   0.015     .0052425    .0490951
      during |  -.0060139   .0031126    -1.93   0.053    -.0121149    .0000872
       after |  -.0217584   .0052708    -4.13   0.000    -.0320897   -.0114272
during_expat |   .0057867   .0055154     1.05   0.294     -.005024    .0165974
 after_expat |  -.0017756   .0078286    -0.23   0.821    -.0171204    .0135691
             |
    ind_year |
          2  |  -.0200992   .0098087    -2.05   0.040    -.0393251   -.0008733
          3  |  -.0351259   .0115444    -3.04   0.002    -.0577539   -.0124978
          4  |  -.0446765   .0124249    -3.60   0.000    -.0690306   -.0203225
          5  |  -.0334029   .0137476    -2.43   0.015    -.0603495   -.0064563
          6  |  -.0468365   .0147494    -3.18   0.001    -.0757468   -.0179263
          7  |  -.0429071   .0158527    -2.71   0.007    -.0739799   -.0118342
          8  |  -.0549481   .0169746    -3.24   0.001      -.08822   -.0216762
          9  |  -.0586811    .018299    -3.21   0.001    -.0945488   -.0228133
         10  |  -.0550932   .0195598    -2.82   0.005    -.0934321   -.0167542
         11  |   -.059505   .0209421    -2.84   0.004    -.1005536   -.0184565
         12  |  -.0597145   .0222182    -2.69   0.007    -.1032643   -.0161648
         13  |  -.0522718   .0236772    -2.21   0.027    -.0986813   -.0058624
         14  |   -.040869   .0251507    -1.62   0.104    -.0901667    .0084287
         15  |  -.0310856   .0265866    -1.17   0.242    -.0831978    .0210265
         16  |  -.0181982   .0280216    -0.65   0.516    -.0731232    .0367267
         17  |   -.004151   .0295105    -0.14   0.888    -.0619944    .0536924
         18  |   .0005937   .0310623     0.02   0.985    -.0602913    .0614786
         19  |   .0036845   .0325571     0.11   0.910    -.0601305    .0674996
         20  |   .0124256   .0339422     0.37   0.714    -.0541043    .0789555
         21  |   .0129096   .0352979     0.37   0.715    -.0562776    .0820968
         22  |   .0211532   .0365477     0.58   0.563    -.0504837    .0927901
         23  |   .0186726   .0378407     0.49   0.622    -.0554987    .0928439
         24  |  -.0922076   .0391865    -2.35   0.019    -.1690167   -.0153984
         25  |  -.1251368   .0406445    -3.08   0.002    -.2048038   -.0454699
         26  |   .0189468   .0216035     0.88   0.380    -.0233981    .0612917
         27  |   .0170085   .0193327     0.88   0.379    -.0208854    .0549023
         28  |   .0286142   .0187827     1.52   0.128    -.0082016    .0654299
         29  |   .0332984   .0185687     1.79   0.073     -.003098    .0696948
         30  |   .0418917   .0186111     2.25   0.024     .0054122    .0783712
         31  |   .0344569   .0189453     1.82   0.069    -.0026777    .0715915
         32  |   .0340265   .0195344     1.74   0.082    -.0042628    .0723158
         33  |   .0353734   .0201654     1.75   0.079    -.0041527    .0748996
         34  |   .0301363   .0210958     1.43   0.153    -.0112135    .0714861
         35  |   .0382246   .0220684     1.73   0.083    -.0050316    .0814808
         36  |   .0355964   .0232916     1.53   0.126    -.0100572      .08125
         37  |   .0343587   .0244038     1.41   0.159     -.013475    .0821924
         38  |   .0348771   .0255872     1.36   0.173    -.0152762    .0850304
         39  |   .0343426   .0269151     1.28   0.202    -.0184136    .0870987
         40  |   .0349981    .028134     1.24   0.214    -.0201471    .0901434
         41  |   .0531556   .0294154     1.81   0.071    -.0045013    .1108125
         42  |   .0595654   .0307981     1.93   0.053    -.0008018    .1199325
         43  |    .059199   .0323182     1.83   0.067    -.0041476    .1225456
         44  |   .0744529   .0338184     2.20   0.028     .0081657      .14074
         45  |   .0795268   .0352245     2.26   0.024     .0104836      .14857
         46  |   .0827958   .0367088     2.26   0.024     .0108431    .1547484
         47  |    .088876   .0379294     2.34   0.019     .0145309    .1632211
         48  |   .0818034   .0390197     2.10   0.036     .0053212    .1582856
         49  |  -.1702803    .040513    -4.20   0.000    -.2496895   -.0908711
         50  |  -.2230922   .0419647    -5.32   0.000    -.3053468   -.1408376
             |
     age_cat |
          1  |   .0479194   .0064018     7.49   0.000     .0353712    .0604676
          2  |   .0707379   .0073311     9.65   0.000     .0563683    .0851075
          3  |   .0872593   .0083487    10.45   0.000     .0708952    .1036235
          4  |   .1094174   .0095985    11.40   0.000     .0906034    .1282315
          5  |   .1233219   .0108975    11.32   0.000     .1019618    .1446821
          6  |   .1329523   .0123427    10.77   0.000     .1087594    .1571452
          7  |   .1391366   .0137985    10.08   0.000     .1120903    .1661829
          8  |   .1520435   .0153201     9.92   0.000     .1220148    .1820723
          9  |   .1536992     .01686     9.12   0.000      .120652    .1867464
         10  |   .1573448   .0183983     8.55   0.000     .1212824    .1934072
         11  |   .1644575   .0199241     8.25   0.000     .1254044    .2035105
         12  |   .1641861   .0214658     7.65   0.000     .1221112     .206261
         13  |   .1724121    .023079     7.47   0.000     .1271751    .2176491
         14  |   .1818695   .0247041     7.36   0.000     .1334472    .2302918
         15  |    .188314   .0262433     7.18   0.000     .1368747    .2397534
         16  |   .1964323    .027829     7.06   0.000      .141885    .2509796
         17  |   .1967392   .0293955     6.69   0.000     .1391213    .2543571
         18  |   .2020204   .0311326     6.49   0.000     .1409976    .2630432
         19  |   .1941518     .03287     5.91   0.000     .1297236      .25858
         20  |   .2004335   .0357115     5.61   0.000     .1304357    .2704313
         25  |    .221649   .0411427     5.39   0.000     .1410056    .3022924
         30  |   .2082582    .058228     3.58   0.000      .094126    .3223904
         40  |   .1927403   .0651822     2.96   0.003     .0649772    .3205034
         50  |   .1314438   .0691371     1.90   0.057    -.0040713     .266959
             |
       _cons |   .2783045   .0143834    19.35   0.000     .2501118    .3064972
-------------+----------------------------------------------------------------
     sigma_u |  .41248956
     sigma_e |  .28481121
         rho |  .67716393   (fraction of variance due to u_i)
------------------------------------------------------------------------------

. args tablefile specname speclabel

. 
. local fmt "%10.5f"

. 
. * create directory if needed
. * FIXME: this only works with relative paths
. local list_of_dirs = subinstr("`tablefile'/columns","/"," ",.)

. local sofar "."

. foreach word in `list_of_dirs' {
  2.         local sofar "`sofar'/`word'"
  3.         capture mkdir "`sofar'"
  4. }

. 
. macro shift

. macro shift

. macro shift

. 
. local _others ""

. local _state "key"

. while "`1'"!="" {
  2.         if ("`_state'"=="key") {
  3.                 di "key: `1'"
  4.                 local _key `1'
  5.                 local _state "value"
  6.                 local _others "`_others' `1'"
  7.         }
  8.         else {
  9.                 di "value: `1'"
 10.                 local `_key' "`1'"
 11.                 local _state "key"
 12.         }
 13.         macro shift
 14. }
key: R2_within
value: .0425701818423404

. 
. estimates

--------------------------------------------------------------------------------------------------------------------------------
active results
--------------------------------------------------------------------------------------------------------------------------------

Fixed-effects (within) regression               Number of obs     =    515,675
Group variable: firm_person                     Number of groups  =     58,027

R-sq:                                           Obs per group:
     within  = 0.0426                                         min =          1
     between = 0.1423                                         avg =        8.9
     overall = 0.0887                                         max =         25

                                                F(78,18507)       =      32.86
corr(u_i, Xb)  = 0.1947                         Prob > F          =     0.0000

                                (Std. Err. adjusted for 18,508 clusters in id)
------------------------------------------------------------------------------
             |               Robust
    exporter |      Coef.   Std. Err.      t    P>|t|     [95% Conf. Interval]
-------------+----------------------------------------------------------------
     foreign |   .0271688   .0111864     2.43   0.015     .0052425    .0490951
      during |  -.0060139   .0031126    -1.93   0.053    -.0121149    .0000872
       after |  -.0217584   .0052708    -4.13   0.000    -.0320897   -.0114272
during_expat |   .0057867   .0055154     1.05   0.294     -.005024    .0165974
 after_expat |  -.0017756   .0078286    -0.23   0.821    -.0171204    .0135691
             |
    ind_year |
          2  |  -.0200992   .0098087    -2.05   0.040    -.0393251   -.0008733
          3  |  -.0351259   .0115444    -3.04   0.002    -.0577539   -.0124978
          4  |  -.0446765   .0124249    -3.60   0.000    -.0690306   -.0203225
          5  |  -.0334029   .0137476    -2.43   0.015    -.0603495   -.0064563
          6  |  -.0468365   .0147494    -3.18   0.001    -.0757468   -.0179263
          7  |  -.0429071   .0158527    -2.71   0.007    -.0739799   -.0118342
          8  |  -.0549481   .0169746    -3.24   0.001      -.08822   -.0216762
          9  |  -.0586811    .018299    -3.21   0.001    -.0945488   -.0228133
         10  |  -.0550932   .0195598    -2.82   0.005    -.0934321   -.0167542
         11  |   -.059505   .0209421    -2.84   0.004    -.1005536   -.0184565
         12  |  -.0597145   .0222182    -2.69   0.007    -.1032643   -.0161648
         13  |  -.0522718   .0236772    -2.21   0.027    -.0986813   -.0058624
         14  |   -.040869   .0251507    -1.62   0.104    -.0901667    .0084287
         15  |  -.0310856   .0265866    -1.17   0.242    -.0831978    .0210265
         16  |  -.0181982   .0280216    -0.65   0.516    -.0731232    .0367267
         17  |   -.004151   .0295105    -0.14   0.888    -.0619944    .0536924
         18  |   .0005937   .0310623     0.02   0.985    -.0602913    .0614786
         19  |   .0036845   .0325571     0.11   0.910    -.0601305    .0674996
         20  |   .0124256   .0339422     0.37   0.714    -.0541043    .0789555
         21  |   .0129096   .0352979     0.37   0.715    -.0562776    .0820968
         22  |   .0211532   .0365477     0.58   0.563    -.0504837    .0927901
         23  |   .0186726   .0378407     0.49   0.622    -.0554987    .0928439
         24  |  -.0922076   .0391865    -2.35   0.019    -.1690167   -.0153984
         25  |  -.1251368   .0406445    -3.08   0.002    -.2048038   -.0454699
         26  |   .0189468   .0216035     0.88   0.380    -.0233981    .0612917
         27  |   .0170085   .0193327     0.88   0.379    -.0208854    .0549023
         28  |   .0286142   .0187827     1.52   0.128    -.0082016    .0654299
         29  |   .0332984   .0185687     1.79   0.073     -.003098    .0696948
         30  |   .0418917   .0186111     2.25   0.024     .0054122    .0783712
         31  |   .0344569   .0189453     1.82   0.069    -.0026777    .0715915
         32  |   .0340265   .0195344     1.74   0.082    -.0042628    .0723158
         33  |   .0353734   .0201654     1.75   0.079    -.0041527    .0748996
         34  |   .0301363   .0210958     1.43   0.153    -.0112135    .0714861
         35  |   .0382246   .0220684     1.73   0.083    -.0050316    .0814808
         36  |   .0355964   .0232916     1.53   0.126    -.0100572      .08125
         37  |   .0343587   .0244038     1.41   0.159     -.013475    .0821924
         38  |   .0348771   .0255872     1.36   0.173    -.0152762    .0850304
         39  |   .0343426   .0269151     1.28   0.202    -.0184136    .0870987
         40  |   .0349981    .028134     1.24   0.214    -.0201471    .0901434
         41  |   .0531556   .0294154     1.81   0.071    -.0045013    .1108125
         42  |   .0595654   .0307981     1.93   0.053    -.0008018    .1199325
         43  |    .059199   .0323182     1.83   0.067    -.0041476    .1225456
         44  |   .0744529   .0338184     2.20   0.028     .0081657      .14074
         45  |   .0795268   .0352245     2.26   0.024     .0104836      .14857
         46  |   .0827958   .0367088     2.26   0.024     .0108431    .1547484
         47  |    .088876   .0379294     2.34   0.019     .0145309    .1632211
         48  |   .0818034   .0390197     2.10   0.036     .0053212    .1582856
         49  |  -.1702803    .040513    -4.20   0.000    -.2496895   -.0908711
         50  |  -.2230922   .0419647    -5.32   0.000    -.3053468   -.1408376
             |
     age_cat |
          1  |   .0479194   .0064018     7.49   0.000     .0353712    .0604676
          2  |   .0707379   .0073311     9.65   0.000     .0563683    .0851075
          3  |   .0872593   .0083487    10.45   0.000     .0708952    .1036235
          4  |   .1094174   .0095985    11.40   0.000     .0906034    .1282315
          5  |   .1233219   .0108975    11.32   0.000     .1019618    .1446821
          6  |   .1329523   .0123427    10.77   0.000     .1087594    .1571452
          7  |   .1391366   .0137985    10.08   0.000     .1120903    .1661829
          8  |   .1520435   .0153201     9.92   0.000     .1220148    .1820723
          9  |   .1536992     .01686     9.12   0.000      .120652    .1867464
         10  |   .1573448   .0183983     8.55   0.000     .1212824    .1934072
         11  |   .1644575   .0199241     8.25   0.000     .1254044    .2035105
         12  |   .1641861   .0214658     7.65   0.000     .1221112     .206261
         13  |   .1724121    .023079     7.47   0.000     .1271751    .2176491
         14  |   .1818695   .0247041     7.36   0.000     .1334472    .2302918
         15  |    .188314   .0262433     7.18   0.000     .1368747    .2397534
         16  |   .1964323    .027829     7.06   0.000      .141885    .2509796
         17  |   .1967392   .0293955     6.69   0.000     .1391213    .2543571
         18  |   .2020204   .0311326     6.49   0.000     .1409976    .2630432
         19  |   .1941518     .03287     5.91   0.000     .1297236      .25858
         20  |   .2004335   .0357115     5.61   0.000     .1304357    .2704313
         25  |    .221649   .0411427     5.39   0.000     .1410056    .3022924
         30  |   .2082582    .058228     3.58   0.000      .094126    .3223904
         40  |   .1927403   .0651822     2.96   0.003     .0649772    .3205034
         50  |   .1314438   .0691371     1.90   0.057    -.0040713     .266959
             |
       _cons |   .2783045   .0143834    19.35   0.000     .2501118    .3064972
-------------+----------------------------------------------------------------
     sigma_u |  .41248956
     sigma_e |  .28481121
         rho |  .67716393   (fraction of variance due to u_i)
------------------------------------------------------------------------------

. tempname output coefs stats variables b se

. matrix `coefs' = r(table)

. local observations `e(N)'

. local R2 `e(r2)'

. 
. local `stats' : rownames(`coefs')

. local `variables' : colnames(`coefs')

. 
. 
. file open `output' using "`tablefile'/columns/`specname'.yaml", write text replace

. 
. file write `output' "id: " "`specname'" _newline

. file write `output' "label: " "`speclabel'" _newline

. 
. file write `output' "coefficients:" _newline

. foreach X in ``variables'' {
  2.         scalar `b' = `coefs'[rownumb(`coefs',"b"),colnumb(`coefs',"`X'")]
  3.         scalar `se' = `coefs'[rownumb(`coefs',"se"),colnumb(`coefs',"`X'")]
  4.         file write `output' (" - id: `X'") _newline
  5.         file write `output' ("   estimate: " + string(`b', "`fmt'")) _newline
  6.         file write `output' ("   standard_error: " + string(`se', "`fmt'")) _newline
  7.         file write `output' ("   t_statistic: " + string(`b'/`se', "`fmt'")) _newline
  8.         file write `output' ("   p_value: " + string(`coefs'[rownumb(`coefs',"pvalue"),colnumb(`coefs',"`X'")]), "`fmt'") _
> newline
  9. }

. file write `output' "extra_rows:" _newline

. foreach X in R2 observations `_others'{
  2.         if ("``X''"!="") {
  3.                 file write `output' (" - id: `X'") _newline
  4.                 file write `output' ("   value: ``X''") _newline
  5.         }
  6. }

. 
. file close `output'

. 
end of do-file
number of observations (_N) was 0, now 8
(8 missing values generated)
(8 missing values generated)
(8 missing values generated)
(1 real change made)
(1 real change made)
(1 real change made)
(1 real change made)
variable label was str1 now str12
(1 real change made)

 ( 1)  during = 0

       F(  1, 18507) =    3.73
            Prob > F =    0.0534

 ( 1) = 0
       Constraint 1 dropped

       F(  0, 18507) =       .
            Prob > F =         .
(1 real change made)
(1 real change made)
(1 real change made)
(1 real change made)
(1 real change made)

 ( 1)  - during + after = 0

       F(  1, 18507) =   17.23
            Prob > F =    0.0000

 ( 1) = 0
       Constraint 1 dropped

       F(  0, 18507) =       .
            Prob > F =         .
(1 real change made)
(1 real change made)
(1 real change made)
(1 real change made)
(1 real change made)

 ( 1)  during_expat = 0

       F(  1, 18507) =    1.10
            Prob > F =    0.2941

 ( 1)  during_expat = 0

       F(  1, 18507) =    1.10
            Prob > F =    0.2941
(1 real change made)
(1 real change made)
(1 real change made)
(1 real change made)
(1 real change made)

 ( 1)  - during_expat + after_expat = 0

       F(  1, 18507) =    1.68
            Prob > F =    0.1956

 ( 1)  after_expat = 0

       F(  1, 18507) =    0.05
            Prob > F =    0.8206
(file output/figure/baseline_exporter_slope.png written in PNG format)
exporter: acquisitions

Fixed-effects (within) regression               Number of obs      =    354772
Group variable: firm_person                     Number of groups   =     39630

R-sq:  within  = 0.0481                         Obs per group: min =         1
       between = 0.0803                                        avg =       9.0
       overall = 0.0640                                        max =        25

                                                F(78,14528)        =     27.38
corr(u_i, Xb)  = 0.1133                         Prob > F           =    0.0000

                                (Std. Err. adjusted for 14,529 clusters in id)
------------------------------------------------------------------------------
             |               Robust
    exporter |      Coef.   Std. Err.      t    P>|t|     [95% Conf. Interval]
-------------+----------------------------------------------------------------
     foreign |   .0223371   .0128266     1.74   0.082    -.0028046    .0474789
      during |  -.0072324   .0035067    -2.06   0.039    -.0141061   -.0003588
       after |   -.024635     .00603    -4.09   0.000    -.0364545   -.0128154
during_expat |    .035332   .0134013     2.64   0.008     .0090638    .0616002
 after_expat |   .0389948   .0177786     2.19   0.028     .0041465    .0738431
             |
    ind_year |
          2  |  -.0173251     .01036    -1.67   0.094     -.037632    .0029818
          3  |  -.0348851   .0125065    -2.79   0.005    -.0593994   -.0103708
          4  |   -.043772   .0133469    -3.28   0.001    -.0699337   -.0176103
          5  |  -.0356757   .0148122    -2.41   0.016    -.0647096   -.0066418
          6  |  -.0444404    .015956    -2.79   0.005    -.0757162   -.0131646
          7  |  -.0491178   .0171952    -2.86   0.004    -.0828225   -.0154131
          8  |  -.0595583   .0183356    -3.25   0.001    -.0954983   -.0236183
          9  |  -.0620908   .0197984    -3.14   0.002    -.1008982   -.0232833
         10  |  -.0618038   .0211306    -2.92   0.003    -.1032224   -.0203852
         11  |  -.0691627   .0225906    -3.06   0.002    -.1134431   -.0248822
         12  |  -.0699623   .0239688    -2.92   0.004    -.1169442   -.0229804
         13  |  -.0646209   .0255463    -2.53   0.011    -.1146949   -.0145468
         14  |  -.0562921   .0271363    -2.07   0.038    -.1094827   -.0031015
         15  |  -.0459674   .0286655    -1.60   0.109    -.1021553    .0102206
         16  |  -.0327787   .0301767    -1.09   0.277    -.0919289    .0263715
         17  |  -.0178503   .0317831    -0.56   0.574    -.0801493    .0444486
         18  |  -.0138902   .0334667    -0.42   0.678    -.0794893    .0517089
         19  |  -.0089199   .0350543    -0.25   0.799    -.0776308     .059791
         20  |  -.0017396   .0365311    -0.05   0.962    -.0733452    .0698659
         21  |  -.0073013   .0379657    -0.19   0.847    -.0817189    .0671163
         22  |  -.0003941   .0392964    -0.01   0.992    -.0774199    .0766318
         23  |  -.0040678   .0406884    -0.10   0.920    -.0838222    .0756865
         24  |  -.1126233   .0421083    -2.67   0.007    -.1951608   -.0300857
         25  |  -.1476976   .0436901    -3.38   0.001    -.2333356   -.0620595
         26  |  -.0182387   .0253038    -0.72   0.471    -.0678374    .0313601
         27  |  -.0131985   .0223444    -0.59   0.555    -.0569964    .0305994
         28  |    .008514   .0216394     0.39   0.694    -.0339019    .0509299
         29  |   .0063231   .0213479     0.30   0.767    -.0355216    .0481678
         30  |   .0256159   .0213035     1.20   0.229    -.0161416    .0673734
         31  |   .0189568   .0214894     0.88   0.378    -.0231652    .0610788
         32  |   .0254441    .022027     1.16   0.248    -.0177316    .0686198
         33  |   .0165238   .0226421     0.73   0.466    -.0278576    .0609052
         34  |   .0165167   .0235769     0.70   0.484     -.029697    .0627304
         35  |   .0275873   .0244795     1.13   0.260    -.0203956    .0755703
         36  |   .0277474   .0257932     1.08   0.282    -.0228107    .0783054
         37  |   .0188255    .026989     0.70   0.485    -.0340762    .0717273
         38  |   .0151389   .0281564     0.54   0.591    -.0400512     .070329
         39  |   .0194692   .0296204     0.66   0.511    -.0385906     .077529
         40  |   .0313237    .030829     1.02   0.310     -.029105    .0917524
         41  |   .0475947   .0321888     1.48   0.139    -.0154994    .1106889
         42  |   .0553451   .0335869     1.65   0.099    -.0104895    .1211797
         43  |   .0568318   .0351891     1.62   0.106    -.0121433     .125807
         44  |   .0770128   .0367975     2.09   0.036      .004885    .1491405
         45  |   .0838612   .0383041     2.19   0.029     .0087803    .1589421
         46  |   .0860097   .0399393     2.15   0.031     .0077236    .1642958
         47  |   .0976658   .0411454     2.37   0.018     .0170156     .178316
         48  |   .0879799    .042203     2.08   0.037     .0052566    .1707032
         49  |  -.1962594   .0438426    -4.48   0.000    -.2821965   -.1103223
         50  |  -.2469504   .0454449    -5.43   0.000    -.3360282   -.1578726
             |
     age_cat |
          1  |   .0468704   .0069154     6.78   0.000     .0333154    .0604255
          2  |   .0662397   .0079235     8.36   0.000     .0507086    .0817707
          3  |   .0839636   .0090472     9.28   0.000     .0662299    .1016973
          4  |   .1065976   .0103966    10.25   0.000      .086219    .1269762
          5  |   .1247125   .0117946    10.57   0.000     .1015937    .1478314
          6  |   .1363888   .0133575    10.21   0.000     .1102063    .1625713
          7  |   .1436809   .0149276     9.63   0.000      .114421    .1729408
          8  |   .1598441   .0165784     9.64   0.000     .1273484    .1923398
          9  |   .1607748   .0182054     8.83   0.000       .12509    .1964596
         10  |   .1656522    .019867     8.34   0.000     .1267102    .2045941
         11  |   .1744609   .0215012     8.11   0.000     .1323157     .216606
         12  |   .1764658   .0231515     7.62   0.000     .1310859    .2218456
         13  |    .186474   .0248863     7.49   0.000     .1376936    .2352544
         14  |   .1955969   .0266235     7.35   0.000     .1434115    .2477822
         15  |   .2037799    .028285     7.20   0.000     .1483378    .2592221
         16  |   .2088831   .0299904     6.97   0.000     .1500981    .2676681
         17  |   .2136317   .0316361     6.75   0.000     .1516209    .2756425
         18  |   .2198168   .0335136     6.56   0.000     .1541258    .2855077
         19  |     .21109   .0353933     5.96   0.000     .1417146    .2804655
         20  |   .2215788    .038408     5.77   0.000     .1462942    .2968635
         25  |   .2424521   .0442964     5.47   0.000     .1556255    .3292787
         30  |   .2418922   .0622486     3.89   0.000      .119877    .3639073
         40  |   .2270301    .069611     3.26   0.001     .0905837    .3634764
         50  |   .1682826   .0733922     2.29   0.022     .0244245    .3121408
             |
       _cons |   .2016478   .0151131    13.34   0.000     .1720242    .2312713
-------------+----------------------------------------------------------------
     sigma_u |  .38693894
     sigma_e |  .28647051
         rho |  .64594512   (fraction of variance due to u_i)
------------------------------------------------------------------------------

. args tablefile specname speclabel

. 
. local fmt "%10.5f"

. 
. * create directory if needed
. * FIXME: this only works with relative paths
. local list_of_dirs = subinstr("`tablefile'/columns","/"," ",.)

. local sofar "."

. foreach word in `list_of_dirs' {
  2.         local sofar "`sofar'/`word'"
  3.         capture mkdir "`sofar'"
  4. }

. 
. macro shift

. macro shift

. macro shift

. 
. local _others ""

. local _state "key"

. while "`1'"!="" {
  2.         if ("`_state'"=="key") {
  3.                 di "key: `1'"
  4.                 local _key `1'
  5.                 local _state "value"
  6.                 local _others "`_others' `1'"
  7.         }
  8.         else {
  9.                 di "value: `1'"
 10.                 local `_key' "`1'"
 11.                 local _state "key"
 12.         }
 13.         macro shift
 14. }
key: R2_within
value: .0480879719068429

. 
. estimates

--------------------------------------------------------------------------------------------------------------------------------
active results
--------------------------------------------------------------------------------------------------------------------------------

Fixed-effects (within) regression               Number of obs     =    354,772
Group variable: firm_person                     Number of groups  =     39,630

R-sq:                                           Obs per group:
     within  = 0.0481                                         min =          1
     between = 0.0803                                         avg =        9.0
     overall = 0.0640                                         max =         25

                                                F(78,14528)       =      27.38
corr(u_i, Xb)  = 0.1133                         Prob > F          =     0.0000

                                (Std. Err. adjusted for 14,529 clusters in id)
------------------------------------------------------------------------------
             |               Robust
    exporter |      Coef.   Std. Err.      t    P>|t|     [95% Conf. Interval]
-------------+----------------------------------------------------------------
     foreign |   .0223371   .0128266     1.74   0.082    -.0028046    .0474789
      during |  -.0072324   .0035067    -2.06   0.039    -.0141061   -.0003588
       after |   -.024635     .00603    -4.09   0.000    -.0364545   -.0128154
during_expat |    .035332   .0134013     2.64   0.008     .0090638    .0616002
 after_expat |   .0389948   .0177786     2.19   0.028     .0041465    .0738431
             |
    ind_year |
          2  |  -.0173251     .01036    -1.67   0.094     -.037632    .0029818
          3  |  -.0348851   .0125065    -2.79   0.005    -.0593994   -.0103708
          4  |   -.043772   .0133469    -3.28   0.001    -.0699337   -.0176103
          5  |  -.0356757   .0148122    -2.41   0.016    -.0647096   -.0066418
          6  |  -.0444404    .015956    -2.79   0.005    -.0757162   -.0131646
          7  |  -.0491178   .0171952    -2.86   0.004    -.0828225   -.0154131
          8  |  -.0595583   .0183356    -3.25   0.001    -.0954983   -.0236183
          9  |  -.0620908   .0197984    -3.14   0.002    -.1008982   -.0232833
         10  |  -.0618038   .0211306    -2.92   0.003    -.1032224   -.0203852
         11  |  -.0691627   .0225906    -3.06   0.002    -.1134431   -.0248822
         12  |  -.0699623   .0239688    -2.92   0.004    -.1169442   -.0229804
         13  |  -.0646209   .0255463    -2.53   0.011    -.1146949   -.0145468
         14  |  -.0562921   .0271363    -2.07   0.038    -.1094827   -.0031015
         15  |  -.0459674   .0286655    -1.60   0.109    -.1021553    .0102206
         16  |  -.0327787   .0301767    -1.09   0.277    -.0919289    .0263715
         17  |  -.0178503   .0317831    -0.56   0.574    -.0801493    .0444486
         18  |  -.0138902   .0334667    -0.42   0.678    -.0794893    .0517089
         19  |  -.0089199   .0350543    -0.25   0.799    -.0776308     .059791
         20  |  -.0017396   .0365311    -0.05   0.962    -.0733452    .0698659
         21  |  -.0073013   .0379657    -0.19   0.847    -.0817189    .0671163
         22  |  -.0003941   .0392964    -0.01   0.992    -.0774199    .0766318
         23  |  -.0040678   .0406884    -0.10   0.920    -.0838222    .0756865
         24  |  -.1126233   .0421083    -2.67   0.007    -.1951608   -.0300857
         25  |  -.1476976   .0436901    -3.38   0.001    -.2333356   -.0620595
         26  |  -.0182387   .0253038    -0.72   0.471    -.0678374    .0313601
         27  |  -.0131985   .0223444    -0.59   0.555    -.0569964    .0305994
         28  |    .008514   .0216394     0.39   0.694    -.0339019    .0509299
         29  |   .0063231   .0213479     0.30   0.767    -.0355216    .0481678
         30  |   .0256159   .0213035     1.20   0.229    -.0161416    .0673734
         31  |   .0189568   .0214894     0.88   0.378    -.0231652    .0610788
         32  |   .0254441    .022027     1.16   0.248    -.0177316    .0686198
         33  |   .0165238   .0226421     0.73   0.466    -.0278576    .0609052
         34  |   .0165167   .0235769     0.70   0.484     -.029697    .0627304
         35  |   .0275873   .0244795     1.13   0.260    -.0203956    .0755703
         36  |   .0277474   .0257932     1.08   0.282    -.0228107    .0783054
         37  |   .0188255    .026989     0.70   0.485    -.0340762    .0717273
         38  |   .0151389   .0281564     0.54   0.591    -.0400512     .070329
         39  |   .0194692   .0296204     0.66   0.511    -.0385906     .077529
         40  |   .0313237    .030829     1.02   0.310     -.029105    .0917524
         41  |   .0475947   .0321888     1.48   0.139    -.0154994    .1106889
         42  |   .0553451   .0335869     1.65   0.099    -.0104895    .1211797
         43  |   .0568318   .0351891     1.62   0.106    -.0121433     .125807
         44  |   .0770128   .0367975     2.09   0.036      .004885    .1491405
         45  |   .0838612   .0383041     2.19   0.029     .0087803    .1589421
         46  |   .0860097   .0399393     2.15   0.031     .0077236    .1642958
         47  |   .0976658   .0411454     2.37   0.018     .0170156     .178316
         48  |   .0879799    .042203     2.08   0.037     .0052566    .1707032
         49  |  -.1962594   .0438426    -4.48   0.000    -.2821965   -.1103223
         50  |  -.2469504   .0454449    -5.43   0.000    -.3360282   -.1578726
             |
     age_cat |
          1  |   .0468704   .0069154     6.78   0.000     .0333154    .0604255
          2  |   .0662397   .0079235     8.36   0.000     .0507086    .0817707
          3  |   .0839636   .0090472     9.28   0.000     .0662299    .1016973
          4  |   .1065976   .0103966    10.25   0.000      .086219    .1269762
          5  |   .1247125   .0117946    10.57   0.000     .1015937    .1478314
          6  |   .1363888   .0133575    10.21   0.000     .1102063    .1625713
          7  |   .1436809   .0149276     9.63   0.000      .114421    .1729408
          8  |   .1598441   .0165784     9.64   0.000     .1273484    .1923398
          9  |   .1607748   .0182054     8.83   0.000       .12509    .1964596
         10  |   .1656522    .019867     8.34   0.000     .1267102    .2045941
         11  |   .1744609   .0215012     8.11   0.000     .1323157     .216606
         12  |   .1764658   .0231515     7.62   0.000     .1310859    .2218456
         13  |    .186474   .0248863     7.49   0.000     .1376936    .2352544
         14  |   .1955969   .0266235     7.35   0.000     .1434115    .2477822
         15  |   .2037799    .028285     7.20   0.000     .1483378    .2592221
         16  |   .2088831   .0299904     6.97   0.000     .1500981    .2676681
         17  |   .2136317   .0316361     6.75   0.000     .1516209    .2756425
         18  |   .2198168   .0335136     6.56   0.000     .1541258    .2855077
         19  |     .21109   .0353933     5.96   0.000     .1417146    .2804655
         20  |   .2215788    .038408     5.77   0.000     .1462942    .2968635
         25  |   .2424521   .0442964     5.47   0.000     .1556255    .3292787
         30  |   .2418922   .0622486     3.89   0.000      .119877    .3639073
         40  |   .2270301    .069611     3.26   0.001     .0905837    .3634764
         50  |   .1682826   .0733922     2.29   0.022     .0244245    .3121408
             |
       _cons |   .2016478   .0151131    13.34   0.000     .1720242    .2312713
-------------+----------------------------------------------------------------
     sigma_u |  .38693894
     sigma_e |  .28647051
         rho |  .64594512   (fraction of variance due to u_i)
------------------------------------------------------------------------------

. tempname output coefs stats variables b se

. matrix `coefs' = r(table)

. local observations `e(N)'

. local R2 `e(r2)'

. 
. local `stats' : rownames(`coefs')

. local `variables' : colnames(`coefs')

. 
. 
. file open `output' using "`tablefile'/columns/`specname'.yaml", write text replace

. 
. file write `output' "id: " "`specname'" _newline

. file write `output' "label: " "`speclabel'" _newline

. 
. file write `output' "coefficients:" _newline

. foreach X in ``variables'' {
  2.         scalar `b' = `coefs'[rownumb(`coefs',"b"),colnumb(`coefs',"`X'")]
  3.         scalar `se' = `coefs'[rownumb(`coefs',"se"),colnumb(`coefs',"`X'")]
  4.         file write `output' (" - id: `X'") _newline
  5.         file write `output' ("   estimate: " + string(`b', "`fmt'")) _newline
  6.         file write `output' ("   standard_error: " + string(`se', "`fmt'")) _newline
  7.         file write `output' ("   t_statistic: " + string(`b'/`se', "`fmt'")) _newline
  8.         file write `output' ("   p_value: " + string(`coefs'[rownumb(`coefs',"pvalue"),colnumb(`coefs',"`X'")]), "`fmt'") _
> newline
  9. }

. file write `output' "extra_rows:" _newline

. foreach X in R2 observations `_others'{
  2.         if ("``X''"!="") {
  3.                 file write `output' (" - id: `X'") _newline
  4.                 file write `output' ("   value: ``X''") _newline
  5.         }
  6. }

. 
. file close `output'

. 
end of do-file
number of observations (_N) was 0, now 8
(8 missing values generated)
(8 missing values generated)
(8 missing values generated)
(1 real change made)
(1 real change made)
(1 real change made)
(1 real change made)
variable label was str1 now str12
(1 real change made)

 ( 1)  during = 0

       F(  1, 14528) =    4.25
            Prob > F =    0.0392

 ( 1) = 0
       Constraint 1 dropped

       F(  0, 14528) =       .
            Prob > F =         .
(1 real change made)
(1 real change made)
(1 real change made)
(1 real change made)
(1 real change made)

 ( 1)  - during + after = 0

       F(  1, 14528) =   15.62
            Prob > F =    0.0001

 ( 1) = 0
       Constraint 1 dropped

       F(  0, 14528) =       .
            Prob > F =         .
(1 real change made)
(1 real change made)
(1 real change made)
(1 real change made)
(1 real change made)

 ( 1)  during_expat = 0

       F(  1, 14528) =    6.95
            Prob > F =    0.0084

 ( 1)  during_expat = 0

       F(  1, 14528) =    6.95
            Prob > F =    0.0084
variable label was str12 now str14
(1 real change made)
(1 real change made)
(1 real change made)
(1 real change made)
(1 real change made)
(1 real change made)

 ( 1)  - during_expat + after_expat = 0

       F(  1, 14528) =    0.08
            Prob > F =    0.7729

 ( 1)  after_expat = 0

       F(  1, 14528) =    4.81
            Prob > F =    0.0283
(1 real change made)
(file output/figure/acquisitions_exporter_slope.png written in PNG format)

. 
end of do-file

. 
. log close
      name:  <unnamed>
       log:  /Users/koren/Google Drive/Research/expat/research_design/talk/output/estimate_manager_level.log
  log type:  text
 closed on:   4 Dec 2018, 16:58:40
--------------------------------------------------------------------------------------------------------------------------------
