--------------------------------------------------------------------------------------------------------------------------------
      name:  <unnamed>
       log:  /Users/koren/Google Drive/Research/expat/research_design/talk/output/estimate_heterogeneity.log
  log type:  text
 opened on:   7 Jan 2019, 18:14:51

. 
. 
. use temp/analysis_sample

. 
. *Dinamika
. scalar Tbefore = 4

. scalar Tduring = 6

. scalar Tafter = 4

. 
. gen byte analysis_window = (tenure>=-Tbefore-1)&(year-first_exit_year<=Tafter)

. 
. global sample_baseline (analysis_window==1)

. global sample_manufacturing $sample_baseline & (manufacturing==1)

. global sample_acquisitions $sample_baseline & (greenfield==0)

. global sample_1990s $sample_acquisitions & (enter_year>=1994 & enter_year<=1999)

. global sample_2000s $sample_acquisitions & (enter_year>=2000)

. global sample_ever_foreign $sample_acquisitions & (ever_foreign==1)

. 
. global samples baseline acquisitions

. 
. global outcomes lnL lnKL lnQL exporter

. global controls foreign i.ind_year i.age_cat

. 
. label var lnL "Employment (log)"

. label var lnKL "Capital per worker (log)"

. label var lnQL "Revenue per worker (log)"

. label var exporter "Firm is an exporter (dummy)"

. 
. egen person_tag = tag(frame_id manager_id)

. egen N = sum(person_tag), by(frame_id)

. gen inverse_weight = 1/N

. 
. * verify founders are not in analysis sample
. foreach X of var during* after* {
  2.         replace `X'=0 if founder==1
  3. }
(0 real changes made)
(132,464 real changes made)
(55,048 real changes made)
(73,335 real changes made)
(81,604 real changes made)
(46,715 real changes made)
(88,449 real changes made)
(96,285 real changes made)
(94,584 real changes made)
(20,057 real changes made)
(10,166 real changes made)
(13,405 real changes made)
(13,063 real changes made)
(15,361 real changes made)
(11,994 real changes made)
(13,939 real changes made)
(17,025 real changes made)
(0 real changes made)
(0 real changes made)
(0 real changes made)
(0 real changes made)
(0 real changes made)
(0 real changes made)
(0 real changes made)
(0 real changes made)
(0 real changes made)
(0 real changes made)
(0 real changes made)
(0 real changes made)
(0 real changes made)
(0 real changes made)
(0 real changes made)
(0 real changes made)
(0 real changes made)
(0 real changes made)
(0 real changes made)
(0 real changes made)
(0 real changes made)
(0 real changes made)
(0 real changes made)
(0 real changes made)
(0 real changes made)
(0 real changes made)
(0 real changes made)
(0 real changes made)
(0 real changes made)
(0 real changes made)
(0 real changes made)
(0 real changes made)
(0 real changes made)
(70,373 real changes made)
(35,951 real changes made)
(37,925 real changes made)
(38,899 real changes made)
(31,710 real changes made)
(44,472 real changes made)
(52,990 real changes made)
(32,396 real changes made)
(32,892 real changes made)
(19,164 real changes made)
(22,477 real changes made)
(19,915 real changes made)
(25,211 real changes made)
(20,097 real changes made)
(27,732 real changes made)
(15,077 real changes made)
(0 real changes made)
(0 real changes made)
(0 real changes made)
(0 real changes made)
(0 real changes made)
(0 real changes made)
(0 real changes made)
(0 real changes made)
(0 real changes made)
(0 real changes made)
(0 real changes made)
(0 real changes made)
(0 real changes made)
(0 real changes made)
(0 real changes made)
(0 real changes made)
(0 real changes made)
(0 real changes made)
(0 real changes made)
(0 real changes made)
(0 real changes made)
(0 real changes made)
(0 real changes made)
(0 real changes made)
(0 real changes made)
(0 real changes made)
(0 real changes made)
(0 real changes made)
(0 real changes made)
(0 real changes made)
(0 real changes made)
(0 real changes made)

. 
. xtset firm_person year
       panel variable:  firm_person (unbalanced)
        time variable:  year, 1992 to 2016, but with gaps
                delta:  1 unit

. 
. do est_`1'

. xtreg exporter during after during_expat after_expat $controls if $sample_acquisitions & H_exporter==0 [aw=inverse_weight], i(
> firm_person ) fe vce(cluster id)

Fixed-effects (within) regression               Number of obs      =    194426
Group variable: firm_person                     Number of groups   =     21812

R-sq:  within  = 0.0441                         Obs per group: min =         1
       between = 0.0711                                        avg =       8.9
       overall = 0.0580                                        max =        25

                                                F(78,8992)         =     14.01
corr(u_i, Xb)  = 0.0320                         Prob > F           =    0.0000

                                 (Std. Err. adjusted for 8,993 clusters in id)
------------------------------------------------------------------------------
             |               Robust
    exporter |      Coef.   Std. Err.      t    P>|t|     [95% Conf. Interval]
-------------+----------------------------------------------------------------
      during |    .029348   .0041619     7.05   0.000     .0211897    .0375062
       after |   .0323605   .0070601     4.58   0.000      .018521       .0462
during_expat |   .1156187   .0252625     4.58   0.000     .0660984    .1651391
 after_expat |    .130164    .033702     3.86   0.000     .0641003    .1962276
     foreign |   .0366421   .0189021     1.94   0.053    -.0004103    .0736945
             |
    ind_year |
          2  |  -.0215265   .0119756    -1.80   0.072    -.0450014    .0019484
          3  |  -.0302479   .0142472    -2.12   0.034    -.0581757   -.0023202
          4  |  -.0270363   .0159583    -1.69   0.090    -.0583183    .0042456
          5  |  -.0179467   .0183796    -0.98   0.329    -.0539749    .0180814
          6  |  -.0199023   .0204048    -0.98   0.329    -.0599003    .0200957
          7  |  -.0170459   .0228639    -0.75   0.456    -.0618643    .0277726
          8  |  -.0206683   .0251853    -0.82   0.412    -.0700372    .0287006
          9  |  -.0136565   .0279572    -0.49   0.625    -.0684589    .0411459
         10  |  -.0204713   .0305723    -0.67   0.503    -.0804001    .0394575
         11  |  -.0177347   .0333826    -0.53   0.595    -.0831721    .0477028
         12  |  -.0200969   .0358839    -0.56   0.575    -.0904376    .0502439
         13  |  -.0100817   .0386616    -0.26   0.794    -.0858672    .0657038
         14  |    .006818   .0416754     0.16   0.870    -.0748753    .0885113
         15  |   .0231823   .0445693     0.52   0.603    -.0641837    .1105482
         16  |   .0486745   .0475259     1.02   0.306     -.044487    .1418361
         17  |   .0622286   .0504362     1.23   0.217    -.0366378    .1610949
         18  |    .069372   .0536104     1.29   0.196    -.0357166    .1744605
         19  |    .083715   .0566813     1.48   0.140    -.0273932    .1948232
         20  |   .0946589    .059553     1.59   0.112    -.0220785    .2113963
         21  |   .1014859   .0623351     1.63   0.104    -.0207052    .2236769
         22  |   .1099606    .065047     1.69   0.091    -.0175463    .2374676
         23  |   .1182389   .0677523     1.75   0.081    -.0145711    .2510489
         24  |   .0349977   .0704245     0.50   0.619    -.1030503    .1730457
         25  |   .0175983   .0732929     0.24   0.810    -.1260726    .1612691
         26  |  -.0150383   .0308933    -0.49   0.626    -.0755961    .0455195
         27  |  -.0356175   .0269087    -1.32   0.186    -.0883647    .0171297
         28  |   -.020241   .0259828    -0.78   0.436    -.0711732    .0306913
         29  |  -.0078365   .0261581    -0.30   0.765    -.0591124    .0434395
         30  |   .0023518   .0268984     0.09   0.930    -.0503751    .0550787
         31  |  -.0130744   .0275113    -0.48   0.635    -.0670028    .0408541
         32  |   .0080277   .0292427     0.27   0.784    -.0492947    .0653501
         33  |   .0118496   .0309904     0.38   0.702    -.0488986    .0725979
         34  |   .0133623   .0327576     0.41   0.683    -.0508501    .0775747
         35  |   .0255028   .0349377     0.73   0.465     -.042983    .0939886
         36  |   .0443519   .0373917     1.19   0.236    -.0289444    .1176482
         37  |   .0394972   .0395797     1.00   0.318     -.038088    .1170824
         38  |   .0391041   .0416484     0.94   0.348    -.0425363    .1207445
         39  |   .0625241   .0446337     1.40   0.161    -.0249681    .1500163
         40  |   .0642604   .0472278     1.36   0.174    -.0283167    .1568376
         41  |   .1072469   .0500133     2.14   0.032     .0092094    .2052843
         42  |   .1229349   .0527986     2.33   0.020     .0194376    .2264322
         43  |   .1337216   .0558755     2.39   0.017     .0241929    .2432504
         44  |   .1831663   .0591673     3.10   0.002     .0671849    .2991477
         45  |   .2041191   .0620123     3.29   0.001     .0825608    .3256774
         46  |   .2104671   .0648587     3.25   0.001     .0833292    .3376049
         47  |   .2378555   .0676025     3.52   0.000     .1053392    .3703719
         48  |   .2396743   .0696704     3.44   0.001     .1031044    .3762441
         49  |   .0459309   .0713801     0.64   0.520    -.0939903    .1858521
         50  |   .0136808    .074285     0.18   0.854    -.1319347    .1592963
             |
     age_cat |
          1  |   .0183258   .0066025     2.78   0.006     .0053835    .0312682
          2  |   .0213681    .008688     2.46   0.014     .0043377    .0383985
          3  |   .0253856   .0110863     2.29   0.022     .0036539    .0471173
          4  |   .0353827   .0138182     2.56   0.010     .0082959    .0624696
          5  |   .0389219   .0166029     2.34   0.019     .0063765    .0714673
          6  |   .0427689   .0194784     2.20   0.028     .0045868    .0809511
          7  |   .0382917   .0224005     1.71   0.087    -.0056184    .0822018
          8  |   .0495796    .025447     1.95   0.051    -.0003024    .0994615
          9  |   .0419919   .0284613     1.48   0.140    -.0137987    .0977824
         10  |   .0435612   .0313857     1.39   0.165     -.017962    .1050844
         11  |   .0470952   .0343921     1.37   0.171    -.0203212    .1145116
         12  |   .0463644   .0372839     1.24   0.214    -.0267207    .1194494
         13  |   .0502936    .040465     1.24   0.214    -.0290269    .1296142
         14  |   .0544513   .0435783     1.25   0.212    -.0309721    .1398748
         15  |   .0515336   .0465057     1.11   0.268    -.0396281    .1426954
         16  |   .0597942   .0498314     1.20   0.230    -.0378867    .1574751
         17  |   .0510624   .0528758     0.97   0.334    -.0525862     .154711
         18  |   .0582669   .0561319     1.04   0.299    -.0517644    .1682981
         19  |   .0497763   .0597411     0.83   0.405    -.0673298    .1668825
         20  |    .041404   .0651406     0.64   0.525    -.0862864    .1690943
         25  |   .0276479   .0751313     0.37   0.713    -.1196267    .1749224
         30  |   .1053023   .1141612     0.92   0.356    -.1184798    .3290843
         40  |   .0428732    .134434     0.32   0.750     -.220648    .3063944
         50  |   .0508765   .1390747     0.37   0.715    -.2217415    .3234945
             |
       _cons |   .0292031   .0198777     1.47   0.142    -.0097617    .0681678
-------------+----------------------------------------------------------------
     sigma_u |  .22033071
     sigma_e |   .2636724
         rho |  .41116399   (fraction of variance due to u_i)
------------------------------------------------------------------------------

. local r2_w = `e(r2_w)'

. do regram output/regression/exporter_heterogeneity 1 Start R2_within "`r2_w'" 

. args tablefile specname speclabel

. 
. local fmt "%10.5f"

. 
. * create directory if needed
. * FIXME: this only works with relative paths
. local list_of_dirs = subinstr("`tablefile'/columns","/"," ",.)

. local sofar "."

. foreach word in `list_of_dirs' {
  2.         local sofar "`sofar'/`word'"
  3.         capture mkdir "`sofar'"
  4. }

. 
. macro shift

. macro shift

. macro shift

. 
. local _others ""

. local _state "key"

. while "`1'"!="" {
  2.         if ("`_state'"=="key") {
  3.                 di "key: `1'"
  4.                 local _key `1'
  5.                 local _state "value"
  6.                 local _others "`_others' `1'"
  7.         }
  8.         else {
  9.                 di "value: `1'"
 10.                 local `_key' "`1'"
 11.                 local _state "key"
 12.         }
 13.         macro shift
 14. }
key: R2_within
value: .04414345678549

. 
. estimates

--------------------------------------------------------------------------------------------------------------------------------
active results
--------------------------------------------------------------------------------------------------------------------------------

Fixed-effects (within) regression               Number of obs     =    194,426
Group variable: firm_person                     Number of groups  =     21,812

R-sq:                                           Obs per group:
     within  = 0.0441                                         min =          1
     between = 0.0711                                         avg =        8.9
     overall = 0.0580                                         max =         25

                                                F(78,8992)        =      14.01
corr(u_i, Xb)  = 0.0320                         Prob > F          =     0.0000

                                 (Std. Err. adjusted for 8,993 clusters in id)
------------------------------------------------------------------------------
             |               Robust
    exporter |      Coef.   Std. Err.      t    P>|t|     [95% Conf. Interval]
-------------+----------------------------------------------------------------
      during |    .029348   .0041619     7.05   0.000     .0211897    .0375062
       after |   .0323605   .0070601     4.58   0.000      .018521       .0462
during_expat |   .1156187   .0252625     4.58   0.000     .0660984    .1651391
 after_expat |    .130164    .033702     3.86   0.000     .0641003    .1962276
     foreign |   .0366421   .0189021     1.94   0.053    -.0004103    .0736945
             |
    ind_year |
          2  |  -.0215265   .0119756    -1.80   0.072    -.0450014    .0019484
          3  |  -.0302479   .0142472    -2.12   0.034    -.0581757   -.0023202
          4  |  -.0270363   .0159583    -1.69   0.090    -.0583183    .0042456
          5  |  -.0179467   .0183796    -0.98   0.329    -.0539749    .0180814
          6  |  -.0199023   .0204048    -0.98   0.329    -.0599003    .0200957
          7  |  -.0170459   .0228639    -0.75   0.456    -.0618643    .0277726
          8  |  -.0206683   .0251853    -0.82   0.412    -.0700372    .0287006
          9  |  -.0136565   .0279572    -0.49   0.625    -.0684589    .0411459
         10  |  -.0204713   .0305723    -0.67   0.503    -.0804001    .0394575
         11  |  -.0177347   .0333826    -0.53   0.595    -.0831721    .0477028
         12  |  -.0200969   .0358839    -0.56   0.575    -.0904376    .0502439
         13  |  -.0100817   .0386616    -0.26   0.794    -.0858672    .0657038
         14  |    .006818   .0416754     0.16   0.870    -.0748753    .0885113
         15  |   .0231823   .0445693     0.52   0.603    -.0641837    .1105482
         16  |   .0486745   .0475259     1.02   0.306     -.044487    .1418361
         17  |   .0622286   .0504362     1.23   0.217    -.0366378    .1610949
         18  |    .069372   .0536104     1.29   0.196    -.0357166    .1744605
         19  |    .083715   .0566813     1.48   0.140    -.0273932    .1948232
         20  |   .0946589    .059553     1.59   0.112    -.0220785    .2113963
         21  |   .1014859   .0623351     1.63   0.104    -.0207052    .2236769
         22  |   .1099606    .065047     1.69   0.091    -.0175463    .2374676
         23  |   .1182389   .0677523     1.75   0.081    -.0145711    .2510489
         24  |   .0349977   .0704245     0.50   0.619    -.1030503    .1730457
         25  |   .0175983   .0732929     0.24   0.810    -.1260726    .1612691
         26  |  -.0150383   .0308933    -0.49   0.626    -.0755961    .0455195
         27  |  -.0356175   .0269087    -1.32   0.186    -.0883647    .0171297
         28  |   -.020241   .0259828    -0.78   0.436    -.0711732    .0306913
         29  |  -.0078365   .0261581    -0.30   0.765    -.0591124    .0434395
         30  |   .0023518   .0268984     0.09   0.930    -.0503751    .0550787
         31  |  -.0130744   .0275113    -0.48   0.635    -.0670028    .0408541
         32  |   .0080277   .0292427     0.27   0.784    -.0492947    .0653501
         33  |   .0118496   .0309904     0.38   0.702    -.0488986    .0725979
         34  |   .0133623   .0327576     0.41   0.683    -.0508501    .0775747
         35  |   .0255028   .0349377     0.73   0.465     -.042983    .0939886
         36  |   .0443519   .0373917     1.19   0.236    -.0289444    .1176482
         37  |   .0394972   .0395797     1.00   0.318     -.038088    .1170824
         38  |   .0391041   .0416484     0.94   0.348    -.0425363    .1207445
         39  |   .0625241   .0446337     1.40   0.161    -.0249681    .1500163
         40  |   .0642604   .0472278     1.36   0.174    -.0283167    .1568376
         41  |   .1072469   .0500133     2.14   0.032     .0092094    .2052843
         42  |   .1229349   .0527986     2.33   0.020     .0194376    .2264322
         43  |   .1337216   .0558755     2.39   0.017     .0241929    .2432504
         44  |   .1831663   .0591673     3.10   0.002     .0671849    .2991477
         45  |   .2041191   .0620123     3.29   0.001     .0825608    .3256774
         46  |   .2104671   .0648587     3.25   0.001     .0833292    .3376049
         47  |   .2378555   .0676025     3.52   0.000     .1053392    .3703719
         48  |   .2396743   .0696704     3.44   0.001     .1031044    .3762441
         49  |   .0459309   .0713801     0.64   0.520    -.0939903    .1858521
         50  |   .0136808    .074285     0.18   0.854    -.1319347    .1592963
             |
     age_cat |
          1  |   .0183258   .0066025     2.78   0.006     .0053835    .0312682
          2  |   .0213681    .008688     2.46   0.014     .0043377    .0383985
          3  |   .0253856   .0110863     2.29   0.022     .0036539    .0471173
          4  |   .0353827   .0138182     2.56   0.010     .0082959    .0624696
          5  |   .0389219   .0166029     2.34   0.019     .0063765    .0714673
          6  |   .0427689   .0194784     2.20   0.028     .0045868    .0809511
          7  |   .0382917   .0224005     1.71   0.087    -.0056184    .0822018
          8  |   .0495796    .025447     1.95   0.051    -.0003024    .0994615
          9  |   .0419919   .0284613     1.48   0.140    -.0137987    .0977824
         10  |   .0435612   .0313857     1.39   0.165     -.017962    .1050844
         11  |   .0470952   .0343921     1.37   0.171    -.0203212    .1145116
         12  |   .0463644   .0372839     1.24   0.214    -.0267207    .1194494
         13  |   .0502936    .040465     1.24   0.214    -.0290269    .1296142
         14  |   .0544513   .0435783     1.25   0.212    -.0309721    .1398748
         15  |   .0515336   .0465057     1.11   0.268    -.0396281    .1426954
         16  |   .0597942   .0498314     1.20   0.230    -.0378867    .1574751
         17  |   .0510624   .0528758     0.97   0.334    -.0525862     .154711
         18  |   .0582669   .0561319     1.04   0.299    -.0517644    .1682981
         19  |   .0497763   .0597411     0.83   0.405    -.0673298    .1668825
         20  |    .041404   .0651406     0.64   0.525    -.0862864    .1690943
         25  |   .0276479   .0751313     0.37   0.713    -.1196267    .1749224
         30  |   .1053023   .1141612     0.92   0.356    -.1184798    .3290843
         40  |   .0428732    .134434     0.32   0.750     -.220648    .3063944
         50  |   .0508765   .1390747     0.37   0.715    -.2217415    .3234945
             |
       _cons |   .0292031   .0198777     1.47   0.142    -.0097617    .0681678
-------------+----------------------------------------------------------------
     sigma_u |  .22033071
     sigma_e |   .2636724
         rho |  .41116399   (fraction of variance due to u_i)
------------------------------------------------------------------------------

. tempname output coefs stats variables b se

. matrix `coefs' = r(table)

. local observations `e(N)'

. local R2 `e(r2)'

. 
. local `stats' : rownames(`coefs')

. local `variables' : colnames(`coefs')

. 
. 
. file open `output' using "`tablefile'/columns/`specname'.yaml", write text replace

. 
. file write `output' "id: " "`specname'" _newline

. file write `output' "label: " "`speclabel'" _newline

. 
. file write `output' "coefficients:" _newline

. foreach X in ``variables'' {
  2.         scalar `b' = `coefs'[rownumb(`coefs',"b"),colnumb(`coefs',"`X'")]
  3.         scalar `se' = `coefs'[rownumb(`coefs',"se"),colnumb(`coefs',"`X'")]
  4.         file write `output' (" - id: `X'") _newline
  5.         file write `output' ("   estimate: " + string(`b', "`fmt'")) _newline
  6.         file write `output' ("   standard_error: " + string(`se', "`fmt'")) _newline
  7.         file write `output' ("   t_statistic: " + string(`b'/`se', "`fmt'")) _newline
  8.         file write `output' ("   p_value: " + string(`coefs'[rownumb(`coefs',"pvalue"),colnumb(`coefs',"`X'")]), "`fmt'") _
> newline
  9. }

. file write `output' "extra_rows:" _newline

. foreach X in R2 observations `_others'{
  2.         if ("``X''"!="") {
  3.                 file write `output' (" - id: `X'") _newline
  4.                 file write `output' ("   value: ``X''") _newline
  5.         }
  6. }

. 
. file close `output'

. 
end of do-file

. 
. xtreg exporter during after during_expat after_expat $controls if $sample_acquisitions & H_exporter==1 [aw=inverse_weight], i(
> firm_person ) fe vce(cluster id)

Fixed-effects (within) regression               Number of obs      =    160346
Group variable: firm_person                     Number of groups   =     17818

R-sq:  within  = 0.0751                         Obs per group: min =         1
       between = 0.0311                                        avg =       9.0
       overall = 0.0494                                        max =        25

                                                F(78,5535)         =     19.90
corr(u_i, Xb)  = 0.0620                         Prob > F           =    0.0000

                                 (Std. Err. adjusted for 5,536 clusters in id)
------------------------------------------------------------------------------
             |               Robust
    exporter |      Coef.   Std. Err.      t    P>|t|     [95% Conf. Interval]
-------------+----------------------------------------------------------------
      during |  -.0637312   .0059631   -10.69   0.000    -.0754211   -.0520412
       after |  -.0959436   .0100816    -9.52   0.000    -.1157076   -.0761797
during_expat |   .0378659   .0154371     2.45   0.014      .007603    .0681288
 after_expat |   .0448207   .0206748     2.17   0.030     .0042899    .0853514
     foreign |   -.004569   .0171806    -0.27   0.790    -.0382498    .0291119
             |
    ind_year |
          2  |  -.0026412   .0196468    -0.13   0.893    -.0411567    .0358743
          3  |  -.0240987   .0245634    -0.98   0.327    -.0722525    .0240552
          4  |  -.0412979   .0256562    -1.61   0.108    -.0915941    .0089982
          5  |  -.0156003   .0279226    -0.56   0.576    -.0703395    .0391389
          6  |  -.0216694   .0297941    -0.73   0.467    -.0800777    .0367388
          7  |  -.0242468   .0313389    -0.77   0.439    -.0856833    .0371897
          8  |  -.0283572   .0328716    -0.86   0.388    -.0927984     .036084
          9  |  -.0332879   .0345465    -0.96   0.335    -.1010127    .0344369
         10  |   .0043803   .0359477     0.12   0.903    -.0660913    .0748519
         11  |  -.0075096   .0375071    -0.20   0.841    -.0810383     .066019
         12  |   .0163163   .0391436     0.42   0.677    -.0604205     .093053
         13  |   .0289762   .0410682     0.71   0.480    -.0515335    .1094859
         14  |   .0359528      .0425     0.85   0.398    -.0473638    .1192694
         15  |   .0512458   .0437633     1.17   0.242    -.0345475     .137039
         16  |   .0564717   .0451018     1.25   0.211    -.0319455    .1448889
         17  |   .0910889   .0468059     1.95   0.052    -.0006691    .1828469
         18  |   .1036105   .0484517     2.14   0.033     .0086262    .1985948
         19  |   .1059926   .0499434     2.12   0.034      .008084    .2039013
         20  |   .1188389   .0513291     2.32   0.021     .0182138     .219464
         21  |   .1021457   .0527104     1.94   0.053    -.0011873    .2054787
         22  |    .119267    .053775     2.22   0.027     .0138469    .2246872
         23  |   .1056423   .0550055     1.92   0.055    -.0021902    .2134747
         24  |  -.0434398   .0563345    -0.77   0.441    -.1538776     .066998
         25  |  -.1029388   .0580778    -1.77   0.076    -.2167941    .0109165
         26  |   .0304151   .0416476     0.73   0.465    -.0512305    .1120607
         27  |   .0567354   .0379575     1.49   0.135    -.0176762    .1311471
         28  |   .0830795   .0373427     2.22   0.026     .0098732    .1562858
         29  |   .0707998   .0368496     1.92   0.055    -.0014398    .1430394
         30  |   .1019017   .0366812     2.78   0.005     .0299923    .1738112
         31  |   .1090328   .0368762     2.96   0.003     .0367411    .1813246
         32  |   .1088352   .0372058     2.93   0.003     .0358973    .1817731
         33  |   .0957706   .0376546     2.54   0.011     .0219527    .1695885
         34  |   .1025548   .0389049     2.64   0.008     .0262859    .1788237
         35  |   .1216629   .0396885     3.07   0.002     .0438578     .199468
         36  |   .1172528   .0411306     2.85   0.004     .0366207    .1978849
         37  |   .1152686   .0424138     2.72   0.007     .0321209    .1984163
         38  |   .1192926   .0436885     2.73   0.006      .033646    .2049392
         39  |   .1194317   .0450692     2.65   0.008     .0310784     .207785
         40  |   .1499078   .0462189     3.24   0.001     .0593006    .2405149
         41  |   .1533926   .0475628     3.23   0.001     .0601509    .2466343
         42  |   .1657922   .0490478     3.38   0.001     .0696392    .2619452
         43  |   .1698315   .0507037     3.35   0.001     .0704323    .2692308
         44  |    .174825   .0523249     3.34   0.001     .0722476    .2774023
         45  |   .1790305   .0540614     3.31   0.001     .0730489    .2850121
         46  |   .1865871   .0559202     3.34   0.001     .0769616    .2962125
         47  |     .19458   .0571355     3.41   0.001      .082572     .306588
         48  |   .1837531    .058137     3.16   0.002     .0697818    .2977245
         49  |  -.1719465   .0603327    -2.85   0.004    -.2902223   -.0536707
         50  |  -.2299368   .0621721    -3.70   0.000    -.3518186    -.108055
             |
     age_cat |
          1  |   .1233151     .02072     5.95   0.000     .0826957    .1639345
          2  |   .1653813    .022013     7.51   0.000     .1222273    .2085354
          3  |   .1964644   .0233179     8.43   0.000     .1507521    .2421767
          4  |   .2287079   .0245225     9.33   0.000     .1806342    .2767815
          5  |   .2594797   .0257253    10.09   0.000      .209048    .3099114
          6  |   .2699365    .027329     9.88   0.000      .216361    .3235121
          7  |    .281607   .0289249     9.74   0.000     .2249029    .3383112
          8  |   .2896317   .0306106     9.46   0.000     .2296228    .3496405
          9  |   .2892449     .03209     9.01   0.000     .2263359     .352154
         10  |   .2837967   .0338253     8.39   0.000     .2174859    .3501076
         11  |   .2851982   .0353874     8.06   0.000      .215825    .3545713
         12  |   .2746976   .0370627     7.41   0.000     .2020401     .347355
         13  |   .2782703   .0388718     7.16   0.000     .2020664    .3544743
         14  |    .280764   .0406824     6.90   0.000     .2010105    .3605174
         15  |   .2911716   .0422761     6.89   0.000     .2082938    .3740494
         16  |    .281796   .0439063     6.42   0.000     .1957225    .3678696
         17  |   .2906626   .0456107     6.37   0.000     .2012476    .3800775
         18  |   .2847863   .0477022     5.97   0.000     .1912714    .3783013
         19  |   .2656694   .0495758     5.36   0.000     .1684813    .3628574
         20  |   .2811494   .0526796     5.34   0.000     .1778767    .3844221
         25  |   .3275065    .058968     5.55   0.000     .2119062    .4431069
         30  |   .2884386    .077151     3.74   0.000     .1371924    .4396847
         40  |   .2943331   .0840307     3.50   0.000     .1295999    .4590663
         50  |     .21162   .0891071     2.37   0.018     .0369352    .3863048
             |
       _cons |   .3536664   .0329623    10.73   0.000     .2890474    .4182855
-------------+----------------------------------------------------------------
     sigma_u |  .40434921
     sigma_e |   .3147831
         rho |  .62264499   (fraction of variance due to u_i)
------------------------------------------------------------------------------

. local r2_w = `e(r2_w)'

. do regram output/regression/exporter_heterogeneity 2 Continue R2_within "`r2_w'" 

. args tablefile specname speclabel

. 
. local fmt "%10.5f"

. 
. * create directory if needed
. * FIXME: this only works with relative paths
. local list_of_dirs = subinstr("`tablefile'/columns","/"," ",.)

. local sofar "."

. foreach word in `list_of_dirs' {
  2.         local sofar "`sofar'/`word'"
  3.         capture mkdir "`sofar'"
  4. }

. 
. macro shift

. macro shift

. macro shift

. 
. local _others ""

. local _state "key"

. while "`1'"!="" {
  2.         if ("`_state'"=="key") {
  3.                 di "key: `1'"
  4.                 local _key `1'
  5.                 local _state "value"
  6.                 local _others "`_others' `1'"
  7.         }
  8.         else {
  9.                 di "value: `1'"
 10.                 local `_key' "`1'"
 11.                 local _state "key"
 12.         }
 13.         macro shift
 14. }
key: R2_within
value: .0750901598019422

. 
. estimates

--------------------------------------------------------------------------------------------------------------------------------
active results
--------------------------------------------------------------------------------------------------------------------------------

Fixed-effects (within) regression               Number of obs     =    160,346
Group variable: firm_person                     Number of groups  =     17,818

R-sq:                                           Obs per group:
     within  = 0.0751                                         min =          1
     between = 0.0311                                         avg =        9.0
     overall = 0.0494                                         max =         25

                                                F(78,5535)        =      19.90
corr(u_i, Xb)  = 0.0620                         Prob > F          =     0.0000

                                 (Std. Err. adjusted for 5,536 clusters in id)
------------------------------------------------------------------------------
             |               Robust
    exporter |      Coef.   Std. Err.      t    P>|t|     [95% Conf. Interval]
-------------+----------------------------------------------------------------
      during |  -.0637312   .0059631   -10.69   0.000    -.0754211   -.0520412
       after |  -.0959436   .0100816    -9.52   0.000    -.1157076   -.0761797
during_expat |   .0378659   .0154371     2.45   0.014      .007603    .0681288
 after_expat |   .0448207   .0206748     2.17   0.030     .0042899    .0853514
     foreign |   -.004569   .0171806    -0.27   0.790    -.0382498    .0291119
             |
    ind_year |
          2  |  -.0026412   .0196468    -0.13   0.893    -.0411567    .0358743
          3  |  -.0240987   .0245634    -0.98   0.327    -.0722525    .0240552
          4  |  -.0412979   .0256562    -1.61   0.108    -.0915941    .0089982
          5  |  -.0156003   .0279226    -0.56   0.576    -.0703395    .0391389
          6  |  -.0216694   .0297941    -0.73   0.467    -.0800777    .0367388
          7  |  -.0242468   .0313389    -0.77   0.439    -.0856833    .0371897
          8  |  -.0283572   .0328716    -0.86   0.388    -.0927984     .036084
          9  |  -.0332879   .0345465    -0.96   0.335    -.1010127    .0344369
         10  |   .0043803   .0359477     0.12   0.903    -.0660913    .0748519
         11  |  -.0075096   .0375071    -0.20   0.841    -.0810383     .066019
         12  |   .0163163   .0391436     0.42   0.677    -.0604205     .093053
         13  |   .0289762   .0410682     0.71   0.480    -.0515335    .1094859
         14  |   .0359528      .0425     0.85   0.398    -.0473638    .1192694
         15  |   .0512458   .0437633     1.17   0.242    -.0345475     .137039
         16  |   .0564717   .0451018     1.25   0.211    -.0319455    .1448889
         17  |   .0910889   .0468059     1.95   0.052    -.0006691    .1828469
         18  |   .1036105   .0484517     2.14   0.033     .0086262    .1985948
         19  |   .1059926   .0499434     2.12   0.034      .008084    .2039013
         20  |   .1188389   .0513291     2.32   0.021     .0182138     .219464
         21  |   .1021457   .0527104     1.94   0.053    -.0011873    .2054787
         22  |    .119267    .053775     2.22   0.027     .0138469    .2246872
         23  |   .1056423   .0550055     1.92   0.055    -.0021902    .2134747
         24  |  -.0434398   .0563345    -0.77   0.441    -.1538776     .066998
         25  |  -.1029388   .0580778    -1.77   0.076    -.2167941    .0109165
         26  |   .0304151   .0416476     0.73   0.465    -.0512305    .1120607
         27  |   .0567354   .0379575     1.49   0.135    -.0176762    .1311471
         28  |   .0830795   .0373427     2.22   0.026     .0098732    .1562858
         29  |   .0707998   .0368496     1.92   0.055    -.0014398    .1430394
         30  |   .1019017   .0366812     2.78   0.005     .0299923    .1738112
         31  |   .1090328   .0368762     2.96   0.003     .0367411    .1813246
         32  |   .1088352   .0372058     2.93   0.003     .0358973    .1817731
         33  |   .0957706   .0376546     2.54   0.011     .0219527    .1695885
         34  |   .1025548   .0389049     2.64   0.008     .0262859    .1788237
         35  |   .1216629   .0396885     3.07   0.002     .0438578     .199468
         36  |   .1172528   .0411306     2.85   0.004     .0366207    .1978849
         37  |   .1152686   .0424138     2.72   0.007     .0321209    .1984163
         38  |   .1192926   .0436885     2.73   0.006      .033646    .2049392
         39  |   .1194317   .0450692     2.65   0.008     .0310784     .207785
         40  |   .1499078   .0462189     3.24   0.001     .0593006    .2405149
         41  |   .1533926   .0475628     3.23   0.001     .0601509    .2466343
         42  |   .1657922   .0490478     3.38   0.001     .0696392    .2619452
         43  |   .1698315   .0507037     3.35   0.001     .0704323    .2692308
         44  |    .174825   .0523249     3.34   0.001     .0722476    .2774023
         45  |   .1790305   .0540614     3.31   0.001     .0730489    .2850121
         46  |   .1865871   .0559202     3.34   0.001     .0769616    .2962125
         47  |     .19458   .0571355     3.41   0.001      .082572     .306588
         48  |   .1837531    .058137     3.16   0.002     .0697818    .2977245
         49  |  -.1719465   .0603327    -2.85   0.004    -.2902223   -.0536707
         50  |  -.2299368   .0621721    -3.70   0.000    -.3518186    -.108055
             |
     age_cat |
          1  |   .1233151     .02072     5.95   0.000     .0826957    .1639345
          2  |   .1653813    .022013     7.51   0.000     .1222273    .2085354
          3  |   .1964644   .0233179     8.43   0.000     .1507521    .2421767
          4  |   .2287079   .0245225     9.33   0.000     .1806342    .2767815
          5  |   .2594797   .0257253    10.09   0.000      .209048    .3099114
          6  |   .2699365    .027329     9.88   0.000      .216361    .3235121
          7  |    .281607   .0289249     9.74   0.000     .2249029    .3383112
          8  |   .2896317   .0306106     9.46   0.000     .2296228    .3496405
          9  |   .2892449     .03209     9.01   0.000     .2263359     .352154
         10  |   .2837967   .0338253     8.39   0.000     .2174859    .3501076
         11  |   .2851982   .0353874     8.06   0.000      .215825    .3545713
         12  |   .2746976   .0370627     7.41   0.000     .2020401     .347355
         13  |   .2782703   .0388718     7.16   0.000     .2020664    .3544743
         14  |    .280764   .0406824     6.90   0.000     .2010105    .3605174
         15  |   .2911716   .0422761     6.89   0.000     .2082938    .3740494
         16  |    .281796   .0439063     6.42   0.000     .1957225    .3678696
         17  |   .2906626   .0456107     6.37   0.000     .2012476    .3800775
         18  |   .2847863   .0477022     5.97   0.000     .1912714    .3783013
         19  |   .2656694   .0495758     5.36   0.000     .1684813    .3628574
         20  |   .2811494   .0526796     5.34   0.000     .1778767    .3844221
         25  |   .3275065    .058968     5.55   0.000     .2119062    .4431069
         30  |   .2884386    .077151     3.74   0.000     .1371924    .4396847
         40  |   .2943331   .0840307     3.50   0.000     .1295999    .4590663
         50  |     .21162   .0891071     2.37   0.018     .0369352    .3863048
             |
       _cons |   .3536664   .0329623    10.73   0.000     .2890474    .4182855
-------------+----------------------------------------------------------------
     sigma_u |  .40434921
     sigma_e |   .3147831
         rho |  .62264499   (fraction of variance due to u_i)
------------------------------------------------------------------------------

. tempname output coefs stats variables b se

. matrix `coefs' = r(table)

. local observations `e(N)'

. local R2 `e(r2)'

. 
. local `stats' : rownames(`coefs')

. local `variables' : colnames(`coefs')

. 
. 
. file open `output' using "`tablefile'/columns/`specname'.yaml", write text replace

. 
. file write `output' "id: " "`specname'" _newline

. file write `output' "label: " "`speclabel'" _newline

. 
. file write `output' "coefficients:" _newline

. foreach X in ``variables'' {
  2.         scalar `b' = `coefs'[rownumb(`coefs',"b"),colnumb(`coefs',"`X'")]
  3.         scalar `se' = `coefs'[rownumb(`coefs',"se"),colnumb(`coefs',"`X'")]
  4.         file write `output' (" - id: `X'") _newline
  5.         file write `output' ("   estimate: " + string(`b', "`fmt'")) _newline
  6.         file write `output' ("   standard_error: " + string(`se', "`fmt'")) _newline
  7.         file write `output' ("   t_statistic: " + string(`b'/`se', "`fmt'")) _newline
  8.         file write `output' ("   p_value: " + string(`coefs'[rownumb(`coefs',"pvalue"),colnumb(`coefs',"`X'")]), "`fmt'") _
> newline
  9. }

. file write `output' "extra_rows:" _newline

. foreach X in R2 observations `_others'{
  2.         if ("``X''"!="") {
  3.                 file write `output' (" - id: `X'") _newline
  4.                 file write `output' ("   value: ``X''") _newline
  5.         }
  6. }

. 
. file close `output'

. 
end of do-file

. 
. xtreg exporter during after during_expat after_expat $controls if $sample_acquisitions & H_exporter==0 & lag_expat==0 [aw=inve
> rse_weight], i(firm_person ) fe vce(cluster id)

Fixed-effects (within) regression               Number of obs      =     91225
Group variable: firm_person                     Number of groups   =      9636

R-sq:  within  = 0.0548                         Obs per group: min =         1
       between = 0.0402                                        avg =       9.5
       overall = 0.0420                                        max =        25

                                                F(78,4435)         =      9.97
corr(u_i, Xb)  = -0.0531                        Prob > F           =    0.0000

                                 (Std. Err. adjusted for 4,436 clusters in id)
------------------------------------------------------------------------------
             |               Robust
    exporter |      Coef.   Std. Err.      t    P>|t|     [95% Conf. Interval]
-------------+----------------------------------------------------------------
      during |   .0058433   .0052559     1.11   0.266    -.0044609    .0161475
       after |  -.0008944   .0087619    -0.10   0.919     -.018072    .0162833
during_expat |    .132011   .0345899     3.82   0.000     .0641976    .1998244
 after_expat |   .1512857    .041879     3.61   0.000      .069182    .2333894
     foreign |   .0265154   .0210721     1.26   0.208    -.0147964    .0678272
             |
    ind_year |
          2  |  -.0356756   .0318812    -1.12   0.263    -.0981786    .0268274
          3  |  -.0375886   .0339893    -1.11   0.269    -.1042247    .0290474
          4  |  -.0309546   .0369844    -0.84   0.403    -.1034625    .0415532
          5  |   -.014261    .038024    -0.38   0.708    -.0888071    .0602851
          6  |  -.0210569   .0389661    -0.54   0.589    -.0974498    .0553361
          7  |  -.0376975    .040188    -0.94   0.348     -.116486     .041091
          8  |  -.0325586    .042126    -0.77   0.440    -.1151466    .0500293
          9  |  -.0287917    .043967    -0.65   0.513    -.1149889    .0574055
         10  |  -.0447993   .0455853    -0.98   0.326    -.1341692    .0445707
         11  |  -.0433721   .0475859    -0.91   0.362    -.1366643    .0499201
         12  |  -.0486185   .0495319    -0.98   0.326    -.1457257    .0484888
         13  |  -.0401234   .0513923    -0.78   0.435     -.140878    .0606312
         14  |  -.0303355   .0536187    -0.57   0.572    -.1354549    .0747839
         15  |  -.0209278   .0558648    -0.37   0.708    -.1304508    .0885952
         16  |   .0136887   .0581431     0.24   0.814    -.1003008    .1276783
         17  |   .0324252   .0606667     0.53   0.593    -.0865117    .1513621
         18  |    .040059   .0630183     0.64   0.525    -.0834882    .1636063
         19  |   .0517446   .0653618     0.79   0.429    -.0763971    .1798863
         20  |   .0546314   .0674322     0.81   0.418    -.0775693    .1868321
         21  |   .0506443   .0696925     0.73   0.467    -.0859878    .1872765
         22  |   .0617694   .0717431     0.86   0.389    -.0788828    .2024216
         23  |   .0585787   .0737154     0.79   0.427    -.0859403    .2030978
         24  |  -.0128328   .0758219    -0.17   0.866    -.1614816    .1358159
         25  |  -.0409941   .0782514    -0.52   0.600    -.1944058    .1124177
         26  |   .0004826   .0707708     0.01   0.995    -.1382634    .1392286
         27  |  -.0195925   .0565084    -0.35   0.729    -.1303771    .0911921
         28  |  -.0202464   .0513999    -0.39   0.694    -.1210158    .0805231
         29  |  -.0056183   .0501892    -0.11   0.911    -.1040143    .0927776
         30  |  -.0121422   .0486188    -0.25   0.803    -.1074593    .0831749
         31  |  -.0332528   .0484074    -0.69   0.492    -.1281554    .0616498
         32  |  -.0123799   .0492262    -0.25   0.801    -.1088877     .084128
         33  |  -.0071769   .0485052    -0.15   0.882    -.1022713    .0879175
         34  |  -.0261339   .0498179    -0.52   0.600    -.1238018    .0715341
         35  |  -.0172551   .0505302    -0.34   0.733    -.1163195    .0818093
         36  |   .0177089   .0521422     0.34   0.734    -.0845158    .1199337
         37  |    .012426   .0533389     0.23   0.816    -.0921448    .1169969
         38  |   .0176082   .0549884     0.32   0.749    -.0901964    .1254129
         39  |   .0241954   .0571323     0.42   0.672    -.0878124    .1362032
         40  |   .0396183   .0592266     0.67   0.504    -.0764954    .1557319
         41  |   .0714035    .061241     1.17   0.244    -.0486594    .1914663
         42  |   .0949991    .063493     1.50   0.135    -.0294788     .219477
         43  |    .098136   .0658159     1.49   0.136    -.0308961    .2271681
         44  |   .1397799   .0681934     2.05   0.040     .0060869    .2734729
         45  |   .1612449   .0704215     2.29   0.022     .0231836    .2993062
         46  |   .1727961   .0726631     2.38   0.017     .0303402     .315252
         47  |   .1820114   .0749575     2.43   0.015     .0350573    .3289655
         48  |   .1620469   .0764421     2.12   0.034     .0121822    .3119116
         49  |   .0005613   .0778712     0.01   0.994     -.152105    .1532277
         50  |  -.0356313   .0802656    -0.44   0.657    -.1929919    .1217293
             |
     age_cat |
          1  |   .0480168    .011229     4.28   0.000     .0260023    .0700313
          2  |   .0635576     .01288     4.93   0.000     .0383064    .0888088
          3  |   .0788234   .0146997     5.36   0.000     .0500046    .1076422
          4  |   .1046409   .0170876     6.12   0.000     .0711407    .1381411
          5  |   .1114693   .0194036     5.74   0.000     .0734285      .14951
          6  |   .1250869   .0218977     5.71   0.000     .0821565    .1680174
          7  |   .1287198   .0244906     5.26   0.000      .080706    .1767336
          8  |   .1382215   .0271266     5.10   0.000     .0850399     .191403
          9  |    .144765   .0299114     4.84   0.000     .0861237    .2034062
         10  |   .1503032   .0326303     4.61   0.000     .0863316    .2142747
         11  |   .1629378   .0353319     4.61   0.000     .0936696     .232206
         12  |   .1727264   .0379856     4.55   0.000     .0982557    .2471971
         13  |    .174079   .0409432     4.25   0.000     .0938099    .2543482
         14  |   .1765844   .0435983     4.05   0.000     .0911099    .2620589
         15  |   .1745122   .0462459     3.77   0.000     .0838472    .2651772
         16  |   .1923139   .0491896     3.91   0.000     .0958777    .2887502
         17  |   .1905152   .0520525     3.66   0.000     .0884663     .292564
         18  |   .1945516   .0550615     3.53   0.000     .0866036    .3024996
         19  |   .1942723   .0586398     3.31   0.001      .079309    .3092355
         20  |   .1993388   .0624591     3.19   0.001     .0768878    .3217898
         25  |   .1951848   .0707305     2.76   0.006     .0565177     .333852
         30  |   .3755858   .1331403     2.82   0.005     .1145643    .6366072
         40  |   .3110187   .1499519     2.07   0.038     .0170382    .6049992
         50  |   .3083177   .1655753     1.86   0.063    -.0162926     .632928
             |
       _cons |  -.0103323   .0388568    -0.27   0.790     -.086511    .0658464
-------------+----------------------------------------------------------------
     sigma_u |  .26135233
     sigma_e |  .27371468
         rho |  .47690801   (fraction of variance due to u_i)
------------------------------------------------------------------------------

. local r2_w = `e(r2_w)'

. do regram output/regression/exporter_heterogeneity 3 Domestic R2_within "`r2_w'" 

. args tablefile specname speclabel

. 
. local fmt "%10.5f"

. 
. * create directory if needed
. * FIXME: this only works with relative paths
. local list_of_dirs = subinstr("`tablefile'/columns","/"," ",.)

. local sofar "."

. foreach word in `list_of_dirs' {
  2.         local sofar "`sofar'/`word'"
  3.         capture mkdir "`sofar'"
  4. }

. 
. macro shift

. macro shift

. macro shift

. 
. local _others ""

. local _state "key"

. while "`1'"!="" {
  2.         if ("`_state'"=="key") {
  3.                 di "key: `1'"
  4.                 local _key `1'
  5.                 local _state "value"
  6.                 local _others "`_others' `1'"
  7.         }
  8.         else {
  9.                 di "value: `1'"
 10.                 local `_key' "`1'"
 11.                 local _state "key"
 12.         }
 13.         macro shift
 14. }
key: R2_within
value: .0547676922486143

. 
. estimates

--------------------------------------------------------------------------------------------------------------------------------
active results
--------------------------------------------------------------------------------------------------------------------------------

Fixed-effects (within) regression               Number of obs     =     91,225
Group variable: firm_person                     Number of groups  =      9,636

R-sq:                                           Obs per group:
     within  = 0.0548                                         min =          1
     between = 0.0402                                         avg =        9.5
     overall = 0.0420                                         max =         25

                                                F(78,4435)        =       9.97
corr(u_i, Xb)  = -0.0531                        Prob > F          =     0.0000

                                 (Std. Err. adjusted for 4,436 clusters in id)
------------------------------------------------------------------------------
             |               Robust
    exporter |      Coef.   Std. Err.      t    P>|t|     [95% Conf. Interval]
-------------+----------------------------------------------------------------
      during |   .0058433   .0052559     1.11   0.266    -.0044609    .0161475
       after |  -.0008944   .0087619    -0.10   0.919     -.018072    .0162833
during_expat |    .132011   .0345899     3.82   0.000     .0641976    .1998244
 after_expat |   .1512857    .041879     3.61   0.000      .069182    .2333894
     foreign |   .0265154   .0210721     1.26   0.208    -.0147964    .0678272
             |
    ind_year |
          2  |  -.0356756   .0318812    -1.12   0.263    -.0981786    .0268274
          3  |  -.0375886   .0339893    -1.11   0.269    -.1042247    .0290474
          4  |  -.0309546   .0369844    -0.84   0.403    -.1034625    .0415532
          5  |   -.014261    .038024    -0.38   0.708    -.0888071    .0602851
          6  |  -.0210569   .0389661    -0.54   0.589    -.0974498    .0553361
          7  |  -.0376975    .040188    -0.94   0.348     -.116486     .041091
          8  |  -.0325586    .042126    -0.77   0.440    -.1151466    .0500293
          9  |  -.0287917    .043967    -0.65   0.513    -.1149889    .0574055
         10  |  -.0447993   .0455853    -0.98   0.326    -.1341692    .0445707
         11  |  -.0433721   .0475859    -0.91   0.362    -.1366643    .0499201
         12  |  -.0486185   .0495319    -0.98   0.326    -.1457257    .0484888
         13  |  -.0401234   .0513923    -0.78   0.435     -.140878    .0606312
         14  |  -.0303355   .0536187    -0.57   0.572    -.1354549    .0747839
         15  |  -.0209278   .0558648    -0.37   0.708    -.1304508    .0885952
         16  |   .0136887   .0581431     0.24   0.814    -.1003008    .1276783
         17  |   .0324252   .0606667     0.53   0.593    -.0865117    .1513621
         18  |    .040059   .0630183     0.64   0.525    -.0834882    .1636063
         19  |   .0517446   .0653618     0.79   0.429    -.0763971    .1798863
         20  |   .0546314   .0674322     0.81   0.418    -.0775693    .1868321
         21  |   .0506443   .0696925     0.73   0.467    -.0859878    .1872765
         22  |   .0617694   .0717431     0.86   0.389    -.0788828    .2024216
         23  |   .0585787   .0737154     0.79   0.427    -.0859403    .2030978
         24  |  -.0128328   .0758219    -0.17   0.866    -.1614816    .1358159
         25  |  -.0409941   .0782514    -0.52   0.600    -.1944058    .1124177
         26  |   .0004826   .0707708     0.01   0.995    -.1382634    .1392286
         27  |  -.0195925   .0565084    -0.35   0.729    -.1303771    .0911921
         28  |  -.0202464   .0513999    -0.39   0.694    -.1210158    .0805231
         29  |  -.0056183   .0501892    -0.11   0.911    -.1040143    .0927776
         30  |  -.0121422   .0486188    -0.25   0.803    -.1074593    .0831749
         31  |  -.0332528   .0484074    -0.69   0.492    -.1281554    .0616498
         32  |  -.0123799   .0492262    -0.25   0.801    -.1088877     .084128
         33  |  -.0071769   .0485052    -0.15   0.882    -.1022713    .0879175
         34  |  -.0261339   .0498179    -0.52   0.600    -.1238018    .0715341
         35  |  -.0172551   .0505302    -0.34   0.733    -.1163195    .0818093
         36  |   .0177089   .0521422     0.34   0.734    -.0845158    .1199337
         37  |    .012426   .0533389     0.23   0.816    -.0921448    .1169969
         38  |   .0176082   .0549884     0.32   0.749    -.0901964    .1254129
         39  |   .0241954   .0571323     0.42   0.672    -.0878124    .1362032
         40  |   .0396183   .0592266     0.67   0.504    -.0764954    .1557319
         41  |   .0714035    .061241     1.17   0.244    -.0486594    .1914663
         42  |   .0949991    .063493     1.50   0.135    -.0294788     .219477
         43  |    .098136   .0658159     1.49   0.136    -.0308961    .2271681
         44  |   .1397799   .0681934     2.05   0.040     .0060869    .2734729
         45  |   .1612449   .0704215     2.29   0.022     .0231836    .2993062
         46  |   .1727961   .0726631     2.38   0.017     .0303402     .315252
         47  |   .1820114   .0749575     2.43   0.015     .0350573    .3289655
         48  |   .1620469   .0764421     2.12   0.034     .0121822    .3119116
         49  |   .0005613   .0778712     0.01   0.994     -.152105    .1532277
         50  |  -.0356313   .0802656    -0.44   0.657    -.1929919    .1217293
             |
     age_cat |
          1  |   .0480168    .011229     4.28   0.000     .0260023    .0700313
          2  |   .0635576     .01288     4.93   0.000     .0383064    .0888088
          3  |   .0788234   .0146997     5.36   0.000     .0500046    .1076422
          4  |   .1046409   .0170876     6.12   0.000     .0711407    .1381411
          5  |   .1114693   .0194036     5.74   0.000     .0734285      .14951
          6  |   .1250869   .0218977     5.71   0.000     .0821565    .1680174
          7  |   .1287198   .0244906     5.26   0.000      .080706    .1767336
          8  |   .1382215   .0271266     5.10   0.000     .0850399     .191403
          9  |    .144765   .0299114     4.84   0.000     .0861237    .2034062
         10  |   .1503032   .0326303     4.61   0.000     .0863316    .2142747
         11  |   .1629378   .0353319     4.61   0.000     .0936696     .232206
         12  |   .1727264   .0379856     4.55   0.000     .0982557    .2471971
         13  |    .174079   .0409432     4.25   0.000     .0938099    .2543482
         14  |   .1765844   .0435983     4.05   0.000     .0911099    .2620589
         15  |   .1745122   .0462459     3.77   0.000     .0838472    .2651772
         16  |   .1923139   .0491896     3.91   0.000     .0958777    .2887502
         17  |   .1905152   .0520525     3.66   0.000     .0884663     .292564
         18  |   .1945516   .0550615     3.53   0.000     .0866036    .3024996
         19  |   .1942723   .0586398     3.31   0.001      .079309    .3092355
         20  |   .1993388   .0624591     3.19   0.001     .0768878    .3217898
         25  |   .1951848   .0707305     2.76   0.006     .0565177     .333852
         30  |   .3755858   .1331403     2.82   0.005     .1145643    .6366072
         40  |   .3110187   .1499519     2.07   0.038     .0170382    .6049992
         50  |   .3083177   .1655753     1.86   0.063    -.0162926     .632928
             |
       _cons |  -.0103323   .0388568    -0.27   0.790     -.086511    .0658464
-------------+----------------------------------------------------------------
     sigma_u |  .26135233
     sigma_e |  .27371468
         rho |  .47690801   (fraction of variance due to u_i)
------------------------------------------------------------------------------

. tempname output coefs stats variables b se

. matrix `coefs' = r(table)

. local observations `e(N)'

. local R2 `e(r2)'

. 
. local `stats' : rownames(`coefs')

. local `variables' : colnames(`coefs')

. 
. 
. file open `output' using "`tablefile'/columns/`specname'.yaml", write text replace

. 
. file write `output' "id: " "`specname'" _newline

. file write `output' "label: " "`speclabel'" _newline

. 
. file write `output' "coefficients:" _newline

. foreach X in ``variables'' {
  2.         scalar `b' = `coefs'[rownumb(`coefs',"b"),colnumb(`coefs',"`X'")]
  3.         scalar `se' = `coefs'[rownumb(`coefs',"se"),colnumb(`coefs',"`X'")]
  4.         file write `output' (" - id: `X'") _newline
  5.         file write `output' ("   estimate: " + string(`b', "`fmt'")) _newline
  6.         file write `output' ("   standard_error: " + string(`se', "`fmt'")) _newline
  7.         file write `output' ("   t_statistic: " + string(`b'/`se', "`fmt'")) _newline
  8.         file write `output' ("   p_value: " + string(`coefs'[rownumb(`coefs',"pvalue"),colnumb(`coefs',"`X'")]), "`fmt'") _
> newline
  9. }

. file write `output' "extra_rows:" _newline

. foreach X in R2 observations `_others'{
  2.         if ("``X''"!="") {
  3.                 file write `output' (" - id: `X'") _newline
  4.                 file write `output' ("   value: ``X''") _newline
  5.         }
  6. }

. 
. file close `output'

. 
end of do-file

. 
. xtreg exporter during after during_expat after_expat $controls if $sample_acquisitions & H_exporter==1 & lag_expat==1 [aw=inve
> rse_weight], i(firm_person ) fe vce(cluster id)
note: foreign omitted because of collinearity

Fixed-effects (within) regression               Number of obs      =     11218
Group variable: firm_person                     Number of groups   =      1210

R-sq:  within  = 0.0276                         Obs per group: min =         1
       between = 0.0192                                        avg =       9.3
       overall = 0.0195                                        max =        25

                                                F(77,437)          =      1.29
corr(u_i, Xb)  = -0.1063                        Prob > F           =    0.0614

                                   (Std. Err. adjusted for 438 clusters in id)
------------------------------------------------------------------------------
             |               Robust
    exporter |      Coef.   Std. Err.      t    P>|t|     [95% Conf. Interval]
-------------+----------------------------------------------------------------
      during |  -.0170378   .0192303    -0.89   0.376    -.0548332    .0207576
       after |  -.0386871   .0300183    -1.29   0.198    -.0976852    .0203111
during_expat |   .0231511   .0264526     0.88   0.382    -.0288391    .0751413
 after_expat |   .0527443   .0338391     1.56   0.120    -.0137633    .1192519
     foreign |          0  (omitted)
             |
    ind_year |
          2  |  -.0710361   .0619479    -1.15   0.252     -.192789    .0507169
          3  |   -.150727   .0605879    -2.49   0.013    -.2698068   -.0316471
          4  |  -.0926075    .062322    -1.49   0.138    -.2150956    .0298805
          5  |  -.1712231   .0761001    -2.25   0.025    -.3207907   -.0216554
          6  |  -.2241704   .0739519    -3.03   0.003     -.369516   -.0788248
          7  |  -.2044658   .0792717    -2.58   0.010     -.360267   -.0486646
          8  |  -.1877173   .0835016    -2.25   0.025    -.3518319   -.0236027
          9  |  -.2253496   .0884402    -2.55   0.011    -.3991705   -.0515287
         10  |  -.2129191   .0974404    -2.19   0.029    -.4044293    -.021409
         11  |  -.2046829   .0997319    -2.05   0.041    -.4006967   -.0086692
         12  |  -.1940133   .1032301    -1.88   0.061    -.3969026    .0088759
         13  |  -.2298068   .1095931    -2.10   0.037    -.4452019   -.0144117
         14  |  -.1804982   .1123467    -1.61   0.109    -.4013053    .0403089
         15  |  -.1518918   .1133792    -1.34   0.181    -.3747281    .0709444
         16  |  -.1140345   .1179383    -0.97   0.334    -.3458314    .1177624
         17  |  -.1011369   .1252791    -0.81   0.420    -.3473613    .1450876
         18  |  -.1377617   .1328718    -1.04   0.300    -.3989089    .1233855
         19  |  -.1275975   .1355144    -0.94   0.347    -.3939384    .1387435
         20  |  -.1220654   .1390916    -0.88   0.381    -.3954371    .1513063
         21  |   -.113971   .1430682    -0.80   0.426    -.3951582    .1672162
         22  |  -.0915985   .1492754    -0.61   0.540    -.3849854    .2017883
         23  |  -.0859631   .1465939    -0.59   0.558    -.3740799    .2021537
         24  |  -.1509227   .1522551    -0.99   0.322     -.450166    .1483206
         25  |  -.1569167   .1626595    -0.96   0.335    -.4766089    .1627754
         26  |  -.0088359   .0918296    -0.10   0.923    -.1893185    .1716467
         27  |  -.0530115   .0832143    -0.64   0.524    -.2165616    .1105385
         28  |  -.0052787   .0814238    -0.06   0.948    -.1653096    .1547522
         29  |  -.0520378   .0884679    -0.59   0.557    -.2259133    .1218377
         30  |  -.0676579   .0919911    -0.74   0.462    -.2484578    .1131421
         31  |  -.0374398   .0923802    -0.41   0.685    -.2190044    .1441248
         32  |  -.0559087   .0935978    -0.60   0.551    -.2398666    .1280491
         33  |  -.0629889   .0936352    -0.67   0.501    -.2470202    .1210425
         34  |   -.082912   .0976471    -0.85   0.396    -.2748282    .1090043
         35  |  -.0677289   .0990903    -0.68   0.495    -.2624817    .1270239
         36  |  -.0965158   .0997357    -0.97   0.334    -.2925372    .0995056
         37  |  -.0868485   .1019718    -0.85   0.395    -.2872646    .1135677
         38  |  -.0985624   .1026466    -0.96   0.337    -.3003049    .1031801
         39  |  -.0594124   .1062553    -0.56   0.576    -.2682475    .1494226
         40  |  -.0723946   .1073703    -0.67   0.501     -.283421    .1386318
         41  |  -.0436596   .1132393    -0.39   0.700    -.2662209    .1789018
         42  |  -.0361207   .1143092    -0.32   0.752    -.2607847    .1885434
         43  |  -.0341656   .1174755    -0.29   0.771    -.2650528    .1967215
         44  |  -.0682058   .1242066    -0.55   0.583    -.3123223    .1759108
         45  |  -.0616544   .1242344    -0.50   0.620    -.3058255    .1825167
         46  |   -.039778   .1276064    -0.31   0.755    -.2905766    .2110206
         47  |   .0061723    .134823     0.05   0.964    -.2588097    .2711543
         48  |   .0065033   .1366151     0.05   0.962     -.262001    .2750076
         49  |  -.1110369   .1434364    -0.77   0.439    -.3929478     .170874
         50  |  -.1036856   .1490296    -0.70   0.487    -.3965895    .1892184
             |
     age_cat |
          1  |   .0504518   .0508875     0.99   0.322    -.0495628    .1504664
          2  |  -.0024279   .0647888    -0.04   0.970    -.1297642    .1249085
          3  |   .0614797   .0600183     1.02   0.306    -.0564807    .1794402
          4  |   .0851211   .0620526     1.37   0.171    -.0368375    .2070796
          5  |   .0635531   .0635683     1.00   0.318    -.0613846    .1884908
          6  |   .0544532   .0697975     0.78   0.436    -.0827273    .1916337
          7  |   .0615207   .0708901     0.87   0.386    -.0778073    .2008486
          8  |     .08415   .0744486     1.13   0.259    -.0621718    .2304719
          9  |   .0620107   .0782183     0.79   0.428    -.0917201    .2157415
         10  |   .0747774   .0798181     0.94   0.349    -.0820977    .2316524
         11  |   .0817545    .082416     0.99   0.322    -.0802264    .2437354
         12  |   .0822586   .0879572     0.94   0.350    -.0906132    .2551303
         13  |   .0906681   .0907614     1.00   0.318     -.087715    .2690512
         14  |   .0556893   .0917722     0.61   0.544    -.1246804     .236059
         15  |   .0603931   .0955777     0.63   0.528     -.127456    .2482422
         16  |   .0454166   .1013069     0.45   0.654    -.1536927     .244526
         17  |    .027843   .1053015     0.26   0.792    -.1791173    .2348033
         18  |   .0255415     .10995     0.23   0.816    -.1905551     .241638
         19  |   .0266842    .116226     0.23   0.819    -.2017473    .2551157
         20  |  -.0030003   .1200896    -0.02   0.980    -.2390254    .2330247
         25  |   .0294993   .1206505     0.24   0.807     -.207628    .2666266
         30  |   .1863915   .1657399     1.12   0.261    -.1393549    .5121378
         40  |   .2841189   .1877646     1.51   0.131    -.0849151    .6531528
         50  |   .2731654    .201867     1.35   0.177    -.1235856    .6699163
             |
       _cons |   .8554117   .0851168    10.05   0.000     .6881225    1.022701
-------------+----------------------------------------------------------------
     sigma_u |  .32280871
     sigma_e |  .25403224
         rho |  .61755834   (fraction of variance due to u_i)
------------------------------------------------------------------------------

. local r2_w = `e(r2_w)'

. do regram output/regression/exporter_heterogeneity 4 Global R2_within "`r2_w'" 

. args tablefile specname speclabel

. 
. local fmt "%10.5f"

. 
. * create directory if needed
. * FIXME: this only works with relative paths
. local list_of_dirs = subinstr("`tablefile'/columns","/"," ",.)

. local sofar "."

. foreach word in `list_of_dirs' {
  2.         local sofar "`sofar'/`word'"
  3.         capture mkdir "`sofar'"
  4. }

. 
. macro shift

. macro shift

. macro shift

. 
. local _others ""

. local _state "key"

. while "`1'"!="" {
  2.         if ("`_state'"=="key") {
  3.                 di "key: `1'"
  4.                 local _key `1'
  5.                 local _state "value"
  6.                 local _others "`_others' `1'"
  7.         }
  8.         else {
  9.                 di "value: `1'"
 10.                 local `_key' "`1'"
 11.                 local _state "key"
 12.         }
 13.         macro shift
 14. }
key: R2_within
value: .027624358546824

. 
. estimates

--------------------------------------------------------------------------------------------------------------------------------
active results
--------------------------------------------------------------------------------------------------------------------------------

Fixed-effects (within) regression               Number of obs     =     11,218
Group variable: firm_person                     Number of groups  =      1,210

R-sq:                                           Obs per group:
     within  = 0.0276                                         min =          1
     between = 0.0192                                         avg =        9.3
     overall = 0.0195                                         max =         25

                                                F(77,437)         =       1.29
corr(u_i, Xb)  = -0.1063                        Prob > F          =     0.0614

                                   (Std. Err. adjusted for 438 clusters in id)
------------------------------------------------------------------------------
             |               Robust
    exporter |      Coef.   Std. Err.      t    P>|t|     [95% Conf. Interval]
-------------+----------------------------------------------------------------
      during |  -.0170378   .0192303    -0.89   0.376    -.0548332    .0207576
       after |  -.0386871   .0300183    -1.29   0.198    -.0976852    .0203111
during_expat |   .0231511   .0264526     0.88   0.382    -.0288391    .0751413
 after_expat |   .0527443   .0338391     1.56   0.120    -.0137633    .1192519
     foreign |          0  (omitted)
             |
    ind_year |
          2  |  -.0710361   .0619479    -1.15   0.252     -.192789    .0507169
          3  |   -.150727   .0605879    -2.49   0.013    -.2698068   -.0316471
          4  |  -.0926075    .062322    -1.49   0.138    -.2150956    .0298805
          5  |  -.1712231   .0761001    -2.25   0.025    -.3207907   -.0216554
          6  |  -.2241704   .0739519    -3.03   0.003     -.369516   -.0788248
          7  |  -.2044658   .0792717    -2.58   0.010     -.360267   -.0486646
          8  |  -.1877173   .0835016    -2.25   0.025    -.3518319   -.0236027
          9  |  -.2253496   .0884402    -2.55   0.011    -.3991705   -.0515287
         10  |  -.2129191   .0974404    -2.19   0.029    -.4044293    -.021409
         11  |  -.2046829   .0997319    -2.05   0.041    -.4006967   -.0086692
         12  |  -.1940133   .1032301    -1.88   0.061    -.3969026    .0088759
         13  |  -.2298068   .1095931    -2.10   0.037    -.4452019   -.0144117
         14  |  -.1804982   .1123467    -1.61   0.109    -.4013053    .0403089
         15  |  -.1518918   .1133792    -1.34   0.181    -.3747281    .0709444
         16  |  -.1140345   .1179383    -0.97   0.334    -.3458314    .1177624
         17  |  -.1011369   .1252791    -0.81   0.420    -.3473613    .1450876
         18  |  -.1377617   .1328718    -1.04   0.300    -.3989089    .1233855
         19  |  -.1275975   .1355144    -0.94   0.347    -.3939384    .1387435
         20  |  -.1220654   .1390916    -0.88   0.381    -.3954371    .1513063
         21  |   -.113971   .1430682    -0.80   0.426    -.3951582    .1672162
         22  |  -.0915985   .1492754    -0.61   0.540    -.3849854    .2017883
         23  |  -.0859631   .1465939    -0.59   0.558    -.3740799    .2021537
         24  |  -.1509227   .1522551    -0.99   0.322     -.450166    .1483206
         25  |  -.1569167   .1626595    -0.96   0.335    -.4766089    .1627754
         26  |  -.0088359   .0918296    -0.10   0.923    -.1893185    .1716467
         27  |  -.0530115   .0832143    -0.64   0.524    -.2165616    .1105385
         28  |  -.0052787   .0814238    -0.06   0.948    -.1653096    .1547522
         29  |  -.0520378   .0884679    -0.59   0.557    -.2259133    .1218377
         30  |  -.0676579   .0919911    -0.74   0.462    -.2484578    .1131421
         31  |  -.0374398   .0923802    -0.41   0.685    -.2190044    .1441248
         32  |  -.0559087   .0935978    -0.60   0.551    -.2398666    .1280491
         33  |  -.0629889   .0936352    -0.67   0.501    -.2470202    .1210425
         34  |   -.082912   .0976471    -0.85   0.396    -.2748282    .1090043
         35  |  -.0677289   .0990903    -0.68   0.495    -.2624817    .1270239
         36  |  -.0965158   .0997357    -0.97   0.334    -.2925372    .0995056
         37  |  -.0868485   .1019718    -0.85   0.395    -.2872646    .1135677
         38  |  -.0985624   .1026466    -0.96   0.337    -.3003049    .1031801
         39  |  -.0594124   .1062553    -0.56   0.576    -.2682475    .1494226
         40  |  -.0723946   .1073703    -0.67   0.501     -.283421    .1386318
         41  |  -.0436596   .1132393    -0.39   0.700    -.2662209    .1789018
         42  |  -.0361207   .1143092    -0.32   0.752    -.2607847    .1885434
         43  |  -.0341656   .1174755    -0.29   0.771    -.2650528    .1967215
         44  |  -.0682058   .1242066    -0.55   0.583    -.3123223    .1759108
         45  |  -.0616544   .1242344    -0.50   0.620    -.3058255    .1825167
         46  |   -.039778   .1276064    -0.31   0.755    -.2905766    .2110206
         47  |   .0061723    .134823     0.05   0.964    -.2588097    .2711543
         48  |   .0065033   .1366151     0.05   0.962     -.262001    .2750076
         49  |  -.1110369   .1434364    -0.77   0.439    -.3929478     .170874
         50  |  -.1036856   .1490296    -0.70   0.487    -.3965895    .1892184
             |
     age_cat |
          1  |   .0504518   .0508875     0.99   0.322    -.0495628    .1504664
          2  |  -.0024279   .0647888    -0.04   0.970    -.1297642    .1249085
          3  |   .0614797   .0600183     1.02   0.306    -.0564807    .1794402
          4  |   .0851211   .0620526     1.37   0.171    -.0368375    .2070796
          5  |   .0635531   .0635683     1.00   0.318    -.0613846    .1884908
          6  |   .0544532   .0697975     0.78   0.436    -.0827273    .1916337
          7  |   .0615207   .0708901     0.87   0.386    -.0778073    .2008486
          8  |     .08415   .0744486     1.13   0.259    -.0621718    .2304719
          9  |   .0620107   .0782183     0.79   0.428    -.0917201    .2157415
         10  |   .0747774   .0798181     0.94   0.349    -.0820977    .2316524
         11  |   .0817545    .082416     0.99   0.322    -.0802264    .2437354
         12  |   .0822586   .0879572     0.94   0.350    -.0906132    .2551303
         13  |   .0906681   .0907614     1.00   0.318     -.087715    .2690512
         14  |   .0556893   .0917722     0.61   0.544    -.1246804     .236059
         15  |   .0603931   .0955777     0.63   0.528     -.127456    .2482422
         16  |   .0454166   .1013069     0.45   0.654    -.1536927     .244526
         17  |    .027843   .1053015     0.26   0.792    -.1791173    .2348033
         18  |   .0255415     .10995     0.23   0.816    -.1905551     .241638
         19  |   .0266842    .116226     0.23   0.819    -.2017473    .2551157
         20  |  -.0030003   .1200896    -0.02   0.980    -.2390254    .2330247
         25  |   .0294993   .1206505     0.24   0.807     -.207628    .2666266
         30  |   .1863915   .1657399     1.12   0.261    -.1393549    .5121378
         40  |   .2841189   .1877646     1.51   0.131    -.0849151    .6531528
         50  |   .2731654    .201867     1.35   0.177    -.1235856    .6699163
             |
       _cons |   .8554117   .0851168    10.05   0.000     .6881225    1.022701
-------------+----------------------------------------------------------------
     sigma_u |  .32280871
     sigma_e |  .25403224
         rho |  .61755834   (fraction of variance due to u_i)
------------------------------------------------------------------------------

. tempname output coefs stats variables b se

. matrix `coefs' = r(table)

. local observations `e(N)'

. local R2 `e(r2)'

. 
. local `stats' : rownames(`coefs')

. local `variables' : colnames(`coefs')

. 
. 
. file open `output' using "`tablefile'/columns/`specname'.yaml", write text replace

. 
. file write `output' "id: " "`specname'" _newline

. file write `output' "label: " "`speclabel'" _newline

. 
. file write `output' "coefficients:" _newline

. foreach X in ``variables'' {
  2.         scalar `b' = `coefs'[rownumb(`coefs',"b"),colnumb(`coefs',"`X'")]
  3.         scalar `se' = `coefs'[rownumb(`coefs',"se"),colnumb(`coefs',"`X'")]
  4.         file write `output' (" - id: `X'") _newline
  5.         file write `output' ("   estimate: " + string(`b', "`fmt'")) _newline
  6.         file write `output' ("   standard_error: " + string(`se', "`fmt'")) _newline
  7.         file write `output' ("   t_statistic: " + string(`b'/`se', "`fmt'")) _newline
  8.         file write `output' ("   p_value: " + string(`coefs'[rownumb(`coefs',"pvalue"),colnumb(`coefs',"`X'")]), "`fmt'") _
> newline
  9. }

. file write `output' "extra_rows:" _newline

. foreach X in R2 observations `_others'{
  2.         if ("``X''"!="") {
  3.                 file write `output' (" - id: `X'") _newline
  4.                 file write `output' ("   value: ``X''") _newline
  5.         }
  6. }

. 
. file close `output'

. 
end of do-file

. 
end of do-file

. 
. log close
      name:  <unnamed>
       log:  /Users/koren/Google Drive/Research/expat/research_design/talk/output/estimate_heterogeneity.log
  log type:  text
 closed on:   7 Jan 2019, 18:15:53
--------------------------------------------------------------------------------------------------------------------------------
