----------------------------------------------------------------------------------
      name:  <unnamed>
       log:  /Users/koren/Google Drive/Research/expat/research_design/talk/output/
> estimate_heterogeneity.log
  log type:  text
 opened on:  12 Jan 2019, 12:45:22

. 
. 
. use temp/analysis_sample

. 
. *Dinamika
. scalar Tbefore = 4

. scalar Tduring = 6

. scalar Tafter = 4

. 
. gen byte analysis_window = (tenure>=-Tbefore-1)&(year-first_exit_year<=Tafter)

. 
. global sample_baseline (analysis_window==1)

. global sample_manufacturing $sample_baseline & (manufacturing==1)

. global sample_acquisitions $sample_baseline & (greenfield==0)

. global sample_1990s $sample_acquisitions & (enter_year>=1994 & enter_year<=1999)

. global sample_2000s $sample_acquisitions & (enter_year>=2000)

. global sample_ever_foreign $sample_acquisitions & (ever_foreign==1)

. 
. global samples baseline acquisitions

. 
. global outcomes lnL lnKL lnQL exporter

. global controls foreign i.ind_year i.age_cat

. 
. label var lnL "Employment (log)"

. label var lnKL "Capital per worker (log)"

. label var lnQL "Revenue per worker (log)"

. label var exporter "Firm is an exporter (dummy)"

. 
. egen person_tag = tag(frame_id manager_id)

. egen N = sum(person_tag), by(frame_id)

. gen inverse_weight = 1/N

. 
. * verify founders are not in analysis sample
. foreach X of var during* after* {
  2.         replace `X'=0 if founder==1
  3. }
(0 real changes made)
(156,736 real changes made)
(65,411 real changes made)
(81,861 real changes made)
(90,563 real changes made)
(55,334 real changes made)
(105,536 real changes made)
(120,373 real changes made)
(113,200 real changes made)
(17,142 real changes made)
(8,638 real changes made)
(11,993 real changes made)
(11,964 real changes made)
(13,320 real changes made)
(10,192 real changes made)
(11,047 real changes made)
(14,421 real changes made)
(0 real changes made)
(0 real changes made)
(0 real changes made)
(0 real changes made)
(0 real changes made)
(0 real changes made)
(0 real changes made)
(0 real changes made)
(0 real changes made)
(0 real changes made)
(0 real changes made)
(0 real changes made)
(0 real changes made)
(0 real changes made)
(0 real changes made)
(0 real changes made)
(0 real changes made)
(0 real changes made)
(0 real changes made)
(0 real changes made)
(0 real changes made)
(0 real changes made)
(0 real changes made)
(0 real changes made)
(0 real changes made)
(0 real changes made)
(0 real changes made)
(0 real changes made)
(0 real changes made)
(0 real changes made)
(0 real changes made)
(0 real changes made)
(0 real changes made)
(113,142 real changes made)
(60,285 real changes made)
(57,025 real changes made)
(57,563 real changes made)
(52,066 real changes made)
(74,086 real changes made)
(95,636 real changes made)
(49,280 real changes made)
(20,382 real changes made)
(11,540 real changes made)
(15,163 real changes made)
(13,699 real changes made)
(15,828 real changes made)
(12,017 real changes made)
(15,255 real changes made)
(9,788 real changes made)
(0 real changes made)
(0 real changes made)
(0 real changes made)
(0 real changes made)
(0 real changes made)
(0 real changes made)
(0 real changes made)
(0 real changes made)
(0 real changes made)
(0 real changes made)
(0 real changes made)
(0 real changes made)
(0 real changes made)
(0 real changes made)
(0 real changes made)
(0 real changes made)
(0 real changes made)
(0 real changes made)
(0 real changes made)
(0 real changes made)
(0 real changes made)
(0 real changes made)
(0 real changes made)
(0 real changes made)
(0 real changes made)
(0 real changes made)
(0 real changes made)
(0 real changes made)
(0 real changes made)
(0 real changes made)
(0 real changes made)
(0 real changes made)

. 
. xtset firm_person year
       panel variable:  firm_person (unbalanced)
        time variable:  year, 1992 to 2016, but with gaps
                delta:  1 unit

. 
. do est_`1'

. xtreg exporter during after during_expat after_expat $controls if $sample_acquis
> itions & H_exporter==0 [aw=inverse_weight], i(firm_person ) fe vce(cluster id)

Fixed-effects (within) regression               Number of obs      =    250474
Group variable: firm_person                     Number of groups   =     28686

R-sq:  within  = 0.0427                         Obs per group: min =         1
       between = 0.0764                                        avg =       8.7
       overall = 0.0579                                        max =        25

                                                F(78,11270)        =     16.92
corr(u_i, Xb)  = 0.0398                         Prob > F           =    0.0000

                                (Std. Err. adjusted for 11,271 clusters in id)
------------------------------------------------------------------------------
             |               Robust
    exporter |      Coef.   Std. Err.      t    P>|t|     [95% Conf. Interval]
-------------+----------------------------------------------------------------
      during |   .0286782   .0036061     7.95   0.000     .0216096    .0357468
       after |   .0299673   .0061538     4.87   0.000     .0179049    .0420298
during_expat |   .1092194   .0285518     3.83   0.000     .0532529    .1651859
 after_expat |   .1149481   .0414529     2.77   0.006     .0336932    .1962031
     foreign |   .0330815   .0168161     1.97   0.049     .0001189     .066044
             |
    ind_year |
          2  |  -.0227157   .0088311    -2.57   0.010    -.0400263   -.0054052
          3  |  -.0398758   .0106342    -3.75   0.000    -.0607207    -.019031
          4  |  -.0395792   .0123163    -3.21   0.001    -.0637214    -.015437
          5  |  -.0360234   .0141595    -2.54   0.011    -.0637784   -.0082684
          6  |  -.0456866   .0159541    -2.86   0.004    -.0769595   -.0144138
          7  |   -.042229   .0180012    -2.35   0.019    -.0775144   -.0069436
          8  |   -.051791   .0199902    -2.59   0.010    -.0909754   -.0126067
          9  |  -.0427533   .0223953    -1.91   0.056     -.086652    .0011454
         10  |  -.0486022   .0245908    -1.98   0.048    -.0968044      -.0004
         11  |  -.0477921   .0269388    -1.77   0.076    -.1005968    .0050126
         12  |  -.0534489   .0289846    -1.84   0.065    -.1102637     .003366
         13  |  -.0440343   .0313104    -1.41   0.160    -.1054082    .0173396
         14  |  -.0306096   .0337563    -0.91   0.365    -.0967779    .0355587
         15  |  -.0183441   .0361458    -0.51   0.612    -.0891962    .0525081
         16  |   .0051761   .0385781     0.13   0.893    -.0704436    .0807959
         17  |   .0184139   .0409636     0.45   0.653    -.0618819    .0987097
         18  |   .0250927   .0434987     0.58   0.564    -.0601723    .1103576
         19  |   .0326959   .0460246     0.71   0.477    -.0575203    .1229121
         20  |    .042169   .0483141     0.87   0.383    -.0525352    .1368731
         21  |   .0490159   .0505369     0.97   0.332    -.0500452    .1480771
         22  |   .0539956   .0526562     1.03   0.305    -.0492198    .1572109
         23  |   .0592157   .0548024     1.08   0.280    -.0482065    .1666378
         24  |  -.0241353   .0569192    -0.42   0.672    -.1357069    .0874362
         25  |  -.0454744   .0592462    -0.77   0.443    -.1616074    .0706586
         26  |  -.0237703   .0242298    -0.98   0.327     -.071265    .0237243
         27  |  -.0574262   .0217828    -2.64   0.008    -.1001243   -.0147281
         28  |  -.0357712   .0214402    -1.67   0.095    -.0777977    .0062553
         29  |  -.0262253   .0216225    -1.21   0.225    -.0686092    .0161586
         30  |  -.0251956   .0220547    -1.14   0.253    -.0684267    .0180355
         31  |    -.03715   .0224814    -1.65   0.098    -.0812176    .0069175
         32  |   -.016131   .0238272    -0.68   0.498    -.0628365    .0305745
         33  |  -.0166133   .0252483    -0.66   0.511    -.0661044    .0328778
         34  |  -.0157109   .0267324    -0.59   0.557    -.0681112    .0366893
         35  |  -.0042346   .0286024    -0.15   0.882    -.0603002     .051831
         36  |   .0071607   .0306343     0.23   0.815    -.0528879    .0672094
         37  |   -.005479   .0324608    -0.17   0.866    -.0691079    .0581499
         38  |  -.0020959   .0341884    -0.06   0.951    -.0691112    .0649193
         39  |   .0228721   .0366883     0.62   0.533    -.0490433    .0947875
         40  |   .0213757   .0387531     0.55   0.581    -.0545872    .0973386
         41  |   .0623629   .0410818     1.52   0.129    -.0181646    .1428904
         42  |   .0783799   .0433326     1.81   0.071    -.0065596    .1633194
         43  |   .0875192   .0458083     1.91   0.056    -.0022732    .1773115
         44  |   .1284487   .0485191     2.65   0.008     .0333429    .2235546
         45  |   .1477609   .0508456     2.91   0.004     .0480947    .2474271
         46  |   .1483334   .0531079     2.79   0.005     .0442328    .2524341
         47  |   .1761258   .0552462     3.19   0.001     .0678335    .2844181
         48  |   .1788861   .0567926     3.15   0.002     .0675628    .2902095
         49  |  -.0210905   .0581212    -0.36   0.717    -.1350183    .0928372
         50  |  -.0601361   .0604579    -0.99   0.320    -.1786442     .058372
             |
     age_cat |
          1  |   .0236831   .0059359     3.99   0.000     .0120478    .0353185
          2  |   .0332964   .0075718     4.40   0.000     .0184543    .0481385
          3  |   .0375923     .00944     3.98   0.000     .0190883    .0560964
          4  |    .052185   .0115917     4.50   0.000     .0294632    .0749067
          5  |   .0572421   .0138138     4.14   0.000     .0301647    .0843196
          6  |   .0642686   .0161246     3.99   0.000     .0326615    .0958757
          7  |   .0608672   .0184737     3.29   0.001     .0246556    .0970789
          8  |   .0746724    .020941     3.57   0.000     .0336244    .1157205
          9  |   .0712155   .0233974     3.04   0.002     .0253525    .1170786
         10  |   .0739303   .0257624     2.87   0.004     .0234315     .124429
         11  |   .0824297   .0282002     2.92   0.003     .0271524    .1377071
         12  |   .0829006   .0305273     2.72   0.007     .0230617    .1427394
         13  |   .0868366   .0330925     2.62   0.009     .0219696    .1517036
         14  |   .0917642   .0356131     2.58   0.010     .0219564     .161572
         15  |   .0931177   .0380003     2.45   0.014     .0186305    .1676049
         16  |   .1018968   .0406319     2.51   0.012     .0222513    .1815424
         17  |   .0953947   .0431028     2.21   0.027     .0109057    .1798837
         18  |   .1056973   .0457238     2.31   0.021     .0160706    .1953239
         19  |   .1014539   .0486173     2.09   0.037     .0061555    .1967523
         20  |   .0975458   .0528543     1.85   0.065    -.0060578    .2011494
         25  |   .0900083   .0608351     1.48   0.139    -.0292391    .2092556
         30  |   .1610068   .0898709     1.79   0.073    -.0151558    .3371695
         40  |   .1061902   .1074799     0.99   0.323    -.1044892    .3168696
         50  |    .071765   .1105204     0.65   0.516    -.1448742    .2884042
             |
       _cons |    .047332   .0141608     3.34   0.001     .0195743    .0750896
-------------+----------------------------------------------------------------
     sigma_u |   .2165809
     sigma_e |  .26359134
         rho |  .40302621   (fraction of variance due to u_i)
------------------------------------------------------------------------------

. local r2_w = `e(r2_w)'

. do regram output/regression/exporter_heterogeneity 1 Start R2_within "`r2_w'" 

. args tablefile specname speclabel

. 
. local fmt "%10.5f"

. 
. * create directory if needed
. * FIXME: this only works with relative paths
. local list_of_dirs = subinstr("`tablefile'/columns","/"," ",.)

. local sofar "."

. foreach word in `list_of_dirs' {
  2.         local sofar "`sofar'/`word'"
  3.         capture mkdir "`sofar'"
  4. }

. 
. macro shift

. macro shift

. macro shift

. 
. local _others ""

. local _state "key"

. while "`1'"!="" {
  2.         if ("`_state'"=="key") {
  3.                 di "key: `1'"
  4.                 local _key `1'
  5.                 local _state "value"
  6.                 local _others "`_others' `1'"
  7.         }
  8.         else {
  9.                 di "value: `1'"
 10.                 local `_key' "`1'"
 11.                 local _state "key"
 12.         }
 13.         macro shift
 14. }
key: R2_within
value: .0427234677683935

. 
. estimates

----------------------------------------------------------------------------------
active results
----------------------------------------------------------------------------------

Fixed-effects (within) regression               Number of obs     =    250,474
Group variable: firm_person                     Number of groups  =     28,686

R-sq:                                           Obs per group:
     within  = 0.0427                                         min =          1
     between = 0.0764                                         avg =        8.7
     overall = 0.0579                                         max =         25

                                                F(78,11270)       =      16.92
corr(u_i, Xb)  = 0.0398                         Prob > F          =     0.0000

                                (Std. Err. adjusted for 11,271 clusters in id)
------------------------------------------------------------------------------
             |               Robust
    exporter |      Coef.   Std. Err.      t    P>|t|     [95% Conf. Interval]
-------------+----------------------------------------------------------------
      during |   .0286782   .0036061     7.95   0.000     .0216096    .0357468
       after |   .0299673   .0061538     4.87   0.000     .0179049    .0420298
during_expat |   .1092194   .0285518     3.83   0.000     .0532529    .1651859
 after_expat |   .1149481   .0414529     2.77   0.006     .0336932    .1962031
     foreign |   .0330815   .0168161     1.97   0.049     .0001189     .066044
             |
    ind_year |
          2  |  -.0227157   .0088311    -2.57   0.010    -.0400263   -.0054052
          3  |  -.0398758   .0106342    -3.75   0.000    -.0607207    -.019031
          4  |  -.0395792   .0123163    -3.21   0.001    -.0637214    -.015437
          5  |  -.0360234   .0141595    -2.54   0.011    -.0637784   -.0082684
          6  |  -.0456866   .0159541    -2.86   0.004    -.0769595   -.0144138
          7  |   -.042229   .0180012    -2.35   0.019    -.0775144   -.0069436
          8  |   -.051791   .0199902    -2.59   0.010    -.0909754   -.0126067
          9  |  -.0427533   .0223953    -1.91   0.056     -.086652    .0011454
         10  |  -.0486022   .0245908    -1.98   0.048    -.0968044      -.0004
         11  |  -.0477921   .0269388    -1.77   0.076    -.1005968    .0050126
         12  |  -.0534489   .0289846    -1.84   0.065    -.1102637     .003366
         13  |  -.0440343   .0313104    -1.41   0.160    -.1054082    .0173396
         14  |  -.0306096   .0337563    -0.91   0.365    -.0967779    .0355587
         15  |  -.0183441   .0361458    -0.51   0.612    -.0891962    .0525081
         16  |   .0051761   .0385781     0.13   0.893    -.0704436    .0807959
         17  |   .0184139   .0409636     0.45   0.653    -.0618819    .0987097
         18  |   .0250927   .0434987     0.58   0.564    -.0601723    .1103576
         19  |   .0326959   .0460246     0.71   0.477    -.0575203    .1229121
         20  |    .042169   .0483141     0.87   0.383    -.0525352    .1368731
         21  |   .0490159   .0505369     0.97   0.332    -.0500452    .1480771
         22  |   .0539956   .0526562     1.03   0.305    -.0492198    .1572109
         23  |   .0592157   .0548024     1.08   0.280    -.0482065    .1666378
         24  |  -.0241353   .0569192    -0.42   0.672    -.1357069    .0874362
         25  |  -.0454744   .0592462    -0.77   0.443    -.1616074    .0706586
         26  |  -.0237703   .0242298    -0.98   0.327     -.071265    .0237243
         27  |  -.0574262   .0217828    -2.64   0.008    -.1001243   -.0147281
         28  |  -.0357712   .0214402    -1.67   0.095    -.0777977    .0062553
         29  |  -.0262253   .0216225    -1.21   0.225    -.0686092    .0161586
         30  |  -.0251956   .0220547    -1.14   0.253    -.0684267    .0180355
         31  |    -.03715   .0224814    -1.65   0.098    -.0812176    .0069175
         32  |   -.016131   .0238272    -0.68   0.498    -.0628365    .0305745
         33  |  -.0166133   .0252483    -0.66   0.511    -.0661044    .0328778
         34  |  -.0157109   .0267324    -0.59   0.557    -.0681112    .0366893
         35  |  -.0042346   .0286024    -0.15   0.882    -.0603002     .051831
         36  |   .0071607   .0306343     0.23   0.815    -.0528879    .0672094
         37  |   -.005479   .0324608    -0.17   0.866    -.0691079    .0581499
         38  |  -.0020959   .0341884    -0.06   0.951    -.0691112    .0649193
         39  |   .0228721   .0366883     0.62   0.533    -.0490433    .0947875
         40  |   .0213757   .0387531     0.55   0.581    -.0545872    .0973386
         41  |   .0623629   .0410818     1.52   0.129    -.0181646    .1428904
         42  |   .0783799   .0433326     1.81   0.071    -.0065596    .1633194
         43  |   .0875192   .0458083     1.91   0.056    -.0022732    .1773115
         44  |   .1284487   .0485191     2.65   0.008     .0333429    .2235546
         45  |   .1477609   .0508456     2.91   0.004     .0480947    .2474271
         46  |   .1483334   .0531079     2.79   0.005     .0442328    .2524341
         47  |   .1761258   .0552462     3.19   0.001     .0678335    .2844181
         48  |   .1788861   .0567926     3.15   0.002     .0675628    .2902095
         49  |  -.0210905   .0581212    -0.36   0.717    -.1350183    .0928372
         50  |  -.0601361   .0604579    -0.99   0.320    -.1786442     .058372
             |
     age_cat |
          1  |   .0236831   .0059359     3.99   0.000     .0120478    .0353185
          2  |   .0332964   .0075718     4.40   0.000     .0184543    .0481385
          3  |   .0375923     .00944     3.98   0.000     .0190883    .0560964
          4  |    .052185   .0115917     4.50   0.000     .0294632    .0749067
          5  |   .0572421   .0138138     4.14   0.000     .0301647    .0843196
          6  |   .0642686   .0161246     3.99   0.000     .0326615    .0958757
          7  |   .0608672   .0184737     3.29   0.001     .0246556    .0970789
          8  |   .0746724    .020941     3.57   0.000     .0336244    .1157205
          9  |   .0712155   .0233974     3.04   0.002     .0253525    .1170786
         10  |   .0739303   .0257624     2.87   0.004     .0234315     .124429
         11  |   .0824297   .0282002     2.92   0.003     .0271524    .1377071
         12  |   .0829006   .0305273     2.72   0.007     .0230617    .1427394
         13  |   .0868366   .0330925     2.62   0.009     .0219696    .1517036
         14  |   .0917642   .0356131     2.58   0.010     .0219564     .161572
         15  |   .0931177   .0380003     2.45   0.014     .0186305    .1676049
         16  |   .1018968   .0406319     2.51   0.012     .0222513    .1815424
         17  |   .0953947   .0431028     2.21   0.027     .0109057    .1798837
         18  |   .1056973   .0457238     2.31   0.021     .0160706    .1953239
         19  |   .1014539   .0486173     2.09   0.037     .0061555    .1967523
         20  |   .0975458   .0528543     1.85   0.065    -.0060578    .2011494
         25  |   .0900083   .0608351     1.48   0.139    -.0292391    .2092556
         30  |   .1610068   .0898709     1.79   0.073    -.0151558    .3371695
         40  |   .1061902   .1074799     0.99   0.323    -.1044892    .3168696
         50  |    .071765   .1105204     0.65   0.516    -.1448742    .2884042
             |
       _cons |    .047332   .0141608     3.34   0.001     .0195743    .0750896
-------------+----------------------------------------------------------------
     sigma_u |   .2165809
     sigma_e |  .26359134
         rho |  .40302621   (fraction of variance due to u_i)
------------------------------------------------------------------------------

. tempname output coefs stats variables b se

. matrix `coefs' = r(table)

. local observations `e(N)'

. local R2 `e(r2)'

. 
. local `stats' : rownames(`coefs')

. local `variables' : colnames(`coefs')

. 
. 
. file open `output' using "`tablefile'/columns/`specname'.yaml", write text repla
> ce

. 
. file write `output' "id: " "`specname'" _newline

. file write `output' "label: " "`speclabel'" _newline

. 
. file write `output' "coefficients:" _newline

. foreach X in ``variables'' {
  2.         scalar `b' = `coefs'[rownumb(`coefs',"b"),colnumb(`coefs',"`X'")]
  3.         scalar `se' = `coefs'[rownumb(`coefs',"se"),colnumb(`coefs',"`X'")]
  4.         file write `output' (" - id: `X'") _newline
  5.         file write `output' ("   estimate: " + string(`b', "`fmt'")) _newline
  6.         file write `output' ("   standard_error: " + string(`se', "`fmt'")) _
> newline
  7.         file write `output' ("   t_statistic: " + string(`b'/`se', "`fmt'")) 
> _newline
  8.         file write `output' ("   p_value: " + string(`coefs'[rownumb(`coefs',
> "pvalue"),colnumb(`coefs',"`X'")]), "`fmt'") _newline
  9. }

. file write `output' "extra_rows:" _newline

. foreach X in R2 observations `_others'{
  2.         if ("``X''"!="") {
  3.                 file write `output' (" - id: `X'") _newline
  4.                 file write `output' ("   value: ``X''") _newline
  5.         }
  6. }

. 
. file close `output'

. 
end of do-file

. 
. xtreg exporter during after during_expat after_expat $controls if $sample_acquis
> itions & H_exporter==1 [aw=inverse_weight], i(firm_person ) fe vce(cluster id)

Fixed-effects (within) regression               Number of obs      =    204875
Group variable: firm_person                     Number of groups   =     23873

R-sq:  within  = 0.0684                         Obs per group: min =         1
       between = 0.0573                                        avg =       8.6
       overall = 0.0620                                        max =        25

                                                F(78,7341)         =     22.53
corr(u_i, Xb)  = 0.0944                         Prob > F           =    0.0000

                                 (Std. Err. adjusted for 7,342 clusters in id)
------------------------------------------------------------------------------
             |               Robust
    exporter |      Coef.   Std. Err.      t    P>|t|     [95% Conf. Interval]
-------------+----------------------------------------------------------------
      during |  -.0687454   .0051918   -13.24   0.000    -.0789228    -.058568
       after |  -.1036549   .0088594   -11.70   0.000    -.1210219    -.086288
during_expat |    .064875   .0140715     4.61   0.000     .0372908    .0924592
 after_expat |   .0865784   .0193982     4.46   0.000     .0485523    .1246044
     foreign |  -.0133277    .015745    -0.85   0.397    -.0441923     .017537
             |
    ind_year |
          2  |  -.0186961   .0147792    -1.27   0.206    -.0476676    .0102754
          3  |  -.0386879   .0185176    -2.09   0.037    -.0749877    -.002388
          4  |  -.0561378   .0202134    -2.78   0.005    -.0957618   -.0165138
          5  |  -.0394632   .0223421    -1.77   0.077    -.0832602    .0043338
          6  |   -.050697   .0242568    -2.09   0.037    -.0982474   -.0031466
          7  |  -.0498023   .0258427    -1.93   0.054    -.1004615    .0008569
          8  |  -.0548563   .0274048    -2.00   0.045    -.1085777   -.0011349
          9  |  -.0571829   .0289131    -1.98   0.048    -.1138609    -.000505
         10  |  -.0241389   .0303306    -0.80   0.426    -.0835955    .0353178
         11  |  -.0320694   .0318665    -1.01   0.314    -.0945369    .0303982
         12  |  -.0147921   .0334356    -0.44   0.658    -.0803354    .0507512
         13  |  -.0014064   .0350735    -0.04   0.968    -.0701605    .0673477
         14  |   .0047476   .0364716     0.13   0.896    -.0667474    .0762425
         15  |   .0227477   .0376439     0.60   0.546    -.0510452    .0965406
         16  |   .0292031   .0389152     0.75   0.453    -.0470819    .1054882
         17  |   .0661841   .0404129     1.64   0.102    -.0130369    .1454051
         18  |   .0759702   .0419991     1.81   0.071      -.00636    .1583004
         19  |   .0773807    .043259     1.79   0.074    -.0074194    .1621808
         20  |   .0926259   .0445807     2.08   0.038     .0052348    .1800169
         21  |   .0767147   .0457828     1.68   0.094    -.0130328    .1664622
         22  |   .0950443   .0468141     2.03   0.042     .0032753    .1868133
         23  |   .0810289   .0478442     1.69   0.090    -.0127596    .1748174
         24  |  -.0592818   .0489717    -1.21   0.226    -.1552802    .0367167
         25  |  -.1174901    .050521    -2.33   0.020    -.2165257   -.0184544
         26  |   .0795005   .0339004     2.35   0.019      .013046     .145955
         27  |   .0717265   .0312209     2.30   0.022     .0105246    .1329284
         28  |   .0708425   .0308336     2.30   0.022     .0103998    .1312853
         29  |   .0572484    .030455     1.88   0.060    -.0024522     .116949
         30  |   .0681153   .0306073     2.23   0.026     .0081162    .1281144
         31  |   .0805216   .0308734     2.61   0.009     .0200008    .1410425
         32  |   .0836526   .0311059     2.69   0.007      .022676    .1446292
         33  |     .07653   .0316851     2.42   0.016     .0144181    .1386419
         34  |    .078397   .0329065     2.38   0.017     .0138908    .1429031
         35  |   .0899326   .0335977     2.68   0.007     .0240714    .1557938
         36  |   .0880232   .0349315     2.52   0.012     .0195474    .1564989
         37  |   .0873011   .0362152     2.41   0.016      .016309    .1582932
         38  |   .0878195   .0374407     2.35   0.019     .0144249    .1612141
         39  |   .0882831   .0387671     2.28   0.023     .0122885    .1642778
         40  |   .1178641   .0397856     2.96   0.003     .0398729    .1958553
         41  |   .1215433   .0411069     2.96   0.003     .0409619    .2021247
         42  |   .1291992   .0425113     3.04   0.002     .0458647    .2125336
         43  |   .1407241   .0439723     3.20   0.001     .0545258    .2269224
         44  |   .1471261   .0453981     3.24   0.001     .0581328    .2361194
         45  |   .1485116   .0469366     3.16   0.002     .0565025    .2405208
         46  |   .1571103   .0485061     3.24   0.001     .0620244    .2521963
         47  |   .1678691   .0495614     3.39   0.001     .0707144    .2650237
         48  |   .1582601   .0504222     3.14   0.002     .0594182    .2571021
         49  |  -.2052118   .0524708    -3.91   0.000    -.3080695    -.102354
         50  |  -.2598923   .0540977    -4.80   0.000    -.3659394   -.1538453
             |
     age_cat |
          1  |   .1294719   .0188107     6.88   0.000     .0925975    .1663464
          2  |   .1701754    .020129     8.45   0.000     .1307167    .2096342
          3  |   .1997825   .0212664     9.39   0.000     .1580942    .2414708
          4  |   .2316881   .0223698    10.36   0.000     .1878369    .2755393
          5  |   .2587637   .0235093    11.01   0.000     .2126787    .3048487
          6  |   .2700901    .024993    10.81   0.000     .2210967    .3190835
          7  |   .2841291   .0263883    10.77   0.000     .2324004    .3358578
          8  |   .2906012   .0278514    10.43   0.000     .2360044    .3451979
          9  |   .2934922   .0291526    10.07   0.000     .2363447    .3506397
         10  |   .2868591   .0306707     9.35   0.000     .2267356    .3469825
         11  |   .2883146   .0320455     9.00   0.000     .2254962    .3511329
         12  |   .2806997   .0335019     8.38   0.000     .2150264    .3463731
         13  |   .2810985   .0350674     8.02   0.000     .2123563    .3498406
         14  |   .2820335   .0366499     7.70   0.000     .2101891    .3538778
         15  |   .2925256   .0380158     7.69   0.000     .2180038    .3670475
         16  |   .2846948   .0394637     7.21   0.000     .2073345     .362055
         17  |   .2931519   .0409049     7.17   0.000     .2129666    .3733372
         18  |   .2879993   .0426943     6.75   0.000     .2043062    .3716924
         19  |    .272328   .0443325     6.14   0.000     .1854235    .3592325
         20  |   .2810926   .0470002     5.98   0.000     .1889586    .3732266
         25  |   .3099607   .0523288     5.92   0.000     .2073813    .4125402
         30  |   .2697547   .0675049     4.00   0.000     .1374257    .4020838
         40  |   .2632834    .073705     3.57   0.000     .1188004    .4077664
         50  |   .1819157   .0788944     2.31   0.021     .0272599    .3365715
             |
       _cons |   .3762771   .0275654    13.65   0.000      .322241    .4303133
-------------+----------------------------------------------------------------
     sigma_u |  .40261326
     sigma_e |  .31338514
         rho |  .62271477   (fraction of variance due to u_i)
------------------------------------------------------------------------------

. local r2_w = `e(r2_w)'

. do regram output/regression/exporter_heterogeneity 2 Continue R2_within "`r2_w'"
>  

. args tablefile specname speclabel

. 
. local fmt "%10.5f"

. 
. * create directory if needed
. * FIXME: this only works with relative paths
. local list_of_dirs = subinstr("`tablefile'/columns","/"," ",.)

. local sofar "."

. foreach word in `list_of_dirs' {
  2.         local sofar "`sofar'/`word'"
  3.         capture mkdir "`sofar'"
  4. }

. 
. macro shift

. macro shift

. macro shift

. 
. local _others ""

. local _state "key"

. while "`1'"!="" {
  2.         if ("`_state'"=="key") {
  3.                 di "key: `1'"
  4.                 local _key `1'
  5.                 local _state "value"
  6.                 local _others "`_others' `1'"
  7.         }
  8.         else {
  9.                 di "value: `1'"
 10.                 local `_key' "`1'"
 11.                 local _state "key"
 12.         }
 13.         macro shift
 14. }
key: R2_within
value: .0683810399285425

. 
. estimates

----------------------------------------------------------------------------------
active results
----------------------------------------------------------------------------------

Fixed-effects (within) regression               Number of obs     =    204,875
Group variable: firm_person                     Number of groups  =     23,873

R-sq:                                           Obs per group:
     within  = 0.0684                                         min =          1
     between = 0.0573                                         avg =        8.6
     overall = 0.0620                                         max =         25

                                                F(78,7341)        =      22.53
corr(u_i, Xb)  = 0.0944                         Prob > F          =     0.0000

                                 (Std. Err. adjusted for 7,342 clusters in id)
------------------------------------------------------------------------------
             |               Robust
    exporter |      Coef.   Std. Err.      t    P>|t|     [95% Conf. Interval]
-------------+----------------------------------------------------------------
      during |  -.0687454   .0051918   -13.24   0.000    -.0789228    -.058568
       after |  -.1036549   .0088594   -11.70   0.000    -.1210219    -.086288
during_expat |    .064875   .0140715     4.61   0.000     .0372908    .0924592
 after_expat |   .0865784   .0193982     4.46   0.000     .0485523    .1246044
     foreign |  -.0133277    .015745    -0.85   0.397    -.0441923     .017537
             |
    ind_year |
          2  |  -.0186961   .0147792    -1.27   0.206    -.0476676    .0102754
          3  |  -.0386879   .0185176    -2.09   0.037    -.0749877    -.002388
          4  |  -.0561378   .0202134    -2.78   0.005    -.0957618   -.0165138
          5  |  -.0394632   .0223421    -1.77   0.077    -.0832602    .0043338
          6  |   -.050697   .0242568    -2.09   0.037    -.0982474   -.0031466
          7  |  -.0498023   .0258427    -1.93   0.054    -.1004615    .0008569
          8  |  -.0548563   .0274048    -2.00   0.045    -.1085777   -.0011349
          9  |  -.0571829   .0289131    -1.98   0.048    -.1138609    -.000505
         10  |  -.0241389   .0303306    -0.80   0.426    -.0835955    .0353178
         11  |  -.0320694   .0318665    -1.01   0.314    -.0945369    .0303982
         12  |  -.0147921   .0334356    -0.44   0.658    -.0803354    .0507512
         13  |  -.0014064   .0350735    -0.04   0.968    -.0701605    .0673477
         14  |   .0047476   .0364716     0.13   0.896    -.0667474    .0762425
         15  |   .0227477   .0376439     0.60   0.546    -.0510452    .0965406
         16  |   .0292031   .0389152     0.75   0.453    -.0470819    .1054882
         17  |   .0661841   .0404129     1.64   0.102    -.0130369    .1454051
         18  |   .0759702   .0419991     1.81   0.071      -.00636    .1583004
         19  |   .0773807    .043259     1.79   0.074    -.0074194    .1621808
         20  |   .0926259   .0445807     2.08   0.038     .0052348    .1800169
         21  |   .0767147   .0457828     1.68   0.094    -.0130328    .1664622
         22  |   .0950443   .0468141     2.03   0.042     .0032753    .1868133
         23  |   .0810289   .0478442     1.69   0.090    -.0127596    .1748174
         24  |  -.0592818   .0489717    -1.21   0.226    -.1552802    .0367167
         25  |  -.1174901    .050521    -2.33   0.020    -.2165257   -.0184544
         26  |   .0795005   .0339004     2.35   0.019      .013046     .145955
         27  |   .0717265   .0312209     2.30   0.022     .0105246    .1329284
         28  |   .0708425   .0308336     2.30   0.022     .0103998    .1312853
         29  |   .0572484    .030455     1.88   0.060    -.0024522     .116949
         30  |   .0681153   .0306073     2.23   0.026     .0081162    .1281144
         31  |   .0805216   .0308734     2.61   0.009     .0200008    .1410425
         32  |   .0836526   .0311059     2.69   0.007      .022676    .1446292
         33  |     .07653   .0316851     2.42   0.016     .0144181    .1386419
         34  |    .078397   .0329065     2.38   0.017     .0138908    .1429031
         35  |   .0899326   .0335977     2.68   0.007     .0240714    .1557938
         36  |   .0880232   .0349315     2.52   0.012     .0195474    .1564989
         37  |   .0873011   .0362152     2.41   0.016      .016309    .1582932
         38  |   .0878195   .0374407     2.35   0.019     .0144249    .1612141
         39  |   .0882831   .0387671     2.28   0.023     .0122885    .1642778
         40  |   .1178641   .0397856     2.96   0.003     .0398729    .1958553
         41  |   .1215433   .0411069     2.96   0.003     .0409619    .2021247
         42  |   .1291992   .0425113     3.04   0.002     .0458647    .2125336
         43  |   .1407241   .0439723     3.20   0.001     .0545258    .2269224
         44  |   .1471261   .0453981     3.24   0.001     .0581328    .2361194
         45  |   .1485116   .0469366     3.16   0.002     .0565025    .2405208
         46  |   .1571103   .0485061     3.24   0.001     .0620244    .2521963
         47  |   .1678691   .0495614     3.39   0.001     .0707144    .2650237
         48  |   .1582601   .0504222     3.14   0.002     .0594182    .2571021
         49  |  -.2052118   .0524708    -3.91   0.000    -.3080695    -.102354
         50  |  -.2598923   .0540977    -4.80   0.000    -.3659394   -.1538453
             |
     age_cat |
          1  |   .1294719   .0188107     6.88   0.000     .0925975    .1663464
          2  |   .1701754    .020129     8.45   0.000     .1307167    .2096342
          3  |   .1997825   .0212664     9.39   0.000     .1580942    .2414708
          4  |   .2316881   .0223698    10.36   0.000     .1878369    .2755393
          5  |   .2587637   .0235093    11.01   0.000     .2126787    .3048487
          6  |   .2700901    .024993    10.81   0.000     .2210967    .3190835
          7  |   .2841291   .0263883    10.77   0.000     .2324004    .3358578
          8  |   .2906012   .0278514    10.43   0.000     .2360044    .3451979
          9  |   .2934922   .0291526    10.07   0.000     .2363447    .3506397
         10  |   .2868591   .0306707     9.35   0.000     .2267356    .3469825
         11  |   .2883146   .0320455     9.00   0.000     .2254962    .3511329
         12  |   .2806997   .0335019     8.38   0.000     .2150264    .3463731
         13  |   .2810985   .0350674     8.02   0.000     .2123563    .3498406
         14  |   .2820335   .0366499     7.70   0.000     .2101891    .3538778
         15  |   .2925256   .0380158     7.69   0.000     .2180038    .3670475
         16  |   .2846948   .0394637     7.21   0.000     .2073345     .362055
         17  |   .2931519   .0409049     7.17   0.000     .2129666    .3733372
         18  |   .2879993   .0426943     6.75   0.000     .2043062    .3716924
         19  |    .272328   .0443325     6.14   0.000     .1854235    .3592325
         20  |   .2810926   .0470002     5.98   0.000     .1889586    .3732266
         25  |   .3099607   .0523288     5.92   0.000     .2073813    .4125402
         30  |   .2697547   .0675049     4.00   0.000     .1374257    .4020838
         40  |   .2632834    .073705     3.57   0.000     .1188004    .4077664
         50  |   .1819157   .0788944     2.31   0.021     .0272599    .3365715
             |
       _cons |   .3762771   .0275654    13.65   0.000      .322241    .4303133
-------------+----------------------------------------------------------------
     sigma_u |  .40261326
     sigma_e |  .31338514
         rho |  .62271477   (fraction of variance due to u_i)
------------------------------------------------------------------------------

. tempname output coefs stats variables b se

. matrix `coefs' = r(table)

. local observations `e(N)'

. local R2 `e(r2)'

. 
. local `stats' : rownames(`coefs')

. local `variables' : colnames(`coefs')

. 
. 
. file open `output' using "`tablefile'/columns/`specname'.yaml", write text repla
> ce

. 
. file write `output' "id: " "`specname'" _newline

. file write `output' "label: " "`speclabel'" _newline

. 
. file write `output' "coefficients:" _newline

. foreach X in ``variables'' {
  2.         scalar `b' = `coefs'[rownumb(`coefs',"b"),colnumb(`coefs',"`X'")]
  3.         scalar `se' = `coefs'[rownumb(`coefs',"se"),colnumb(`coefs',"`X'")]
  4.         file write `output' (" - id: `X'") _newline
  5.         file write `output' ("   estimate: " + string(`b', "`fmt'")) _newline
  6.         file write `output' ("   standard_error: " + string(`se', "`fmt'")) _
> newline
  7.         file write `output' ("   t_statistic: " + string(`b'/`se', "`fmt'")) 
> _newline
  8.         file write `output' ("   p_value: " + string(`coefs'[rownumb(`coefs',
> "pvalue"),colnumb(`coefs',"`X'")]), "`fmt'") _newline
  9. }

. file write `output' "extra_rows:" _newline

. foreach X in R2 observations `_others'{
  2.         if ("``X''"!="") {
  3.                 file write `output' (" - id: `X'") _newline
  4.                 file write `output' ("   value: ``X''") _newline
  5.         }
  6. }

. 
. file close `output'

. 
end of do-file

. 
. xtreg exporter during after during_expat after_expat $controls if $sample_acquis
> itions & H_exporter==0 & lag_expat==0 [aw=inverse_weight], i(firm_person ) fe vc
> e(cluster id)

Fixed-effects (within) regression               Number of obs      =    128152
Group variable: firm_person                     Number of groups   =     13279

R-sq:  within  = 0.0525                         Obs per group: min =         1
       between = 0.0384                                        avg =       9.7
       overall = 0.0410                                        max =        25

                                                F(78,5855)         =     13.21
corr(u_i, Xb)  = -0.0459                        Prob > F           =    0.0000

                                 (Std. Err. adjusted for 5,856 clusters in id)
------------------------------------------------------------------------------
             |               Robust
    exporter |      Coef.   Std. Err.      t    P>|t|     [95% Conf. Interval]
-------------+----------------------------------------------------------------
      during |    .010869   .0044699     2.43   0.015     .0021064    .0196317
       after |   .0053599   .0074815     0.72   0.474    -.0093066    .0200263
during_expat |   .1414279   .0344392     4.11   0.000     .0739143    .2089414
 after_expat |   .1310473   .0466032     2.81   0.005     .0396879    .2224067
     foreign |   .0185325   .0175151     1.06   0.290    -.0158036    .0528685
             |
    ind_year |
          2  |  -.0048881   .0181681    -0.27   0.788    -.0405042     .030728
          3  |   -.046647   .0184304    -2.53   0.011    -.0827775   -.0105166
          4  |  -.0385895   .0206132    -1.87   0.061    -.0789989    .0018199
          5  |  -.0361265   .0214521    -1.68   0.092    -.0781805    .0059275
          6  |  -.0516764   .0226749    -2.28   0.023    -.0961276   -.0072252
          7  |  -.0564674   .0238492    -2.37   0.018    -.1032207   -.0097141
          8  |  -.0671765   .0254163    -2.64   0.008    -.1170019   -.0173512
          9  |  -.0612514   .0274951    -2.23   0.026    -.1151519   -.0073509
         10  |  -.0730094   .0288814    -2.53   0.012    -.1296275   -.0163912
         11  |  -.0733776   .0306355    -2.40   0.017    -.1334344   -.0133208
         12  |  -.0803353   .0324069    -2.48   0.013    -.1438649   -.0168058
         13  |  -.0719239    .034139    -2.11   0.035     -.138849   -.0049987
         14  |  -.0656057   .0359279    -1.83   0.068    -.1360376    .0048262
         15  |  -.0620591    .037855    -1.64   0.101    -.1362689    .0121506
         16  |  -.0310269   .0397649    -0.78   0.435    -.1089808     .046927
         17  |  -.0117778   .0418882    -0.28   0.779    -.0938942    .0703386
         18  |  -.0032653   .0437646    -0.07   0.941    -.0890602    .0825295
         19  |  -.0015948   .0457154    -0.03   0.972    -.0912138    .0880242
         20  |   .0008883   .0473392     0.02   0.985     -.091914    .0936905
         21  |    .001368   .0491655     0.03   0.978    -.0950146    .0977506
         22  |    .008308   .0506126     0.16   0.870    -.0909113    .1075274
         23  |   .0019872   .0521054     0.04   0.970    -.1001587     .104133
         24  |  -.0673344    .053782    -1.25   0.211    -.1727669    .0380982
         25  |  -.1003409   .0557766    -1.80   0.072    -.2096836    .0090018
         26  |  -.0195002   .0416941    -0.47   0.640     -.101236    .0622355
         27  |  -.0570177   .0340721    -1.67   0.094    -.1238116    .0097761
         28  |  -.0552271   .0328838    -1.68   0.093    -.1196915    .0092373
         29  |  -.0292951   .0320088    -0.92   0.360    -.0920442     .033454
         30  |  -.0329958   .0306755    -1.08   0.282     -.093131    .0271395
         31  |  -.0573075   .0306935    -1.87   0.062    -.1174781     .002863
         32  |  -.0317697   .0314612    -1.01   0.313    -.0934452    .0299058
         33  |  -.0271161   .0315285    -0.86   0.390    -.0889236    .0346913
         34  |  -.0357808   .0326907    -1.09   0.274    -.0998666     .028305
         35  |  -.0252405   .0337509    -0.75   0.455    -.0914047    .0409237
         36  |    -.01454   .0350868    -0.41   0.679    -.0833231     .054243
         37  |   -.034466    .036305    -0.95   0.342    -.1056372    .0367051
         38  |  -.0195585   .0379104    -0.52   0.606    -.0938769    .0547599
         39  |  -.0070599   .0398899    -0.18   0.860    -.0852589    .0711391
         40  |  -.0020326   .0415765    -0.05   0.961    -.0835379    .0794727
         41  |   .0304702    .043459     0.70   0.483    -.0547256    .1156659
         42  |   .0551028   .0451682     1.22   0.223    -.0334437    .1436492
         43  |   .0560052   .0470381     1.19   0.234    -.0362068    .1482172
         44  |   .0846236   .0489541     1.73   0.084    -.0113446    .1805918
         45  |    .105228   .0509043     2.07   0.039     .0054367    .2050194
         46  |   .1066848   .0529034     2.02   0.044     .0029747     .210395
         47  |   .1231445   .0544607     2.26   0.024     .0163815    .2299075
         48  |    .110068   .0555183     1.98   0.047     .0012317    .2189043
         49  |  -.0691943   .0569419    -1.22   0.224    -.1808214    .0424328
         50  |  -.1174912   .0588282    -2.00   0.046    -.2328161   -.0021663
             |
     age_cat |
          1  |   .0495061   .0102295     4.84   0.000     .0294525    .0695597
          2  |   .0691557   .0113777     6.08   0.000     .0468512    .0914601
          3  |   .0831615   .0127038     6.55   0.000     .0582574    .1080656
          4  |     .11084   .0143866     7.70   0.000     .0826369    .1390431
          5  |   .1233098    .016118     7.65   0.000     .0917126    .1549069
          6  |   .1388909    .017952     7.74   0.000     .1036982    .1740835
          7  |   .1417933   .0198667     7.14   0.000     .1028472    .1807394
          8  |   .1564941   .0218602     7.16   0.000     .1136401    .1993481
          9  |   .1667655   .0240132     6.94   0.000     .1196907    .2138403
         10  |   .1721667   .0260582     6.61   0.000     .1210831    .2232504
         11  |   .1874701   .0281332     6.66   0.000     .1323186    .2426216
         12  |   .1964878   .0300928     6.53   0.000     .1374949    .2554808
         13  |   .1972291    .032321     6.10   0.000     .1338679    .2605902
         14  |   .2007608   .0343756     5.84   0.000      .133372    .2681496
         15  |   .2056804   .0364872     5.64   0.000      .134152    .2772087
         16  |    .220493   .0386174     5.71   0.000     .1447887    .2961973
         17  |   .2191289   .0408616     5.36   0.000     .1390251    .2992327
         18  |   .2246348   .0430405     5.22   0.000     .1402595      .30901
         19  |   .2293254   .0456147     5.03   0.000     .1399036    .3187471
         20  |   .2323379   .0483705     4.80   0.000     .1375137     .327162
         25  |   .2356291   .0547557     4.30   0.000     .1282877    .3429706
         30  |    .353866     .09553     3.70   0.000      .166592    .5411401
         40  |   .2862552   .1125368     2.54   0.011     .0656414    .5068689
         50  |    .258214   .1234959     2.09   0.037     .0161164    .5003116
             |
       _cons |   .0122074   .0222858     0.55   0.584     -.031481    .0558958
-------------+----------------------------------------------------------------
     sigma_u |  .25935712
     sigma_e |  .27454097
         rho |  .47158338   (fraction of variance due to u_i)
------------------------------------------------------------------------------

. local r2_w = `e(r2_w)'

. do regram output/regression/exporter_heterogeneity 3 Domestic R2_within "`r2_w'"
>  

. args tablefile specname speclabel

. 
. local fmt "%10.5f"

. 
. * create directory if needed
. * FIXME: this only works with relative paths
. local list_of_dirs = subinstr("`tablefile'/columns","/"," ",.)

. local sofar "."

. foreach word in `list_of_dirs' {
  2.         local sofar "`sofar'/`word'"
  3.         capture mkdir "`sofar'"
  4. }

. 
. macro shift

. macro shift

. macro shift

. 
. local _others ""

. local _state "key"

. while "`1'"!="" {
  2.         if ("`_state'"=="key") {
  3.                 di "key: `1'"
  4.                 local _key `1'
  5.                 local _state "value"
  6.                 local _others "`_others' `1'"
  7.         }
  8.         else {
  9.                 di "value: `1'"
 10.                 local `_key' "`1'"
 11.                 local _state "key"
 12.         }
 13.         macro shift
 14. }
key: R2_within
value: .0524590841414365

. 
. estimates

----------------------------------------------------------------------------------
active results
----------------------------------------------------------------------------------

Fixed-effects (within) regression               Number of obs     =    128,152
Group variable: firm_person                     Number of groups  =     13,279

R-sq:                                           Obs per group:
     within  = 0.0525                                         min =          1
     between = 0.0384                                         avg =        9.7
     overall = 0.0410                                         max =         25

                                                F(78,5855)        =      13.21
corr(u_i, Xb)  = -0.0459                        Prob > F          =     0.0000

                                 (Std. Err. adjusted for 5,856 clusters in id)
------------------------------------------------------------------------------
             |               Robust
    exporter |      Coef.   Std. Err.      t    P>|t|     [95% Conf. Interval]
-------------+----------------------------------------------------------------
      during |    .010869   .0044699     2.43   0.015     .0021064    .0196317
       after |   .0053599   .0074815     0.72   0.474    -.0093066    .0200263
during_expat |   .1414279   .0344392     4.11   0.000     .0739143    .2089414
 after_expat |   .1310473   .0466032     2.81   0.005     .0396879    .2224067
     foreign |   .0185325   .0175151     1.06   0.290    -.0158036    .0528685
             |
    ind_year |
          2  |  -.0048881   .0181681    -0.27   0.788    -.0405042     .030728
          3  |   -.046647   .0184304    -2.53   0.011    -.0827775   -.0105166
          4  |  -.0385895   .0206132    -1.87   0.061    -.0789989    .0018199
          5  |  -.0361265   .0214521    -1.68   0.092    -.0781805    .0059275
          6  |  -.0516764   .0226749    -2.28   0.023    -.0961276   -.0072252
          7  |  -.0564674   .0238492    -2.37   0.018    -.1032207   -.0097141
          8  |  -.0671765   .0254163    -2.64   0.008    -.1170019   -.0173512
          9  |  -.0612514   .0274951    -2.23   0.026    -.1151519   -.0073509
         10  |  -.0730094   .0288814    -2.53   0.012    -.1296275   -.0163912
         11  |  -.0733776   .0306355    -2.40   0.017    -.1334344   -.0133208
         12  |  -.0803353   .0324069    -2.48   0.013    -.1438649   -.0168058
         13  |  -.0719239    .034139    -2.11   0.035     -.138849   -.0049987
         14  |  -.0656057   .0359279    -1.83   0.068    -.1360376    .0048262
         15  |  -.0620591    .037855    -1.64   0.101    -.1362689    .0121506
         16  |  -.0310269   .0397649    -0.78   0.435    -.1089808     .046927
         17  |  -.0117778   .0418882    -0.28   0.779    -.0938942    .0703386
         18  |  -.0032653   .0437646    -0.07   0.941    -.0890602    .0825295
         19  |  -.0015948   .0457154    -0.03   0.972    -.0912138    .0880242
         20  |   .0008883   .0473392     0.02   0.985     -.091914    .0936905
         21  |    .001368   .0491655     0.03   0.978    -.0950146    .0977506
         22  |    .008308   .0506126     0.16   0.870    -.0909113    .1075274
         23  |   .0019872   .0521054     0.04   0.970    -.1001587     .104133
         24  |  -.0673344    .053782    -1.25   0.211    -.1727669    .0380982
         25  |  -.1003409   .0557766    -1.80   0.072    -.2096836    .0090018
         26  |  -.0195002   .0416941    -0.47   0.640     -.101236    .0622355
         27  |  -.0570177   .0340721    -1.67   0.094    -.1238116    .0097761
         28  |  -.0552271   .0328838    -1.68   0.093    -.1196915    .0092373
         29  |  -.0292951   .0320088    -0.92   0.360    -.0920442     .033454
         30  |  -.0329958   .0306755    -1.08   0.282     -.093131    .0271395
         31  |  -.0573075   .0306935    -1.87   0.062    -.1174781     .002863
         32  |  -.0317697   .0314612    -1.01   0.313    -.0934452    .0299058
         33  |  -.0271161   .0315285    -0.86   0.390    -.0889236    .0346913
         34  |  -.0357808   .0326907    -1.09   0.274    -.0998666     .028305
         35  |  -.0252405   .0337509    -0.75   0.455    -.0914047    .0409237
         36  |    -.01454   .0350868    -0.41   0.679    -.0833231     .054243
         37  |   -.034466    .036305    -0.95   0.342    -.1056372    .0367051
         38  |  -.0195585   .0379104    -0.52   0.606    -.0938769    .0547599
         39  |  -.0070599   .0398899    -0.18   0.860    -.0852589    .0711391
         40  |  -.0020326   .0415765    -0.05   0.961    -.0835379    .0794727
         41  |   .0304702    .043459     0.70   0.483    -.0547256    .1156659
         42  |   .0551028   .0451682     1.22   0.223    -.0334437    .1436492
         43  |   .0560052   .0470381     1.19   0.234    -.0362068    .1482172
         44  |   .0846236   .0489541     1.73   0.084    -.0113446    .1805918
         45  |    .105228   .0509043     2.07   0.039     .0054367    .2050194
         46  |   .1066848   .0529034     2.02   0.044     .0029747     .210395
         47  |   .1231445   .0544607     2.26   0.024     .0163815    .2299075
         48  |    .110068   .0555183     1.98   0.047     .0012317    .2189043
         49  |  -.0691943   .0569419    -1.22   0.224    -.1808214    .0424328
         50  |  -.1174912   .0588282    -2.00   0.046    -.2328161   -.0021663
             |
     age_cat |
          1  |   .0495061   .0102295     4.84   0.000     .0294525    .0695597
          2  |   .0691557   .0113777     6.08   0.000     .0468512    .0914601
          3  |   .0831615   .0127038     6.55   0.000     .0582574    .1080656
          4  |     .11084   .0143866     7.70   0.000     .0826369    .1390431
          5  |   .1233098    .016118     7.65   0.000     .0917126    .1549069
          6  |   .1388909    .017952     7.74   0.000     .1036982    .1740835
          7  |   .1417933   .0198667     7.14   0.000     .1028472    .1807394
          8  |   .1564941   .0218602     7.16   0.000     .1136401    .1993481
          9  |   .1667655   .0240132     6.94   0.000     .1196907    .2138403
         10  |   .1721667   .0260582     6.61   0.000     .1210831    .2232504
         11  |   .1874701   .0281332     6.66   0.000     .1323186    .2426216
         12  |   .1964878   .0300928     6.53   0.000     .1374949    .2554808
         13  |   .1972291    .032321     6.10   0.000     .1338679    .2605902
         14  |   .2007608   .0343756     5.84   0.000      .133372    .2681496
         15  |   .2056804   .0364872     5.64   0.000      .134152    .2772087
         16  |    .220493   .0386174     5.71   0.000     .1447887    .2961973
         17  |   .2191289   .0408616     5.36   0.000     .1390251    .2992327
         18  |   .2246348   .0430405     5.22   0.000     .1402595      .30901
         19  |   .2293254   .0456147     5.03   0.000     .1399036    .3187471
         20  |   .2323379   .0483705     4.80   0.000     .1375137     .327162
         25  |   .2356291   .0547557     4.30   0.000     .1282877    .3429706
         30  |    .353866     .09553     3.70   0.000      .166592    .5411401
         40  |   .2862552   .1125368     2.54   0.011     .0656414    .5068689
         50  |    .258214   .1234959     2.09   0.037     .0161164    .5003116
             |
       _cons |   .0122074   .0222858     0.55   0.584     -.031481    .0558958
-------------+----------------------------------------------------------------
     sigma_u |  .25935712
     sigma_e |  .27454097
         rho |  .47158338   (fraction of variance due to u_i)
------------------------------------------------------------------------------

. tempname output coefs stats variables b se

. matrix `coefs' = r(table)

. local observations `e(N)'

. local R2 `e(r2)'

. 
. local `stats' : rownames(`coefs')

. local `variables' : colnames(`coefs')

. 
. 
. file open `output' using "`tablefile'/columns/`specname'.yaml", write text repla
> ce

. 
. file write `output' "id: " "`specname'" _newline

. file write `output' "label: " "`speclabel'" _newline

. 
. file write `output' "coefficients:" _newline

. foreach X in ``variables'' {
  2.         scalar `b' = `coefs'[rownumb(`coefs',"b"),colnumb(`coefs',"`X'")]
  3.         scalar `se' = `coefs'[rownumb(`coefs',"se"),colnumb(`coefs',"`X'")]
  4.         file write `output' (" - id: `X'") _newline
  5.         file write `output' ("   estimate: " + string(`b', "`fmt'")) _newline
  6.         file write `output' ("   standard_error: " + string(`se', "`fmt'")) _
> newline
  7.         file write `output' ("   t_statistic: " + string(`b'/`se', "`fmt'")) 
> _newline
  8.         file write `output' ("   p_value: " + string(`coefs'[rownumb(`coefs',
> "pvalue"),colnumb(`coefs',"`X'")]), "`fmt'") _newline
  9. }

. file write `output' "extra_rows:" _newline

. foreach X in R2 observations `_others'{
  2.         if ("``X''"!="") {
  3.                 file write `output' (" - id: `X'") _newline
  4.                 file write `output' ("   value: ``X''") _newline
  5.         }
  6. }

. 
. file close `output'

. 
end of do-file

. 
. xtreg exporter during after during_expat after_expat $controls if $sample_acquis
> itions & H_exporter==1 & lag_expat==1 [aw=inverse_weight], i(firm_person ) fe vc
> e(cluster id)
note: foreign omitted because of collinearity

Fixed-effects (within) regression               Number of obs      =      7485
Group variable: firm_person                     Number of groups   =       818

R-sq:  within  = 0.0346                         Obs per group: min =         1
       between = 0.0035                                        avg =       9.2
       overall = 0.0111                                        max =        25

                                                F(77,308)          =      1.84
corr(u_i, Xb)  = -0.1267                        Prob > F           =    0.0001

                                   (Std. Err. adjusted for 309 clusters in id)
------------------------------------------------------------------------------
             |               Robust
    exporter |      Coef.   Std. Err.      t    P>|t|     [95% Conf. Interval]
-------------+----------------------------------------------------------------
      during |  -.0120562   .0187405    -0.64   0.520    -.0489319    .0248195
       after |  -.0255103   .0299193    -0.85   0.395    -.0843823    .0333617
during_expat |   .0311072   .0223562     1.39   0.165     -.012883    .0750974
 after_expat |   .0673435   .0328279     2.05   0.041     .0027482    .1319389
     foreign |          0  (omitted)
             |
    ind_year |
          2  |  -.1449193    .107612    -1.35   0.179     -.356667    .0668284
          3  |  -.1311138   .0945036    -1.39   0.166    -.3170682    .0548406
          4  |  -.0949773   .0895138    -1.06   0.290    -.2711132    .0811586
          5  |  -.1943183   .0986121    -1.97   0.050    -.3883569   -.0002797
          6  |  -.2001887    .102486    -1.95   0.052      -.40185    .0014725
          7  |  -.1920016   .1063615    -1.81   0.072    -.4012888    .0172855
          8  |  -.2267461   .1150124    -1.97   0.050    -.4530554   -.0004367
          9  |  -.2673939   .1206513    -2.22   0.027     -.504799   -.0299889
         10  |  -.2387234   .1362201    -1.75   0.081    -.5067631    .0293163
         11  |  -.2894761   .1417994    -2.04   0.042    -.5684942   -.0104581
         12  |  -.2635458    .145735    -1.81   0.072    -.5503079    .0232163
         13  |  -.3067396   .1464748    -2.09   0.037    -.5949574   -.0185218
         14  |   -.265503    .149393    -1.78   0.077    -.5594629    .0284569
         15  |  -.2527919    .147525    -1.71   0.088    -.5430763    .0374926
         16  |  -.1845037   .1501595    -1.23   0.220     -.479972    .1109646
         17  |  -.1919431   .1586121    -1.21   0.227    -.5040434    .1201573
         18  |  -.2274398   .1633768    -1.39   0.165    -.5489158    .0940362
         19  |  -.2114846    .166579    -1.27   0.205    -.5392613    .1162922
         20  |  -.2020108   .1705719    -1.18   0.237    -.5376444    .1336228
         21  |  -.1940786   .1738872    -1.12   0.265    -.5362357    .1480784
         22  |  -.1625514   .1781592    -0.91   0.362    -.5131146    .1880118
         23  |  -.1877523   .1780698    -1.05   0.293    -.5381394    .1626349
         24  |  -.2492913   .1783253    -1.40   0.163    -.6001812    .1015987
         25  |  -.2733087   .1934448    -1.41   0.159    -.6539493    .1073319
         26  |   .0504944   .1417904     0.36   0.722    -.2285061    .3294949
         27  |  -.0308967   .1281592    -0.24   0.810    -.2830751    .2212817
         28  |  -.0668006   .1216805    -0.55   0.583    -.3062308    .1726296
         29  |   -.084941    .128456    -0.66   0.509    -.3377033    .1678214
         30  |  -.1286386   .1292568    -1.00   0.320    -.3829766    .1256995
         31  |  -.0749288   .1285846    -0.58   0.561    -.3279441    .1780865
         32  |  -.1450794   .1304473    -1.11   0.267      -.40176    .1116013
         33  |  -.1863208    .130969    -1.42   0.156    -.4440278    .0713863
         34  |  -.1696653    .133545    -1.27   0.205    -.4324413    .0931106
         35  |  -.1658118    .134441    -1.23   0.218    -.4303508    .0987273
         36  |  -.1806977   .1325725    -1.36   0.174    -.4415601    .0801646
         37  |  -.1887067   .1313656    -1.44   0.152    -.4471943    .0697808
         38  |  -.2033373   .1314715    -1.55   0.123    -.4620333    .0553587
         39  |  -.1724124   .1329892    -1.30   0.196    -.4340946    .0892699
         40  |  -.1884622   .1354366    -1.39   0.165    -.4549602    .0780358
         41  |  -.1914636   .1396912    -1.37   0.171    -.4663335    .0834063
         42  |  -.1859894   .1398576    -1.33   0.185    -.4611867    .0892078
         43  |  -.1895139   .1423863    -1.33   0.184    -.4696867     .090659
         44  |  -.2362396   .1501525    -1.57   0.117    -.5316942    .0592149
         45  |  -.2332261   .1516653    -1.54   0.125    -.5316574    .0652052
         46  |  -.2252878   .1536482    -1.47   0.144    -.5276208    .0770452
         47  |  -.1745435   .1606306    -1.09   0.278    -.4906156    .1415286
         48  |  -.1871853   .1651837    -1.13   0.258    -.5122166    .1378459
         49  |  -.2966061    .174385    -1.70   0.090    -.6397428    .0465306
         50  |  -.2928723   .1790156    -1.64   0.103    -.6451206    .0593759
             |
     age_cat |
          1  |  -.0022104   .0877485    -0.03   0.980    -.1748728    .1704519
          2  |  -.0149811   .1253637    -0.12   0.905    -.2616588    .2316966
          3  |  -.0084782   .1065114    -0.08   0.937    -.2180602    .2011038
          4  |   .0349335     .10868     0.32   0.748    -.1789156    .2487826
          5  |   .0561722   .1098208     0.51   0.609    -.1599218    .2722662
          6  |   .0090322   .1192161     0.08   0.940    -.2255488    .2436132
          7  |   .0482065   .1159393     0.42   0.678    -.1799267    .2763397
          8  |   .0434233    .116452     0.37   0.709    -.1857189    .2725655
          9  |    .019414   .1221751     0.16   0.874    -.2209894    .2598174
         10  |   .0454102   .1230829     0.37   0.712    -.1967796       .2876
         11  |   .0619357   .1233223     0.50   0.616     -.180725    .3045965
         12  |   .0612088   .1307102     0.47   0.640    -.1959892    .3184068
         13  |   .0912124   .1318908     0.69   0.490    -.1683086    .3507334
         14  |   .0719259   .1308923     0.55   0.583    -.1856304    .3294822
         15  |   .0515421   .1341296     0.38   0.701    -.2123842    .3154685
         16  |   .0861243   .1399477     0.62   0.539    -.1892503    .3614989
         17  |   .0654521   .1448442     0.45   0.652    -.2195573    .3504616
         18  |   .0389918    .150883     0.26   0.796       -.2579    .3358836
         19  |    .056914   .1563391     0.36   0.716    -.2507139    .3645418
         20  |   .0548871    .161912     0.34   0.735    -.2637066    .3734807
         25  |   .0854185   .1630391     0.52   0.601    -.2353929    .4062298
         30  |   .1412598   .1926638     0.73   0.464     -.237844    .5203636
         40  |    .290549   .2269174     1.28   0.201    -.1559554    .7370535
         50  |   .2961718   .2369983     1.25   0.212    -.1701688    .7625123
             |
       _cons |   .9604565   .1422097     6.75   0.000     .6806311    1.240282
-------------+----------------------------------------------------------------
     sigma_u |  .31647094
     sigma_e |  .23389859
         rho |  .64672801   (fraction of variance due to u_i)
------------------------------------------------------------------------------

. local r2_w = `e(r2_w)'

. do regram output/regression/exporter_heterogeneity 4 Global R2_within "`r2_w'" 

. args tablefile specname speclabel

. 
. local fmt "%10.5f"

. 
. * create directory if needed
. * FIXME: this only works with relative paths
. local list_of_dirs = subinstr("`tablefile'/columns","/"," ",.)

. local sofar "."

. foreach word in `list_of_dirs' {
  2.         local sofar "`sofar'/`word'"
  3.         capture mkdir "`sofar'"
  4. }

. 
. macro shift

. macro shift

. macro shift

. 
. local _others ""

. local _state "key"

. while "`1'"!="" {
  2.         if ("`_state'"=="key") {
  3.                 di "key: `1'"
  4.                 local _key `1'
  5.                 local _state "value"
  6.                 local _others "`_others' `1'"
  7.         }
  8.         else {
  9.                 di "value: `1'"
 10.                 local `_key' "`1'"
 11.                 local _state "key"
 12.         }
 13.         macro shift
 14. }
key: R2_within
value: .0346126595031577

. 
. estimates

----------------------------------------------------------------------------------
active results
----------------------------------------------------------------------------------

Fixed-effects (within) regression               Number of obs     =      7,485
Group variable: firm_person                     Number of groups  =        818

R-sq:                                           Obs per group:
     within  = 0.0346                                         min =          1
     between = 0.0035                                         avg =        9.2
     overall = 0.0111                                         max =         25

                                                F(77,308)         =       1.84
corr(u_i, Xb)  = -0.1267                        Prob > F          =     0.0001

                                   (Std. Err. adjusted for 309 clusters in id)
------------------------------------------------------------------------------
             |               Robust
    exporter |      Coef.   Std. Err.      t    P>|t|     [95% Conf. Interval]
-------------+----------------------------------------------------------------
      during |  -.0120562   .0187405    -0.64   0.520    -.0489319    .0248195
       after |  -.0255103   .0299193    -0.85   0.395    -.0843823    .0333617
during_expat |   .0311072   .0223562     1.39   0.165     -.012883    .0750974
 after_expat |   .0673435   .0328279     2.05   0.041     .0027482    .1319389
     foreign |          0  (omitted)
             |
    ind_year |
          2  |  -.1449193    .107612    -1.35   0.179     -.356667    .0668284
          3  |  -.1311138   .0945036    -1.39   0.166    -.3170682    .0548406
          4  |  -.0949773   .0895138    -1.06   0.290    -.2711132    .0811586
          5  |  -.1943183   .0986121    -1.97   0.050    -.3883569   -.0002797
          6  |  -.2001887    .102486    -1.95   0.052      -.40185    .0014725
          7  |  -.1920016   .1063615    -1.81   0.072    -.4012888    .0172855
          8  |  -.2267461   .1150124    -1.97   0.050    -.4530554   -.0004367
          9  |  -.2673939   .1206513    -2.22   0.027     -.504799   -.0299889
         10  |  -.2387234   .1362201    -1.75   0.081    -.5067631    .0293163
         11  |  -.2894761   .1417994    -2.04   0.042    -.5684942   -.0104581
         12  |  -.2635458    .145735    -1.81   0.072    -.5503079    .0232163
         13  |  -.3067396   .1464748    -2.09   0.037    -.5949574   -.0185218
         14  |   -.265503    .149393    -1.78   0.077    -.5594629    .0284569
         15  |  -.2527919    .147525    -1.71   0.088    -.5430763    .0374926
         16  |  -.1845037   .1501595    -1.23   0.220     -.479972    .1109646
         17  |  -.1919431   .1586121    -1.21   0.227    -.5040434    .1201573
         18  |  -.2274398   .1633768    -1.39   0.165    -.5489158    .0940362
         19  |  -.2114846    .166579    -1.27   0.205    -.5392613    .1162922
         20  |  -.2020108   .1705719    -1.18   0.237    -.5376444    .1336228
         21  |  -.1940786   .1738872    -1.12   0.265    -.5362357    .1480784
         22  |  -.1625514   .1781592    -0.91   0.362    -.5131146    .1880118
         23  |  -.1877523   .1780698    -1.05   0.293    -.5381394    .1626349
         24  |  -.2492913   .1783253    -1.40   0.163    -.6001812    .1015987
         25  |  -.2733087   .1934448    -1.41   0.159    -.6539493    .1073319
         26  |   .0504944   .1417904     0.36   0.722    -.2285061    .3294949
         27  |  -.0308967   .1281592    -0.24   0.810    -.2830751    .2212817
         28  |  -.0668006   .1216805    -0.55   0.583    -.3062308    .1726296
         29  |   -.084941    .128456    -0.66   0.509    -.3377033    .1678214
         30  |  -.1286386   .1292568    -1.00   0.320    -.3829766    .1256995
         31  |  -.0749288   .1285846    -0.58   0.561    -.3279441    .1780865
         32  |  -.1450794   .1304473    -1.11   0.267      -.40176    .1116013
         33  |  -.1863208    .130969    -1.42   0.156    -.4440278    .0713863
         34  |  -.1696653    .133545    -1.27   0.205    -.4324413    .0931106
         35  |  -.1658118    .134441    -1.23   0.218    -.4303508    .0987273
         36  |  -.1806977   .1325725    -1.36   0.174    -.4415601    .0801646
         37  |  -.1887067   .1313656    -1.44   0.152    -.4471943    .0697808
         38  |  -.2033373   .1314715    -1.55   0.123    -.4620333    .0553587
         39  |  -.1724124   .1329892    -1.30   0.196    -.4340946    .0892699
         40  |  -.1884622   .1354366    -1.39   0.165    -.4549602    .0780358
         41  |  -.1914636   .1396912    -1.37   0.171    -.4663335    .0834063
         42  |  -.1859894   .1398576    -1.33   0.185    -.4611867    .0892078
         43  |  -.1895139   .1423863    -1.33   0.184    -.4696867     .090659
         44  |  -.2362396   .1501525    -1.57   0.117    -.5316942    .0592149
         45  |  -.2332261   .1516653    -1.54   0.125    -.5316574    .0652052
         46  |  -.2252878   .1536482    -1.47   0.144    -.5276208    .0770452
         47  |  -.1745435   .1606306    -1.09   0.278    -.4906156    .1415286
         48  |  -.1871853   .1651837    -1.13   0.258    -.5122166    .1378459
         49  |  -.2966061    .174385    -1.70   0.090    -.6397428    .0465306
         50  |  -.2928723   .1790156    -1.64   0.103    -.6451206    .0593759
             |
     age_cat |
          1  |  -.0022104   .0877485    -0.03   0.980    -.1748728    .1704519
          2  |  -.0149811   .1253637    -0.12   0.905    -.2616588    .2316966
          3  |  -.0084782   .1065114    -0.08   0.937    -.2180602    .2011038
          4  |   .0349335     .10868     0.32   0.748    -.1789156    .2487826
          5  |   .0561722   .1098208     0.51   0.609    -.1599218    .2722662
          6  |   .0090322   .1192161     0.08   0.940    -.2255488    .2436132
          7  |   .0482065   .1159393     0.42   0.678    -.1799267    .2763397
          8  |   .0434233    .116452     0.37   0.709    -.1857189    .2725655
          9  |    .019414   .1221751     0.16   0.874    -.2209894    .2598174
         10  |   .0454102   .1230829     0.37   0.712    -.1967796       .2876
         11  |   .0619357   .1233223     0.50   0.616     -.180725    .3045965
         12  |   .0612088   .1307102     0.47   0.640    -.1959892    .3184068
         13  |   .0912124   .1318908     0.69   0.490    -.1683086    .3507334
         14  |   .0719259   .1308923     0.55   0.583    -.1856304    .3294822
         15  |   .0515421   .1341296     0.38   0.701    -.2123842    .3154685
         16  |   .0861243   .1399477     0.62   0.539    -.1892503    .3614989
         17  |   .0654521   .1448442     0.45   0.652    -.2195573    .3504616
         18  |   .0389918    .150883     0.26   0.796       -.2579    .3358836
         19  |    .056914   .1563391     0.36   0.716    -.2507139    .3645418
         20  |   .0548871    .161912     0.34   0.735    -.2637066    .3734807
         25  |   .0854185   .1630391     0.52   0.601    -.2353929    .4062298
         30  |   .1412598   .1926638     0.73   0.464     -.237844    .5203636
         40  |    .290549   .2269174     1.28   0.201    -.1559554    .7370535
         50  |   .2961718   .2369983     1.25   0.212    -.1701688    .7625123
             |
       _cons |   .9604565   .1422097     6.75   0.000     .6806311    1.240282
-------------+----------------------------------------------------------------
     sigma_u |  .31647094
     sigma_e |  .23389859
         rho |  .64672801   (fraction of variance due to u_i)
------------------------------------------------------------------------------

. tempname output coefs stats variables b se

. matrix `coefs' = r(table)

. local observations `e(N)'

. local R2 `e(r2)'

. 
. local `stats' : rownames(`coefs')

. local `variables' : colnames(`coefs')

. 
. 
. file open `output' using "`tablefile'/columns/`specname'.yaml", write text repla
> ce

. 
. file write `output' "id: " "`specname'" _newline

. file write `output' "label: " "`speclabel'" _newline

. 
. file write `output' "coefficients:" _newline

. foreach X in ``variables'' {
  2.         scalar `b' = `coefs'[rownumb(`coefs',"b"),colnumb(`coefs',"`X'")]
  3.         scalar `se' = `coefs'[rownumb(`coefs',"se"),colnumb(`coefs',"`X'")]
  4.         file write `output' (" - id: `X'") _newline
  5.         file write `output' ("   estimate: " + string(`b', "`fmt'")) _newline
  6.         file write `output' ("   standard_error: " + string(`se', "`fmt'")) _
> newline
  7.         file write `output' ("   t_statistic: " + string(`b'/`se', "`fmt'")) 
> _newline
  8.         file write `output' ("   p_value: " + string(`coefs'[rownumb(`coefs',
> "pvalue"),colnumb(`coefs',"`X'")]), "`fmt'") _newline
  9. }

. file write `output' "extra_rows:" _newline

. foreach X in R2 observations `_others'{
  2.         if ("``X''"!="") {
  3.                 file write `output' (" - id: `X'") _newline
  4.                 file write `output' ("   value: ``X''") _newline
  5.         }
  6. }

. 
. file close `output'

. 
end of do-file

. 
end of do-file

. 
. log close
      name:  <unnamed>
       log:  /Users/koren/Google Drive/Research/expat/research_design/talk/output/
> estimate_heterogeneity.log
  log type:  text
 closed on:  12 Jan 2019, 12:47:05
----------------------------------------------------------------------------------
