-------------------------------------------------------------------------------
      name:  <unnamed>
       log:  /Users/koren/Google Drive/Research/expat/output/estimate_heterogen
> eity.log
  log type:  text
 opened on:   1 May 2020, 18:16:28

. 
. 
. use temp/analysis_sample

. 
. *Dinamika
. scalar Tbefore = 4

. scalar Tduring = 6

. scalar Tafter = 4

. 
. gen byte analysis_window = (tenure>=-Tbefore-1)&(year-first_exit_year<=Tafter
> )
first_exit_year not found
r(111);

end of do-file
r(111);
